Component: ARM Compiler 5.06 update 7 (build 960) Tool: armlink [4d3601]

==============================================================================

Section Cross References

    startup_stm32f103xb.o(STACK) refers (Special) to heapauxi.o(.text) for __use_two_region_memory
    startup_stm32f103xb.o(HEAP) refers (Special) to heapauxi.o(.text) for __use_two_region_memory
    startup_stm32f103xb.o(RESET) refers (Special) to heapauxi.o(.text) for __use_two_region_memory
    startup_stm32f103xb.o(RESET) refers to startup_stm32f103xb.o(STACK) for __initial_sp
    startup_stm32f103xb.o(RESET) refers to startup_stm32f103xb.o(.text) for Reset_Handler
    startup_stm32f103xb.o(RESET) refers to stm32f1xx_it.o(i.NMI_Handler) for NMI_Handler
    startup_stm32f103xb.o(RESET) refers to stm32f1xx_it.o(i.HardFault_Handler) for HardFault_Handler
    startup_stm32f103xb.o(RESET) refers to stm32f1xx_it.o(i.MemManage_Handler) for MemManage_Handler
    startup_stm32f103xb.o(RESET) refers to stm32f1xx_it.o(i.BusFault_Handler) for BusFault_Handler
    startup_stm32f103xb.o(RESET) refers to stm32f1xx_it.o(i.UsageFault_Handler) for UsageFault_Handler
    startup_stm32f103xb.o(RESET) refers to port.o(.emb_text) for SVC_Handler
    startup_stm32f103xb.o(RESET) refers to stm32f1xx_it.o(i.DebugMon_Handler) for DebugMon_Handler
    startup_stm32f103xb.o(RESET) refers to cmsis_os2.o(i.SysTick_Handler) for SysTick_Handler
    startup_stm32f103xb.o(RESET) refers to stm32f1xx_it.o(i.TIM3_IRQHandler) for TIM3_IRQHandler
    startup_stm32f103xb.o(RESET) refers to stm32f1xx_it.o(i.USART1_IRQHandler) for USART1_IRQHandler
    startup_stm32f103xb.o(RESET) refers to stm32f1xx_it.o(i.USART2_IRQHandler) for USART2_IRQHandler
    startup_stm32f103xb.o(.text) refers (Special) to heapauxi.o(.text) for __use_two_region_memory
    startup_stm32f103xb.o(.text) refers to system_stm32f1xx.o(i.SystemInit) for SystemInit
    startup_stm32f103xb.o(.text) refers to __main.o(!!!main) for __main
    startup_stm32f103xb.o(.text) refers to startup_stm32f103xb.o(HEAP) for Heap_Mem
    startup_stm32f103xb.o(.text) refers to startup_stm32f103xb.o(STACK) for Stack_Mem
    main.o(i.HAL_TIM_PeriodElapsedCallback) refers to stm32f1xx_hal.o(i.HAL_IncTick) for HAL_IncTick
    main.o(i.SystemClock_Config) refers to rt_memclr_w.o(.text) for __aeabi_memclr4
    main.o(i.SystemClock_Config) refers to stm32f1xx_hal_rcc.o(i.HAL_RCC_OscConfig) for HAL_RCC_OscConfig
    main.o(i.SystemClock_Config) refers to stm32f1xx_hal_rcc.o(i.HAL_RCC_ClockConfig) for HAL_RCC_ClockConfig
    main.o(i.main) refers to stm32f1xx_hal.o(i.HAL_Init) for HAL_Init
    main.o(i.main) refers to main.o(i.SystemClock_Config) for SystemClock_Config
    main.o(i.main) refers to gpio.o(i.MX_GPIO_Init) for MX_GPIO_Init
    main.o(i.main) refers to i2c.o(i.MX_I2C2_Init) for MX_I2C2_Init
    main.o(i.main) refers to tim.o(i.MX_TIM1_Init) for MX_TIM1_Init
    main.o(i.main) refers to tim.o(i.MX_TIM2_Init) for MX_TIM2_Init
    main.o(i.main) refers to tim.o(i.MX_TIM4_Init) for MX_TIM4_Init
    main.o(i.main) refers to usart.o(i.MX_USART1_UART_Init) for MX_USART1_UART_Init
    main.o(i.main) refers to usart.o(i.MX_USART2_UART_Init) for MX_USART2_UART_Init
    main.o(i.main) refers to robot_app.o(i.RobotApp_BoardInit) for RobotApp_BoardInit
    main.o(i.main) refers to cmsis_os2.o(i.osKernelInitialize) for osKernelInitialize
    main.o(i.main) refers to freertos.o(i.MX_FREERTOS_Init) for MX_FREERTOS_Init
    main.o(i.main) refers to cmsis_os2.o(i.osKernelStart) for osKernelStart
    gpio.o(i.MX_GPIO_Init) refers to stm32f1xx_hal_gpio.o(i.HAL_GPIO_WritePin) for HAL_GPIO_WritePin
    gpio.o(i.MX_GPIO_Init) refers to stm32f1xx_hal_gpio.o(i.HAL_GPIO_Init) for HAL_GPIO_Init
    freertos.o(i.MX_FREERTOS_Init) refers to cmsis_os2.o(i.osThreadNew) for osThreadNew
    freertos.o(i.MX_FREERTOS_Init) refers to robot_app.o(i.RobotApp_CreateTasks) for RobotApp_CreateTasks
    freertos.o(i.MX_FREERTOS_Init) refers to freertos.o(.constdata) for .constdata
    freertos.o(i.MX_FREERTOS_Init) refers to freertos.o(i.StartDefaultTask) for StartDefaultTask
    freertos.o(i.MX_FREERTOS_Init) refers to freertos.o(.data) for .data
    freertos.o(i.MX_FREERTOS_Init) refers to freertos.o(i.StartTask_Led) for StartTask_Led
    freertos.o(i.StartDefaultTask) refers to robot_app.o(i.RobotApp_DefaultTask) for RobotApp_DefaultTask
    freertos.o(i.StartTask_Led) refers to robot_app.o(i.RobotApp_StatusLedTask) for RobotApp_StatusLedTask
    freertos.o(.constdata) refers to freertos.o(.conststring) for .conststring
    i2c.o(i.HAL_I2C_MspDeInit) refers to stm32f1xx_hal_gpio.o(i.HAL_GPIO_DeInit) for HAL_GPIO_DeInit
    i2c.o(i.HAL_I2C_MspInit) refers to stm32f1xx_hal_gpio.o(i.HAL_GPIO_Init) for HAL_GPIO_Init
    i2c.o(i.MX_I2C2_Init) refers to stm32f1xx_hal_i2c.o(i.HAL_I2C_Init) for HAL_I2C_Init
    i2c.o(i.MX_I2C2_Init) refers to main.o(i.Error_Handler) for Error_Handler
    i2c.o(i.MX_I2C2_Init) refers to i2c.o(.bss) for .bss
[...]
    s_telemetry_attr                         0x08005fdc   Data          36  robot_app.o(.constdata)
    s_ctx_mutex_attr                         0x08006000   Data          16  robot_app.o(.constdata)
    .constdata                               0x08006010   Section       18  stm32f1xx_hal_rcc.o(.constdata)
    aPredivFactorTable                       0x08006010   Data           2  stm32f1xx_hal_rcc.o(.constdata)
    aPLLMULFactorTable                       0x08006012   Data          16  stm32f1xx_hal_rcc.o(.constdata)
    .constdata                               0x08006022   Section       16  system_stm32f1xx.o(.constdata)
    .constdata                               0x08006032   Section        8  system_stm32f1xx.o(.constdata)
    .conststring                             0x0800603c   Section       24  freertos.o(.conststring)
    .conststring                             0x08006054   Section       49  robot_app.o(.conststring)
    .data                                    0x20000000   Section        8  freertos.o(.data)
    .data                                    0x20000008   Section        4  robot_app.o(.data)
    s_ctx_mutex                              0x20000008   Data           4  robot_app.o(.data)
    .data                                    0x2000000c   Section       16  robot_comm.o(.data)
    s_parser_state                           0x2000000c   Data           1  robot_comm.o(.data)
    s_rx_byte                                0x2000000d   Data           1  robot_comm.o(.data)
    s_parser_index                           0x2000000e   Data           1  robot_comm.o(.data)
    s_crc_lo                                 0x2000000f   Data           1  robot_comm.o(.data)
    s_rx_head                                0x20000010   Data           2  robot_comm.o(.data)
    s_rx_tail                                0x20000012   Data           2  robot_comm.o(.data)
    s_rx_overflow                            0x20000014   Data           4  robot_comm.o(.data)
    s_frame_handler                          0x20000018   Data           4  robot_comm.o(.data)
    .data                                    0x2000001c   Section        4  robot_encoder.o(.data)
    s_last_a                                 0x2000001c   Data           2  robot_encoder.o(.data)
    s_last_b                                 0x2000001e   Data           2  robot_encoder.o(.data)
    .data                                    0x20000020   Section        4  robot_motor.o(.data)
    s_motor_a                                0x20000020   Data           2  robot_motor.o(.data)
    s_motor_b                                0x20000022   Data           2  robot_motor.o(.data)
    .data                                    0x20000024   Section       16  robot_sensors.o(.data)
    s_ds_pending                             0x20000024   Data           1  robot_sensors.o(.data)
    s_last_fast_ms                           0x20000028   Data           4  robot_sensors.o(.data)
    s_last_env_ms                            0x2000002c   Data           4  robot_sensors.o(.data)
    s_last_ds_start_ms                       0x20000030   Data           4  robot_sensors.o(.data)
    .data                                    0x20000034   Section       12  stm32f1xx_hal.o(.data)
    .data                                    0x20000040   Section        4  system_stm32f1xx.o(.data)
    .data                                    0x20000044   Section       60  tasks.o(.data)
    uxDeletedTasksWaitingCleanUp             0x20000048   Data           4  tasks.o(.data)
    uxCurrentNumberOfTasks                   0x2000004c   Data           4  tasks.o(.data)
    xTickCount                               0x20000050   Data           4  tasks.o(.data)
    uxTopReadyPriority                       0x20000054   Data           4  tasks.o(.data)
    xSchedulerRunning                        0x20000058   Data           4  tasks.o(.data)
    xPendedTicks                             0x2000005c   Data           4  tasks.o(.data)
    xYieldPending                            0x20000060   Data           4  tasks.o(.data)
    xNumOfOverflows                          0x20000064   Data           4  tasks.o(.data)
    uxTaskNumber                             0x20000068   Data           4  tasks.o(.data)
    xNextTaskUnblockTime                     0x2000006c   Data           4  tasks.o(.data)
    xIdleTaskHandle                          0x20000070   Data           4  tasks.o(.data)
    uxSchedulerSuspended                     0x20000074   Data           4  tasks.o(.data)
    pxDelayedTaskList                        0x20000078   Data           4  tasks.o(.data)
    pxOverflowDelayedTaskList                0x2000007c   Data           4  tasks.o(.data)
    .data                                    0x20000080   Section       20  timers.o(.data)
    xTimerQueue                              0x20000080   Data           4  timers.o(.data)
    xTimerTaskHandle                         0x20000084   Data           4  timers.o(.data)
    xLastTime                                0x20000088   Data           4  timers.o(.data)
    pxCurrentTimerList                       0x2000008c   Data           4  timers.o(.data)
    pxOverflowTimerList                      0x20000090   Data           4  timers.o(.data)
    .data                                    0x20000094   Section        4  cmsis_os2.o(.data)
    KernelState                              0x20000094   Data           4  cmsis_os2.o(.data)
    .data                                    0x20000098   Section       32  heap_4.o(.data)
    pxEnd                                    0x20000098   Data           4  heap_4.o(.data)
    xFreeBytesRemaining                      0x2000009c   Data           4  heap_4.o(.data)
    xMinimumEverFreeBytesRemaining           0x200000a0   Data           4  heap_4.o(.data)
    xNumberOfSuccessfulAllocations           0x200000a4   Data           4  heap_4.o(.data)
    xNumberOfSuccessfulFrees                 0x200000a8   Data           4  heap_4.o(.data)
    xBlockAllocatedBit                       0x200000ac   Data           4  heap_4.o(.data)
    xStart                                   0x200000b0   Data           8  heap_4.o(.data)
    .data                                    0x200000b8   Section       12  port.o(.data)
    ucMaxSysCallPriority                     0x200000b8   Data           1  port.o(.data)
    uxCriticalNesting                        0x200000bc   Data           4  port.o(.data)
    ulMaxPRIGROUPValue                       0x200000c0   Data           4  port.o(.data)
    .bss                                     0x200000c4   Section       84  i2c.o(.bss)
    .bss                                     0x20000118   Section      216  tim.o(.bss)
    .bss                                     0x200001f0   Section      144  usart.o(.bss)
    .bss                                     0x20000280   Section       84  robot_app.o(.bss)
    s_ctx                                    0x20000280   Data          84  robot_app.o(.bss)
    .bss                                     0x200002d4   Section      195  robot_comm.o(.bss)
    s_rx_ring                                0x200002d4   Data         128  robot_comm.o(.bss)
    s_parser_frame                           0x20000354   Data          67  robot_comm.o(.bss)
    .bss                                     0x20000398   Section       16  robot_encoder.o(.bss)
    s_data                                   0x20000398   Data          16  robot_encoder.o(.bss)
    .bss                                     0x200003a8   Section       24  robot_sensors.o(.bss)
    s_data                                   0x200003a8   Data          24  robot_sensors.o(.bss)
    .bss                                     0x200003c0   Section       72  stm32f1xx_hal_timebase_tim.o(.bss)
    .bss                                     0x20000408   Section       64  queue.o(.bss)
    .bss                                     0x20000448   Section     1220  tasks.o(.bss)
    pxReadyTasksLists                        0x20000448   Data        1120  tasks.o(.bss)
    xDelayedTaskList1                        0x200008a8   Data          20  tasks.o(.bss)
    xDelayedTaskList2                        0x200008bc   Data          20  tasks.o(.bss)
    xPendingReadyList                        0x200008d0   Data          20  tasks.o(.bss)
    xTasksWaitingTermination                 0x200008e4   Data          20  tasks.o(.bss)
    xSuspendedTaskList                       0x200008f8   Data          20  tasks.o(.bss)
    .bss                                     0x2000090c   Section      280  timers.o(.bss)
    xStaticTimerQueue                        0x2000090c   Data          80  timers.o(.bss)
    ucStaticTimerQueueStorage                0x2000095c   Data         160  timers.o(.bss)
    xActiveTimerList1                        0x200009fc   Data          20  timers.o(.bss)
    xActiveTimerList2                        0x20000a10   Data          20  timers.o(.bss)
    .bss                                     0x20000a24   Section     1720  cmsis_os2.o(.bss)
    Idle_TCB                                 0x20000a24   Data          92  cmsis_os2.o(.bss)
    Idle_Stack                               0x20000a80   Data         512  cmsis_os2.o(.bss)
    Timer_TCB                                0x20000c80   Data          92  cmsis_os2.o(.bss)
    Timer_Stack                              0x20000cdc   Data        1024  cmsis_os2.o(.bss)
    .bss                                     0x200010dc   Section     8192  heap_4.o(.bss)
    ucHeap                                   0x200010dc   Data        8192  heap_4.o(.bss)
    .bss                                     0x200030dc   Section       96  libspace.o(.bss)
    HEAP                                     0x20003140   Section      512  startup_stm32f103xb.o(HEAP)
    Heap_Mem                                 0x20003140   Data         512  startup_stm32f103xb.o(HEAP)
    STACK                                    0x20003340   Section     1024  startup_stm32f103xb.o(STACK)
    Stack_Mem                                0x20003340   Data        1024  startup_stm32f103xb.o(STACK)
    __initial_sp                             0x20003740   Data           0  startup_stm32f103xb.o(STACK)

    Global Symbols

    Symbol Name                              Value     Ov Type        Size  Object(Section)

    BuildAttributes$$THM_ISAv4$P$D$K$B$S$PE$A:L22UL41UL21$X:L11$S22US41US21$IEEE1$IW$USESV6$~STKCKD$USESV7$~SHL$OSPACE$ROPI$EBA8$UX$STANDARDLIB$REQ8$PRES8$EABIv2 0x00000000   Number         0  anon$$obj.o ABSOLUTE
    __ARM_use_no_argv                        0x00000000   Number         0  main.o ABSOLUTE
    __ARM_exceptions_init                     - Undefined Weak Reference
    __alloca_initialize                       - Undefined Weak Reference
    __arm_fini_                               - Undefined Weak Reference
    __arm_preinit_                            - Undefined Weak Reference
    __cpp_initialize__aeabi_                  - Undefined Weak Reference
    __cxa_finalize                            - Undefined Weak Reference
    __rt_locale                               - Undefined Weak Reference
    __sigvec_lookup                           - Undefined Weak Reference
    _atexit_init                              - Undefined Weak Reference
    _call_atexit_fns                          - Undefined Weak Reference
    _clock_init                               - Undefined Weak Reference
    _fp_trap_init                             - Undefined Weak Reference
    _fp_trap_shutdown                         - Undefined Weak Reference
    _get_lc_collate                           - Undefined Weak Reference
    _get_lc_ctype                             - Undefined Weak Reference
    _get_lc_monetary                          - Undefined Weak Reference
    _get_lc_numeric                           - Undefined Weak Reference
    _get_lc_time                              - Undefined Weak Reference
    _getenv_init                              - Undefined Weak Reference
    _handle_redirection                       - Undefined Weak Reference
    _init_alloc                               - Undefined Weak Reference
    _init_user_alloc                          - Undefined Weak Reference
    _initio                                   - Undefined Weak Reference
    _rand_init                                - Undefined Weak Reference
    _signal_finish                            - Undefined Weak Reference
    _signal_init                              - Undefined Weak Reference
    _terminate_alloc                          - Undefined Weak Reference
    _terminate_user_alloc                     - Undefined Weak Reference
    _terminateio                              - Undefined Weak Reference
    __Vectors_Size                           0x000000ec   Number         0  startup_stm32f103xb.o ABSOLUTE
    __Vectors                                0x08000000   Data           4  startup_stm32f103xb.o(RESET)
    __Vectors_End                            0x080000ec   Data           0  startup_stm32f103xb.o(RESET)
    __main                                   0x080000ed   Thumb Code     8  __main.o(!!!main)
    __scatterload                            0x080000f5   Thumb Code     0  __scatter.o(!!!scatter)
    __scatterload_rt2                        0x080000f5   Thumb Code    44  __scatter.o(!!!scatter)
    __scatterload_rt2_thumb_only             0x080000f5   Thumb Code     0  __scatter.o(!!!scatter)
    __scatterload_null                       0x08000103   Thumb Code     0  __scatter.o(!!!scatter)
    __scatterload_copy                       0x08000129   Thumb Code    26  __scatter_copy.o(!!handler_copy)
    __scatterload_zeroinit                   0x08000145   Thumb Code    28  __scatter_zi.o(!!handler_zi)
    __rt_lib_init                            0x08000161   Thumb Code     0  libinit.o(.ARM.Collect$$libinit$$00000000)
    __rt_lib_init_alloca_1                   0x08000163   Thumb Code     0  libinit2.o(.ARM.Collect$$libinit$$0000002E)
    __rt_lib_init_argv_1                     0x08000163   Thumb Code     0  libinit2.o(.ARM.Collect$$libinit$$0000002C)
    __rt_lib_init_atexit_1                   0x08000163   Thumb Code     0  libinit2.o(.ARM.Collect$$libinit$$0000001B)
    __rt_lib_init_clock_1                    0x08000163   Thumb Code     0  libinit2.o(.ARM.Collect$$libinit$$00000021)
    __rt_lib_init_cpp_1                      0x08000163   Thumb Code     0  libinit2.o(.ARM.Collect$$libinit$$00000032)
    __rt_lib_init_exceptions_1               0x08000163   Thumb Code     0  libinit2.o(.ARM.Collect$$libinit$$00000030)
    __rt_lib_init_fp_1                       0x08000163   Thumb Code     0  libinit2.o(.ARM.Collect$$libinit$$00000002)
    __rt_lib_init_fp_trap_1                  0x08000163   Thumb Code     0  libinit2.o(.ARM.Collect$$libinit$$0000001F)
    __rt_lib_init_getenv_1                   0x08000163   Thumb Code     0  libinit2.o(.ARM.Collect$$libinit$$00000023)
    __rt_lib_init_heap_1                     0x08000163   Thumb Code     0  libinit2.o(.ARM.Collect$$libinit$$0000000A)
    __rt_lib_init_lc_collate_1               0x08000163   Thumb Code     0  libinit2.o(.ARM.Collect$$libinit$$00000011)
    __rt_lib_init_lc_ctype_1                 0x08000163   Thumb Code     0  libinit2.o(.ARM.Collect$$libinit$$00000013)
    __rt_lib_init_lc_monetary_1              0x08000163   Thumb Code     0  libinit2.o(.ARM.Collect$$libinit$$00000015)
    __rt_lib_init_lc_numeric_1               0x08000163   Thumb Code     0  libinit2.o(.ARM.Collect$$libinit$$00000017)
    __rt_lib_init_lc_time_1                  0x08000163   Thumb Code     0  libinit2.o(.ARM.Collect$$libinit$$00000019)
    __rt_lib_init_preinit_1                  0x08000163   Thumb Code     0  libinit2.o(.ARM.Collect$$libinit$$00000004)
    __rt_lib_init_rand_1                     0x08000163   Thumb Code     0  libinit2.o(.ARM.Collect$$libinit$$0000000E)
    __rt_lib_init_return                     0x08000163   Thumb Code     0  libinit2.o(.ARM.Collect$$libinit$$00000033)
    __rt_lib_init_signal_1                   0x08000163   Thumb Code     0  libinit2.o(.ARM.Collect$$libinit$$0000001D)
    __rt_lib_init_stdio_1                    0x08000163   Thumb Code     0  libinit2.o(.ARM.Collect$$libinit$$00000025)
    __rt_lib_init_user_alloc_1               0x08000163   Thumb Code     0  libinit2.o(.ARM.Collect$$libinit$$0000000C)
    __rt_lib_shutdown                        0x08000165   Thumb Code     0  libshutdown.o(.ARM.Collect$$libshutdown$$00000000)
    __rt_lib_shutdown_cpp_1                  0x08000167   Thumb Code     0  libshutdown2.o(.ARM.Collect$$libshutdown$$00000004)
    __rt_lib_shutdown_fini_1                 0x08000167   Thumb Code     0  libshutdown2.o(.ARM.Collect$$libshutdown$$00000002)
    __rt_lib_shutdown_fp_trap_1              0x08000167   Thumb Code     0  libshutdown2.o(.ARM.Collect$$libshutdown$$00000009)
    __rt_lib_shutdown_heap_1                 0x08000167   Thumb Code     0  libshutdown2.o(.ARM.Collect$$libshutdown$$00000011)
    __rt_lib_shutdown_return                 0x08000167   Thumb Code     0  libshutdown2.o(.ARM.Collect$$libshutdown$$00000012)
    __rt_lib_shutdown_signal_1               0x08000167   Thumb Code     0  libshutdown2.o(.ARM.Collect$$libshutdown$$0000000C)
    __rt_lib_shutdown_stdio_1                0x08000167   Thumb Code     0  libshutdown2.o(.ARM.Collect$$libshutdown$$00000006)
    __rt_lib_shutdown_user_alloc_1           0x08000167   Thumb Code     0  libshutdown2.o(.ARM.Collect$$libshutdown$$0000000E)
    __rt_entry                               0x08000169   Thumb Code     0  __rtentry.o(.ARM.Collect$$rtentry$$00000000)
    __rt_entry_presh_1                       0x08000169   Thumb Code     0  __rtentry2.o(.ARM.Collect$$rtentry$$00000002)
    __rt_entry_sh                            0x08000169   Thumb Code     0  __rtentry4.o(.ARM.Collect$$rtentry$$00000004)
    __rt_entry_li                            0x0800016f   Thumb Code     0  __rtentry2.o(.ARM.Collect$$rtentry$$0000000A)
    __rt_entry_postsh_1                      0x0800016f   Thumb Code     0  __rtentry2.o(.ARM.Collect$$rtentry$$00000009)
    __rt_entry_main                          0x08000173   Thumb Code     0  __rtentry2.o(.ARM.Collect$$rtentry$$0000000D)
    __rt_entry_postli_1                      0x08000173   Thumb Code     0  __rtentry2.o(.ARM.Collect$$rtentry$$0000000C)
    __rt_exit                                0x0800017b   Thumb Code     0  rtexit.o(.ARM.Collect$$rtexit$$00000000)
    __rt_exit_ls                             0x0800017d   Thumb Code     0  rtexit2.o(.ARM.Collect$$rtexit$$00000003)
    __rt_exit_prels_1                        0x0800017d   Thumb Code     0  rtexit2.o(.ARM.Collect$$rtexit$$00000002)
    __rt_exit_exit                           0x08000181   Thumb Code     0  rtexit2.o(.ARM.Collect$$rtexit$$00000004)
    SVC_Handler                              0x08000189   Thumb Code    32  port.o(.emb_text)
    __asm___6_port_c_39a90d8d__prvStartFirstTask 0x080001ad   Thumb Code    28  port.o(.emb_text)
    PendSV_Handler                           0x080001cd   Thumb Code    72  port.o(.emb_text)
    vPortGetIPSR                             0x08000219   Thumb Code     6  port.o(.emb_text)
    Reset_Handler                            0x08000221   Thumb Code     8  startup_stm32f103xb.o(.text)
    ADC1_2_IRQHandler                        0x0800023b   Thumb Code     0  startup_stm32f103xb.o(.text)
    CAN1_RX1_IRQHandler                      0x0800023b   Thumb Code     0  startup_stm32f103xb.o(.text)
    CAN1_SCE_IRQHandler                      0x0800023b   Thumb Code     0  startup_stm32f103xb.o(.text)
    DMA1_Channel1_IRQHandler                 0x0800023b   Thumb Code     0  startup_stm32f103xb.o(.text)
    DMA1_Channel2_IRQHandler                 0x0800023b   Thumb Code     0  startup_stm32f103xb.o(.text)
    DMA1_Channel3_IRQHandler                 0x0800023b   Thumb Code     0  startup_stm32f103xb.o(.text)
    DMA1_Channel4_IRQHandler                 0x0800023b   Thumb Code     0  startup_stm32f103xb.o(.text)
    DMA1_Channel5_IRQHandler                 0x0800023b   Thumb Code     0  startup_stm32f103xb.o(.text)
    DMA1_Channel6_IRQHandler                 0x0800023b   Thumb Code     0  startup_stm32f103xb.o(.text)
    DMA1_Channel7_IRQHandler                 0x0800023b   Thumb Code     0  startup_stm32f103xb.o(.text)
    EXTI0_IRQHandler                         0x0800023b   Thumb Code     0  startup_stm32f103xb.o(.text)
    EXTI15_10_IRQHandler                     0x0800023b   Thumb Code     0  startup_stm32f103xb.o(.text)
    EXTI1_IRQHandler                         0x0800023b   Thumb Code     0  startup_stm32f103xb.o(.text)
    EXTI2_IRQHandler                         0x0800023b   Thumb Code     0  startup_stm32f103xb.o(.text)
    EXTI3_IRQHandler                         0x0800023b   Thumb Code     0  startup_stm32f103xb.o(.text)
    EXTI4_IRQHandler                         0x0800023b   Thumb Code     0  startup_stm32f103xb.o(.text)
    EXTI9_5_IRQHandler                       0x0800023b   Thumb Code     0  startup_stm32f103xb.o(.text)
    FLASH_IRQHandler                         0x0800023b   Thumb Code     0  startup_stm32f103xb.o(.text)
    I2C1_ER_IRQHandler                       0x0800023b   Thumb Code     0  startup_stm32f103xb.o(.text)
    I2C1_EV_IRQHandler                       0x0800023b   Thumb Code     0  startup_stm32f103xb.o(.text)
    I2C2_ER_IRQHandler                       0x0800023b   Thumb Code     0  startup_stm32f103xb.o(.text)
    I2C2_EV_IRQHandler                       0x0800023b   Thumb Code     0  startup_stm32f103xb.o(.text)
    PVD_IRQHandler                           0x0800023b   Thumb Code     0  startup_stm32f103xb.o(.text)
    RCC_IRQHandler                           0x0800023b   Thumb Code     0  startup_stm32f103xb.o(.text)
    RTC_Alarm_IRQHandler                     0x0800023b   Thumb Code     0  startup_stm32f103xb.o(.text)
    RTC_IRQHandler                           0x0800023b   Thumb Code     0  startup_stm32f103xb.o(.text)
    SPI1_IRQHandler                          0x0800023b   Thumb Code     0  startup_stm32f103xb.o(.text)
    SPI2_IRQHandler                          0x0800023b   Thumb Code     0  startup_stm32f103xb.o(.text)
    TAMPER_IRQHandler                        0x0800023b   Thumb Code     0  startup_stm32f103xb.o(.text)
    TIM1_BRK_IRQHandler                      0x0800023b   Thumb Code     0  startup_stm32f103xb.o(.text)
    TIM1_CC_IRQHandler                       0x0800023b   Thumb Code     0  startup_stm32f103xb.o(.text)
    TIM1_TRG_COM_IRQHandler                  0x0800023b   Thumb Code     0  startup_stm32f103xb.o(.text)
    TIM1_UP_IRQHandler                       0x0800023b   Thumb Code     0  startup_stm32f103xb.o(.text)
    TIM2_IRQHandler                          0x0800023b   Thumb Code     0  startup_stm32f103xb.o(.text)
    TIM4_IRQHandler                          0x0800023b   Thumb Code     0  startup_stm32f103xb.o(.text)
    USART3_IRQHandler                        0x0800023b   Thumb Code     0  startup_stm32f103xb.o(.text)
    USBWakeUp_IRQHandler                     0x0800023b   Thumb Code     0  startup_stm32f103xb.o(.text)
    USB_HP_CAN1_TX_IRQHandler                0x0800023b   Thumb Code     0  startup_stm32f103xb.o(.text)
    USB_LP_CAN1_RX0_IRQHandler               0x0800023b   Thumb Code     0  startup_stm32f103xb.o(.text)
    WWDG_IRQHandler                          0x0800023b   Thumb Code     0  startup_stm32f103xb.o(.text)
    __user_initial_stackheap                 0x0800023d   Thumb Code     0  startup_stm32f103xb.o(.text)
    __aeabi_memcpy                           0x08000261   Thumb Code     0  rt_memcpy_v6.o(.text)
    __rt_memcpy                              0x08000261   Thumb Code   138  rt_memcpy_v6.o(.text)
    _memcpy_lastbytes                        0x080002c7   Thumb Code     0  rt_memcpy_v6.o(.text)
    __aeabi_memcpy4                          0x080002eb   Thumb Code     0  rt_memcpy_w.o(.text)
    __aeabi_memcpy8                          0x080002eb   Thumb Code     0  rt_memcpy_w.o(.text)
    __rt_memcpy_w                            0x080002eb   Thumb Code   100  rt_memcpy_w.o(.text)
    _memcpy_lastbytes_aligned                0x08000333   Thumb Code     0  rt_memcpy_w.o(.text)
    __aeabi_memset                           0x0800034f   Thumb Code    16  aeabi_memset.o(.text)
    __aeabi_memclr                           0x0800035f   Thumb Code     0  rt_memclr.o(.text)
    __rt_memclr                              0x0800035f   Thumb Code    68  rt_memclr.o(.text)
    _memset                                  0x08000363   Thumb Code     0  rt_memclr.o(.text)
    __aeabi_memclr4                          0x080003a3   Thumb Code     0  rt_memclr_w.o(.text)
    __aeabi_memclr8                          0x080003a3   Thumb Code     0  rt_memclr_w.o(.text)
    __rt_memclr_w                            0x080003a3   Thumb Code    78  rt_memclr_w.o(.text)
    _memset_w                                0x080003a7   Thumb Code     0  rt_memclr_w.o(.text)
    __use_two_region_memory                  0x080003f1   Thumb Code     2  heapauxi.o(.text)
    __rt_heap_escrow$2region                 0x080003f3   Thumb Code     2  heapauxi.o(.text)
    __rt_heap_expand$2region                 0x080003f5   Thumb Code     2  heapauxi.o(.text)
    __user_setup_stackheap                   0x080003f7   Thumb Code    74  sys_stackheap_outer.o(.text)
    exit                                     0x08000441   Thumb Code    18  exit.o(.text)
    __user_libspace                          0x08000455   Thumb Code     8  libspace.o(.text)
    __user_perproc_libspace                  0x08000455   Thumb Code     0  libspace.o(.text)
    __user_perthread_libspace                0x08000455   Thumb Code     0  libspace.o(.text)
    _sys_exit                                0x0800045d   Thumb Code     8  sys_exit.o(.text)
    __I$use$semihosting                      0x08000469   Thumb Code     0  use_no_semi.o(.text)
    __use_no_semihosting_swi                 0x08000469   Thumb Code     2  use_no_semi.o(.text)
    BusFault_Handler                         0x0800046b   Thumb Code     2  stm32f1xx_it.o(i.BusFault_Handler)
    __semihosting_library_function           0x0800046b   Thumb Code     0  indicate_semi.o(.text)
    DebugMon_Handler                         0x0800046d   Thumb Code     2  stm32f1xx_it.o(i.DebugMon_Handler)
    Error_Handler                            0x0800046f   Thumb Code     4  main.o(i.Error_Handler)
    HAL_DMA_Abort                            0x08000473   Thumb Code    70  stm32f1xx_hal_dma.o(i.HAL_DMA_Abort)
    HAL_DMA_Abort_IT                         0x080004b9   Thumb Code   148  stm32f1xx_hal_dma.o(i.HAL_DMA_Abort_IT)
    HAL_Delay                                0x08000551   Thumb Code    32  stm32f1xx_hal.o(i.HAL_Delay)
    HAL_GPIO_Init                            0x08000575   Thumb Code   446  stm32f1xx_hal_gpio.o(i.HAL_GPIO_Init)
    HAL_GPIO_ReadPin                         0x08000755   Thumb Code    10  stm32f1xx_hal_gpio.o(i.HAL_GPIO_ReadPin)
    HAL_GPIO_TogglePin                       0x0800075f   Thumb Code    16  stm32f1xx_hal_gpio.o(i.HAL_GPIO_TogglePin)
    HAL_GPIO_WritePin                        0x0800076f   Thumb Code    10  stm32f1xx_hal_gpio.o(i.HAL_GPIO_WritePin)
    HAL_GetTick                              0x08000779   Thumb Code     6  stm32f1xx_hal.o(i.HAL_GetTick)
    HAL_I2C_Init                             0x08000785   Thumb Code   376  stm32f1xx_hal_i2c.o(i.HAL_I2C_Init)
    HAL_I2C_Master_Receive                   0x0800090d   Thumb Code   576  stm32f1xx_hal_i2c.o(i.HAL_I2C_Master_Receive)
    HAL_I2C_Master_Transmit                  0x08000b5d   Thumb Code   290  stm32f1xx_hal_i2c.o(i.HAL_I2C_Master_Transmit)
    HAL_I2C_Mem_Read                         0x08000c89   Thumb Code   586  stm32f1xx_hal_i2c.o(i.HAL_I2C_Mem_Read)
    HAL_I2C_Mem_Write                        0x08000ee5   Thumb Code   294  stm32f1xx_hal_i2c.o(i.HAL_I2C_Mem_Write)
    HAL_I2C_MspInit                          0x08001015   Thumb Code    82  i2c.o(i.HAL_I2C_MspInit)
    HAL_IncTick                              0x08001075   Thumb Code    12  stm32f1xx_hal.o(i.HAL_IncTick)
    HAL_Init                                 0x08001085   Thumb Code    32  stm32f1xx_hal.o(i.HAL_Init)
    HAL_InitTick                             0x080010a9   Thumb Code   132  stm32f1xx_hal_timebase_tim.o(i.HAL_InitTick)
    HAL_MspInit                              0x08001141   Thumb Code    62  stm32f1xx_hal_msp.o(i.HAL_MspInit)
    HAL_NVIC_EnableIRQ                       0x08001189   Thumb Code    26  stm32f1xx_hal_cortex.o(i.HAL_NVIC_EnableIRQ)
    HAL_NVIC_SetPriority                     0x080011a5   Thumb Code    60  stm32f1xx_hal_cortex.o(i.HAL_NVIC_SetPriority)
    HAL_NVIC_SetPriorityGrouping             0x080011e5   Thumb Code    26  stm32f1xx_hal_cortex.o(i.HAL_NVIC_SetPriorityGrouping)
    HAL_RCC_ClockConfig                      0x08001209   Thumb Code   280  stm32f1xx_hal_rcc.o(i.HAL_RCC_ClockConfig)
    HAL_RCC_GetClockConfig                   0x08001335   Thumb Code    54  stm32f1xx_hal_rcc.o(i.HAL_RCC_GetClockConfig)
    HAL_RCC_GetHCLKFreq                      0x08001375   Thumb Code     6  stm32f1xx_hal_rcc.o(i.HAL_RCC_GetHCLKFreq)
    HAL_RCC_GetPCLK1Freq                     0x08001381   Thumb Code    20  stm32f1xx_hal_rcc.o(i.HAL_RCC_GetPCLK1Freq)
    HAL_RCC_GetPCLK2Freq                     0x080013a1   Thumb Code    20  stm32f1xx_hal_rcc.o(i.HAL_RCC_GetPCLK2Freq)
    HAL_RCC_GetSysClockFreq                  0x080013c1   Thumb Code    58  stm32f1xx_hal_rcc.o(i.HAL_RCC_GetSysClockFreq)
    HAL_RCC_OscConfig                        0x0800140d   Thumb Code   778  stm32f1xx_hal_rcc.o(i.HAL_RCC_OscConfig)
    HAL_TIMEx_BreakCallback                  0x0800172d   Thumb Code     2  stm32f1xx_hal_tim_ex.o(i.HAL_TIMEx_BreakCallback)
    HAL_TIMEx_CommutCallback                 0x0800172f   Thumb Code     2  stm32f1xx_hal_tim_ex.o(i.HAL_TIMEx_CommutCallback)
    HAL_TIMEx_ConfigBreakDeadTime            0x08001731   Thumb Code    84  stm32f1xx_hal_tim_ex.o(i.HAL_TIMEx_ConfigBreakDeadTime)
    HAL_TIMEx_MasterConfigSynchronization    0x08001785   Thumb Code    92  stm32f1xx_hal_tim_ex.o(i.HAL_TIMEx_MasterConfigSynchronization)
    HAL_TIM_Base_Init                        0x080017ed   Thumb Code    90  stm32f1xx_hal_tim.o(i.HAL_TIM_Base_Init)
    HAL_TIM_Base_MspInit                     0x08001849   Thumb Code    30  tim.o(i.HAL_TIM_Base_MspInit)
    HAL_TIM_Base_Start_IT                    0x08001871   Thumb Code    76  stm32f1xx_hal_tim.o(i.HAL_TIM_Base_Start_IT)
    HAL_TIM_ConfigClockSource                0x080018c9   Thumb Code   220  stm32f1xx_hal_tim.o(i.HAL_TIM_ConfigClockSource)
    HAL_TIM_Encoder_Init                     0x080019a5   Thumb Code   164  stm32f1xx_hal_tim.o(i.HAL_TIM_Encoder_Init)
    HAL_TIM_Encoder_MspInit                  0x08001a49   Thumb Code   122  tim.o(i.HAL_TIM_Encoder_MspInit)
    HAL_TIM_Encoder_Start                    0x08001ad5   Thumb Code   142  stm32f1xx_hal_tim.o(i.HAL_TIM_Encoder_Start)
    HAL_TIM_IC_CaptureCallback               0x08001b63   Thumb Code     2  stm32f1xx_hal_tim.o(i.HAL_TIM_IC_CaptureCallback)
    HAL_TIM_IRQHandler                       0x08001b65   Thumb Code   304  stm32f1xx_hal_tim.o(i.HAL_TIM_IRQHandler)
    HAL_TIM_MspPostInit                      0x08001c95   Thumb Code    66  tim.o(i.HAL_TIM_MspPostInit)
    HAL_TIM_OC_DelayElapsedCallback          0x08001ce5   Thumb Code     2  stm32f1xx_hal_tim.o(i.HAL_TIM_OC_DelayElapsedCallback)
    HAL_TIM_PWM_ConfigChannel                0x08001ce7   Thumb Code   204  stm32f1xx_hal_tim.o(i.HAL_TIM_PWM_ConfigChannel)
    HAL_TIM_PWM_Init                         0x08001db3   Thumb Code    90  stm32f1xx_hal_tim.o(i.HAL_TIM_PWM_Init)
    HAL_TIM_PWM_MspInit                      0x08001e0d   Thumb Code     2  stm32f1xx_hal_tim.o(i.HAL_TIM_PWM_MspInit)
    HAL_TIM_PWM_PulseFinishedCallback        0x08001e0f   Thumb Code     2  stm32f1xx_hal_tim.o(i.HAL_TIM_PWM_PulseFinishedCallback)
    HAL_TIM_PWM_Start                        0x08001e11   Thumb Code   144  stm32f1xx_hal_tim.o(i.HAL_TIM_PWM_Start)
    HAL_TIM_PeriodElapsedCallback            0x08001ead   Thumb Code    14  main.o(i.HAL_TIM_PeriodElapsedCallback)
    HAL_TIM_TriggerCallback                  0x08001ec1   Thumb Code     2  stm32f1xx_hal_tim.o(i.HAL_TIM_TriggerCallback)
    HAL_UARTEx_RxEventCallback               0x08001ec3   Thumb Code     2  stm32f1xx_hal_uart.o(i.HAL_UARTEx_RxEventCallback)
    HAL_UART_ErrorCallback                   0x08001ec5   Thumb Code    20  robot_comm.o(i.HAL_UART_ErrorCallback)
    HAL_UART_IRQHandler                      0x08001ee5   Thumb Code   616  stm32f1xx_hal_uart.o(i.HAL_UART_IRQHandler)
    HAL_UART_Init                            0x08002151   Thumb Code   100  stm32f1xx_hal_uart.o(i.HAL_UART_Init)
    HAL_UART_MspInit                         0x080021b5   Thumb Code   198  usart.o(i.HAL_UART_MspInit)
    HAL_UART_Receive_IT                      0x0800228d   Thumb Code    28  stm32f1xx_hal_uart.o(i.HAL_UART_Receive_IT)
    HAL_UART_RxCpltCallback                  0x080022a9   Thumb Code    62  robot_comm.o(i.HAL_UART_RxCpltCallback)
    HAL_UART_Transmit                        0x080022f9   Thumb Code   160  stm32f1xx_hal_uart.o(i.HAL_UART_Transmit)
    HAL_UART_TxCpltCallback                  0x08002399   Thumb Code     2  stm32f1xx_hal_uart.o(i.HAL_UART_TxCpltCallback)
    HardFault_Handler                        0x0800239b   Thumb Code     2  stm32f1xx_it.o(i.HardFault_Handler)
    MX_FREERTOS_Init                         0x08002965   Thumb Code    38  freertos.o(i.MX_FREERTOS_Init)
    MX_GPIO_Init                             0x0800299d   Thumb Code   206  gpio.o(i.MX_GPIO_Init)
    MX_I2C2_Init                             0x08002a7d   Thumb Code    50  i2c.o(i.MX_I2C2_Init)
    MX_TIM1_Init                             0x08002abd   Thumb Code   206  tim.o(i.MX_TIM1_Init)
    MX_TIM2_Init                             0x08002b95   Thumb Code   102  tim.o(i.MX_TIM2_Init)
    MX_TIM4_Init                             0x08002c01   Thumb Code   100  tim.o(i.MX_TIM4_Init)
    MX_USART1_UART_Init                      0x08002c6d   Thumb Code    48  usart.o(i.MX_USART1_UART_Init)
    MX_USART2_UART_Init                      0x08002ca5   Thumb Code    48  usart.o(i.MX_USART2_UART_Init)
    MemManage_Handler                        0x08002cdd   Thumb Code     2  stm32f1xx_it.o(i.MemManage_Handler)
    NMI_Handler                              0x08002cdf   Thumb Code     2  stm32f1xx_it.o(i.NMI_Handler)
    RobotApp_BoardInit                       0x08002ce1   Thumb Code    42  robot_app.o(i.RobotApp_BoardInit)
    RobotApp_CreateTasks                     0x08002d35   Thumb Code    58  robot_app.o(i.RobotApp_CreateTasks)
    RobotApp_DefaultTask                     0x08002d89   Thumb Code    12  robot_app.o(i.RobotApp_DefaultTask)
    RobotApp_GetStatus                       0x08002d95   Thumb Code    98  robot_app.o(i.RobotApp_GetStatus)
    RobotApp_StatusLedTask                   0x08002e79   Thumb Code    60  robot_app.o(i.RobotApp_StatusLedTask)
    RobotComm_Crc16                          0x08002ee5   Thumb Code    58  robot_comm.o(i.RobotComm_Crc16)
    RobotComm_GetRxOverflowCount             0x08002f21   Thumb Code     6  robot_comm.o(i.RobotComm_GetRxOverflowCount)
    RobotComm_Init                           0x08002f2d   Thumb Code    32  robot_comm.o(i.RobotComm_Init)
    RobotComm_ProcessRx                      0x08002f55   Thumb Code    36  robot_comm.o(i.RobotComm_ProcessRx)
    RobotComm_SendFrame                      0x08002f81   Thumb Code   142  robot_comm.o(i.RobotComm_SendFrame)
    RobotComm_SetFrameHandler                0x08003015   Thumb Code     6  robot_comm.o(i.RobotComm_SetFrameHandler)
    RobotDelay_Init                          0x08003021   Thumb Code    26  robot_delay.o(i.RobotDelay_Init)
    RobotDelay_Us                            0x08003045   Thumb Code    30  robot_delay.o(i.RobotDelay_Us)
    RobotEncoder_Init                        0x0800306d   Thumb Code    46  robot_encoder.o(i.RobotEncoder_Init)
    RobotEncoder_Sample                      0x080030ad   Thumb Code    90  robot_encoder.o(i.RobotEncoder_Sample)
    RobotMotor_Enable                        0x08003119   Thumb Code    16  robot_motor.o(i.RobotMotor_Enable)
    RobotMotor_Init                          0x0800312d   Thumb Code    44  robot_motor.o(i.RobotMotor_Init)
    RobotMotor_SetPercent                    0x0800315d   Thumb Code    94  robot_motor.o(i.RobotMotor_SetPercent)
    RobotMotor_Stop                          0x080031c9   Thumb Code    56  robot_motor.o(i.RobotMotor_Stop)
    RobotSensors_Get                         0x0800320d   Thumb Code    14  robot_sensors.o(i.RobotSensors_Get)
    RobotSensors_Init                        0x08003221   Thumb Code    88  robot_sensors.o(i.RobotSensors_Init)
    RobotSensors_Update                      0x08003285   Thumb Code   102  robot_sensors.o(i.RobotSensors_Update)
    StartDefaultTask                         0x080032f9   Thumb Code     4  freertos.o(i.StartDefaultTask)
    StartTask_Led                            0x080032fd   Thumb Code     4  freertos.o(i.StartTask_Led)
    SysTick_Handler                          0x08003301   Thumb Code    26  cmsis_os2.o(i.SysTick_Handler)
    SystemClock_Config                       0x0800331b   Thumb Code    94  main.o(i.SystemClock_Config)
    SystemInit                               0x08003379   Thumb Code     2  system_stm32f1xx.o(i.SystemInit)
    TIM3_IRQHandler                          0x0800337d   Thumb Code     6  stm32f1xx_it.o(i.TIM3_IRQHandler)
    TIM_Base_SetConfig                       0x08003389   Thumb Code   108  stm32f1xx_hal_tim.o(i.TIM_Base_SetConfig)
    TIM_CCxChannelCmd                        0x08003401   Thumb Code    26  stm32f1xx_hal_tim.o(i.TIM_CCxChannelCmd)
    TIM_ETR_SetConfig                        0x0800341b   Thumb Code    20  stm32f1xx_hal_tim.o(i.TIM_ETR_SetConfig)
    TIM_OC2_SetConfig                        0x08003491   Thumb Code    84  stm32f1xx_hal_tim.o(i.TIM_OC2_SetConfig)
    UART_Start_Receive_IT                    0x080037a5   Thumb Code    54  stm32f1xx_hal_uart.o(i.UART_Start_Receive_IT)
    USART1_IRQHandler                        0x0800384d   Thumb Code     6  stm32f1xx_it.o(i.USART1_IRQHandler)
    USART2_IRQHandler                        0x08003859   Thumb Code     6  stm32f1xx_it.o(i.USART2_IRQHandler)
    UsageFault_Handler                       0x08003865   Thumb Code     2  stm32f1xx_it.o(i.UsageFault_Handler)
    main                                     0x08003dd9   Thumb Code    54  main.o(i.main)
    osDelay                                  0x08003e95   Thumb Code    26  cmsis_os2.o(i.osDelay)
    osDelayUntil                             0x08003eaf   Thumb Code    46  cmsis_os2.o(i.osDelayUntil)
    osKernelGetState                         0x08003edd   Thumb Code    28  cmsis_os2.o(i.osKernelGetState)
    osKernelGetTickCount                     0x08003efd   Thumb Code    14  cmsis_os2.o(i.osKernelGetTickCount)
    osKernelInitialize                       0x08003f0d   Thumb Code    32  cmsis_os2.o(i.osKernelInitialize)
    osKernelStart                            0x08003f31   Thumb Code    48  cmsis_os2.o(i.osKernelStart)
    osMutexAcquire                           0x08003f69   Thumb Code    82  cmsis_os2.o(i.osMutexAcquire)
    osMutexNew                               0x08003fbb   Thumb Code   104  cmsis_os2.o(i.osMutexNew)
    osMutexRelease                           0x08004023   Thumb Code    66  cmsis_os2.o(i.osMutexRelease)
    osThreadNew                              0x08004065   Thumb Code   138  cmsis_os2.o(i.osThreadNew)
    pvPortMalloc                             0x080049b1   Thumb Code   216  heap_4.o(i.pvPortMalloc)
    pvTaskIncrementMutexHeldCount            0x08004a8d   Thumb Code    18  tasks.o(i.pvTaskIncrementMutexHeldCount)
    pxPortInitialiseStack                    0x08004aa5   Thumb Code    32  port.o(i.pxPortInitialiseStack)
    uxListRemove                             0x08004d59   Thumb Code    38  list.o(i.uxListRemove)
    vApplicationGetIdleTaskMemory            0x08004d81   Thumb Code    16  cmsis_os2.o(i.vApplicationGetIdleTaskMemory)
    vApplicationGetTimerTaskMemory           0x08004d95   Thumb Code    18  cmsis_os2.o(i.vApplicationGetTimerTaskMemory)
    vListInitialise                          0x08004dad   Thumb Code    22  list.o(i.vListInitialise)
    vListInitialiseItem                      0x08004dc3   Thumb Code     6  list.o(i.vListInitialiseItem)
    vListInsert                              0x08004dc9   Thumb Code    48  list.o(i.vListInsert)
    vListInsertEnd                           0x08004df9   Thumb Code    24  list.o(i.vListInsertEnd)
    vPortEnterCritical                       0x08004e11   Thumb Code    54  port.o(i.vPortEnterCritical)
    vPortExitCritical                        0x08004e51   Thumb Code    34  port.o(i.vPortExitCritical)
    vPortFree                                0x08004e79   Thumb Code    94  heap_4.o(i.vPortFree)
    vPortSetupTimerInterrupt                 0x08004edd   Thumb Code    32  port.o(i.vPortSetupTimerInterrupt)
    vPortValidateInterruptPriority           0x08004f01   Thumb Code    74  port.o(i.vPortValidateInterruptPriority)
    vQueueAddToRegistry                      0x08004f55   Thumb Code    34  queue.o(i.vQueueAddToRegistry)
    vQueueWaitForMessageRestricted           0x08004f7d   Thumb Code    68  queue.o(i.vQueueWaitForMessageRestricted)
    vTaskDelay                               0x08004fc1   Thumb Code    66  tasks.o(i.vTaskDelay)
    vTaskDelayUntil                          0x0800500d   Thumb Code   132  tasks.o(i.vTaskDelayUntil)
    vTaskInternalSetTimeOutState             0x08005099   Thumb Code    12  tasks.o(i.vTaskInternalSetTimeOutState)
    vTaskMissedYield                         0x080050a9   Thumb Code     8  tasks.o(i.vTaskMissedYield)
    vTaskPlaceOnEventList                    0x080050b5   Thumb Code    44  tasks.o(i.vTaskPlaceOnEventList)
    vTaskPlaceOnEventListRestricted          0x080050e5   Thumb Code    52  tasks.o(i.vTaskPlaceOnEventListRestricted)
    vTaskPriorityDisinheritAfterTimeout      0x0800511d   Thumb Code   134  tasks.o(i.vTaskPriorityDisinheritAfterTimeout)
    vTaskStartScheduler                      0x080051ad   Thumb Code   118  tasks.o(i.vTaskStartScheduler)
    vTaskSuspendAll                          0x08005235   Thumb Code    10  tasks.o(i.vTaskSuspendAll)
    vTaskSwitchContext                       0x08005245   Thumb Code    90  tasks.o(i.vTaskSwitchContext)
    xPortStartScheduler                      0x080052a9   Thumb Code   154  port.o(i.xPortStartScheduler)
    xPortSysTickHandler                      0x08005351   Thumb Code    38  port.o(i.xPortSysTickHandler)
    xQueueCreateMutex                        0x0800537d   Thumb Code    22  queue.o(i.xQueueCreateMutex)
    xQueueCreateMutexStatic                  0x08005393   Thumb Code    26  queue.o(i.xQueueCreateMutexStatic)
    xQueueGenericCreate                      0x080053ad   Thumb Code    66  queue.o(i.xQueueGenericCreate)
    xQueueGenericCreateStatic                0x080053ef   Thumb Code   102  queue.o(i.xQueueGenericCreateStatic)
    xQueueGenericReset                       0x08005455   Thumb Code   132  queue.o(i.xQueueGenericReset)
    xQueueGenericSend                        0x080054dd   Thumb Code   346  queue.o(i.xQueueGenericSend)
    xQueueGenericSendFromISR                 0x0800563d   Thumb Code   190  queue.o(i.xQueueGenericSendFromISR)
    xQueueGiveMutexRecursive                 0x080056fb   Thumb Code    62  queue.o(i.xQueueGiveMutexRecursive)
    xQueueReceive                            0x08005739   Thumb Code   308  queue.o(i.xQueueReceive)
    xQueueSemaphoreTake                      0x08005871   Thumb Code   372  queue.o(i.xQueueSemaphoreTake)
    xQueueTakeMutexRecursive                 0x080059e9   Thumb Code    64  queue.o(i.xQueueTakeMutexRecursive)
    xTaskCheckForTimeOut                     0x08005a29   Thumb Code   112  tasks.o(i.xTaskCheckForTimeOut)
    xTaskCreate                              0x08005a9d   Thumb Code    90  tasks.o(i.xTaskCreate)
    xTaskCreateStatic                        0x08005af7   Thumb Code    86  tasks.o(i.xTaskCreateStatic)
    xTaskGetCurrentTaskHandle                0x08005b4d   Thumb Code     6  tasks.o(i.xTaskGetCurrentTaskHandle)
    xTaskGetSchedulerState                   0x08005b59   Thumb Code    22  tasks.o(i.xTaskGetSchedulerState)
    xTaskGetTickCount                        0x08005b75   Thumb Code     6  tasks.o(i.xTaskGetTickCount)
    xTaskGetTickCountFromISR                 0x08005b81   Thumb Code    12  tasks.o(i.xTaskGetTickCountFromISR)
    xTaskIncrementTick                       0x08005b91   Thumb Code   192  tasks.o(i.xTaskIncrementTick)
    xTaskPriorityDisinherit                  0x08005c59   Thumb Code   118  tasks.o(i.xTaskPriorityDisinherit)
    xTaskPriorityInherit                     0x08005cd9   Thumb Code   112  tasks.o(i.xTaskPriorityInherit)
    xTaskRemoveFromEventList                 0x08005d51   Thumb Code    98  tasks.o(i.xTaskRemoveFromEventList)
    xTaskResumeAll                           0x08005dc1   Thumb Code   182  tasks.o(i.xTaskResumeAll)
    xTimerCreateTimerTask                    0x08005e85   Thumb Code    78  timers.o(i.xTimerCreateTimerTask)
    xTimerGenericCommand                     0x08005ee5   Thumb Code    98  timers.o(i.xTimerGenericCommand)
    defaultTask_attributes                   0x08005f4c   Data          36  freertos.o(.constdata)
    myTask_Led_attributes                    0x08005f70   Data          36  freertos.o(.constdata)
    AHBPrescTable                            0x08006022   Data          16  system_stm32f1xx.o(.constdata)
    APBPrescTable                            0x08006032   Data           8  system_stm32f1xx.o(.constdata)
    Region$$Table$$Base                      0x08006088   Number         0  anon$$obj.o(Region$$Table)
    Region$$Table$$Limit                     0x080060a8   Number         0  anon$$obj.o(Region$$Table)
    defaultTaskHandle                        0x20000000   Data           4  freertos.o(.data)
    myTask_LedHandle                         0x20000004   Data           4  freertos.o(.data)
    uwTickFreq                               0x20000034   Data           1  stm32f1xx_hal.o(.data)
    uwTickPrio                               0x20000038   Data           4  stm32f1xx_hal.o(.data)
    uwTick                                   0x2000003c   Data           4  stm32f1xx_hal.o(.data)
    SystemCoreClock                          0x20000040   Data           4  system_stm32f1xx.o(.data)
    pxCurrentTCB                             0x20000044   Data           4  tasks.o(.data)
    hi2c2                                    0x200000c4   Data          84  i2c.o(.bss)
    htim1                                    0x20000118   Data          72  tim.o(.bss)
    htim2                                    0x20000160   Data          72  tim.o(.bss)
    htim4                                    0x200001a8   Data          72  tim.o(.bss)
    huart1                                   0x200001f0   Data          72  usart.o(.bss)
    huart2                                   0x20000238   Data          72  usart.o(.bss)
    htim3                                    0x200003c0   Data          72  stm32f1xx_hal_timebase_tim.o(.bss)
    xQueueRegistry                           0x20000408   Data          64  queue.o(.bss)
    __libspace_start                         0x200030dc   Data          96  libspace.o(.bss)
    __temporary_stack_top$libspace           0x2000313c   Data           0  libspace.o(.bss)



==============================================================================

Memory Map of the image

  Image Entry point : 0x080000ed

  Load Region LR_IROM1 (Base: 0x08000000, Size: 0x0000616c, Max: 0x00010000, ABSOLUTE)

    Execution Region ER_IROM1 (Exec base: 0x08000000, Load base: 0x08000000, Size: 0x000060a8, Max: 0x00010000, ABSOLUTE)

    Exec Addr    Load Addr    Size         Type   Attr      Idx    E Section Name        Object

    0x08000000   0x08000000   0x000000ec   Data   RO            3    RESET               startup_stm32f103xb.o
    0x080000ec   0x080000ec   0x00000008   Code   RO         5661  * !!!main             c_w.l(__main.o)
    0x080000f4   0x080000f4   0x00000034   Code   RO         5820    !!!scatter          c_w.l(__scatter.o)
    0x08000128   0x08000128   0x0000001a   Code   RO         5822    !!handler_copy      c_w.l(__scatter_copy.o)
    0x08000142   0x08000142   0x00000002   PAD
    0x08000144   0x08000144   0x0000001c   Code   RO         5824    !!handler_zi        c_w.l(__scatter_zi.o)
    0x08000160   0x08000160   0x00000002   Code   RO         5688    .ARM.Collect$$libinit$$00000000  c_w.l(libinit.o)
    0x08000162   0x08000162   0x00000000   Code   RO         5695    .ARM.Collect$$libinit$$00000002  c_w.l(libinit2.o)
    0x08000162   0x08000162   0x00000000   Code   RO         5697    .ARM.Collect$$libinit$$00000004  c_w.l(libinit2.o)
    0x08000162   0x08000162   0x00000000   Code   RO         5700    .ARM.Collect$$libinit$$0000000A  c_w.l(libinit2.o)
    0x08000162   0x08000162   0x00000000   Code   RO         5702    .ARM.Collect$$libinit$$0000000C  c_w.l(libinit2.o)
    0x08000162   0x08000162   0x00000000   Code   RO         5704    .ARM.Collect$$libinit$$0000000E  c_w.l(libinit2.o)
    0x08000162   0x08000162   0x00000000   Code   RO         5707    .ARM.Collect$$libinit$$00000011  c_w.l(libinit2.o)
    0x08000162   0x08000162   0x00000000   Code   RO         5709    .ARM.Collect$$libinit$$00000013  c_w.l(libinit2.o)
    0x08000162   0x08000162   0x00000000   Code   RO         5711    .ARM.Collect$$libinit$$00000015  c_w.l(libinit2.o)
    0x08000162   0x08000162   0x00000000   Code   RO         5713    .ARM.Collect$$libinit$$00000017  c_w.l(libinit2.o)
    0x08000162   0x08000162   0x00000000   Code   RO         5715    .ARM.Collect$$libinit$$00000019  c_w.l(libinit2.o)
    0x08000162   0x08000162   0x00000000   Code   RO         5717    .ARM.Collect$$libinit$$0000001B  c_w.l(libinit2.o)
    0x08000162   0x08000162   0x00000000   Code   RO         5719    .ARM.Collect$$libinit$$0000001D  c_w.l(libinit2.o)
    0x08000162   0x08000162   0x00000000   Code   RO         5721    .ARM.Collect$$libinit$$0000001F  c_w.l(libinit2.o)
    0x08000162   0x08000162   0x00000000   Code   RO         5723    .ARM.Collect$$libinit$$00000021  c_w.l(libinit2.o)
    0x08000162   0x08000162   0x00000000   Code   RO         5725    .ARM.Collect$$libinit$$00000023  c_w.l(libinit2.o)
    0x08000162   0x08000162   0x00000000   Code   RO         5727    .ARM.Collect$$libinit$$00000025  c_w.l(libinit2.o)
    0x08000162   0x08000162   0x00000000   Code   RO         5731    .ARM.Collect$$libinit$$0000002C  c_w.l(libinit2.o)
    0x08000162   0x08000162   0x00000000   Code   RO         5733    .ARM.Collect$$libinit$$0000002E  c_w.l(libinit2.o)
    0x08000162   0x08000162   0x00000000   Code   RO         5735    .ARM.Collect$$libinit$$00000030  c_w.l(libinit2.o)
    0x08000162   0x08000162   0x00000000   Code   RO         5737    .ARM.Collect$$libinit$$00000032  c_w.l(libinit2.o)
    0x08000162   0x08000162   0x00000002   Code   RO         5738    .ARM.Collect$$libinit$$00000033  c_w.l(libinit2.o)
    0x08000164   0x08000164   0x00000002   Code   RO         5758    .ARM.Collect$$libshutdown$$00000000  c_w.l(libshutdown.o)
    0x08000166   0x08000166   0x00000000   Code   RO         5771    .ARM.Collect$$libshutdown$$00000002  c_w.l(libshutdown2.o)
    0x08000166   0x08000166   0x00000000   Code   RO         5773    .ARM.Collect$$libshutdown$$00000004  c_w.l(libshutdown2.o)
    0x08000166   0x08000166   0x00000000   Code   RO         5775    .ARM.Collect$$libshutdown$$00000006  c_w.l(libshutdown2.o)
    0x08000166   0x08000166   0x00000000   Code   RO         5778    .ARM.Collect$$libshutdown$$00000009  c_w.l(libshutdown2.o)
    0x08000166   0x08000166   0x00000000   Code   RO         5781    .ARM.Collect$$libshutdown$$0000000C  c_w.l(libshutdown2.o)
    0x08000166   0x08000166   0x00000000   Code   RO         5783    .ARM.Collect$$libshutdown$$0000000E  c_w.l(libshutdown2.o)
    0x08000166   0x08000166   0x00000000   Code   RO         5786    .ARM.Collect$$libshutdown$$00000011  c_w.l(libshutdown2.o)
    0x08000166   0x08000166   0x00000002   Code   RO         5787    .ARM.Collect$$libshutdown$$00000012  c_w.l(libshutdown2.o)
    0x08000168   0x08000168   0x00000000   Code   RO         5663    .ARM.Collect$$rtentry$$00000000  c_w.l(__rtentry.o)
    0x08000168   0x08000168   0x00000000   Code   RO         5665    .ARM.Collect$$rtentry$$00000002  c_w.l(__rtentry2.o)
    0x08000168   0x08000168   0x00000006   Code   RO         5677    .ARM.Collect$$rtentry$$00000004  c_w.l(__rtentry4.o)
    0x0800016e   0x0800016e   0x00000000   Code   RO         5667    .ARM.Collect$$rtentry$$00000009  c_w.l(__rtentry2.o)
    0x0800016e   0x0800016e   0x00000004   Code   RO         5668    .ARM.Collect$$rtentry$$0000000A  c_w.l(__rtentry2.o)
    0x08000172   0x08000172   0x00000000   Code   RO         5670    .ARM.Collect$$rtentry$$0000000C  c_w.l(__rtentry2.o)
    0x08000172   0x08000172   0x00000008   Code   RO         5671    .ARM.Collect$$rtentry$$0000000D  c_w.l(__rtentry2.o)
    0x0800017a   0x0800017a   0x00000002   Code   RO         5692    .ARM.Collect$$rtexit$$00000000  c_w.l(rtexit.o)
    0x0800017c   0x0800017c   0x00000000   Code   RO         5740    .ARM.Collect$$rtexit$$00000002  c_w.l(rtexit2.o)
    0x0800017c   0x0800017c   0x00000004   Code   RO         5741    .ARM.Collect$$rtexit$$00000003  c_w.l(rtexit2.o)
    0x08000180   0x08000180   0x00000006   Code   RO         5742    .ARM.Collect$$rtexit$$00000004  c_w.l(rtexit2.o)
    0x08000186   0x08000186   0x00000002   PAD
    0x08000188   0x08000188   0x00000096   Code   RO         5566    .emb_text           port.o
    0x0800021e   0x0800021e   0x00000002   PAD
    0x08000220   0x08000220   0x00000040   Code   RO            4    .text               startup_stm32f103xb.o
    0x08000260   0x08000260   0x0000008a   Code   RO         5647    .text               c_w.l(rt_memcpy_v6.o)
    0x080002ea   0x080002ea   0x00000064   Code   RO         5649    .text               c_w.l(rt_memcpy_w.o)
    0x0800034e   0x0800034e   0x00000010   Code   RO         5653    .text               c_w.l(aeabi_memset.o)
    0x0800035e   0x0800035e   0x00000044   Code   RO         5655    .text               c_w.l(rt_memclr.o)
    0x080003a2   0x080003a2   0x0000004e   Code   RO         5657    .text               c_w.l(rt_memclr_w.o)
    0x080003f0   0x080003f0   0x00000006   Code   RO         5659    .text               c_w.l(heapauxi.o)
    0x080003f6   0x080003f6   0x0000004a   Code   RO         5679    .text               c_w.l(sys_stackheap_outer.o)
    0x08000440   0x08000440   0x00000012   Code   RO         5681    .text               c_w.l(exit.o)
    0x08000452   0x08000452   0x00000002   PAD
    0x08000454   0x08000454   0x00000008   Code   RO         5689    .text               c_w.l(libspace.o)
    0x0800045c   0x0800045c   0x0000000c   Code   RO         5750    .text               c_w.l(sys_exit.o)
    0x08000468   0x08000468   0x00000002   Code   RO         5761    .text               c_w.l(use_no_semi.o)
    0x0800046a   0x0800046a   0x00000000   Code   RO         5763    .text               c_w.l(indicate_semi.o)
    0x0800046a   0x0800046a   0x00000002   Code   RO          925    i.BusFault_Handler  stm32f1xx_it.o
    0x0800046c   0x0800046c   0x00000002   Code   RO          926    i.DebugMon_Handler  stm32f1xx_it.o
    0x0800046e   0x0800046e   0x00000004   Code   RO           13    i.Error_Handler     main.o
    0x08000472   0x08000472   0x00000046   Code   RO         2454    i.HAL_DMA_Abort     stm32f1xx_hal_dma.o
    0x080004b8   0x080004b8   0x00000098   Code   RO         2455    i.HAL_DMA_Abort_IT  stm32f1xx_hal_dma.o
    0x08000550   0x08000550   0x00000024   Code   RO         2080    i.HAL_Delay         stm32f1xx_hal.o
    0x08000574   0x08000574   0x000001e0   Code   RO         2390    i.HAL_GPIO_Init     stm32f1xx_hal_gpio.o
    0x08000754   0x08000754   0x0000000a   Code   RO         2392    i.HAL_GPIO_ReadPin  stm32f1xx_hal_gpio.o
    0x0800075e   0x0800075e   0x00000010   Code   RO         2393    i.HAL_GPIO_TogglePin  stm32f1xx_hal_gpio.o
    0x0800076e   0x0800076e   0x0000000a   Code   RO         2394    i.HAL_GPIO_WritePin  stm32f1xx_hal_gpio.o
    0x08000778   0x08000778   0x0000000c   Code   RO         2084    i.HAL_GetTick       stm32f1xx_hal.o
    0x08000784   0x08000784   0x00000188   Code   RO         3061    i.HAL_I2C_Init      stm32f1xx_hal_i2c.o
    0x0800090c   0x0800090c   0x00000250   Code   RO         3067    i.HAL_I2C_Master_Receive  stm32f1xx_hal_i2c.o
    0x08000b5c   0x08000b5c   0x0000012c   Code   RO         3074    i.HAL_I2C_Master_Transmit  stm32f1xx_hal_i2c.o
    0x08000c88   0x08000c88   0x0000025c   Code   RO         3079    i.HAL_I2C_Mem_Read  stm32f1xx_hal_i2c.o
    0x08000ee4   0x08000ee4   0x00000130   Code   RO         3082    i.HAL_I2C_Mem_Write  stm32f1xx_hal_i2c.o
    0x08001014   0x08001014   0x00000060   Code   RO          277    i.HAL_I2C_MspInit   i2c.o
    0x08001074   0x08001074   0x00000010   Code   RO         2090    i.HAL_IncTick       stm32f1xx_hal.o
    0x08001084   0x08001084   0x00000024   Code   RO         2091    i.HAL_Init          stm32f1xx_hal.o
    0x080010a8   0x080010a8   0x00000098   Code   RO         1025    i.HAL_InitTick      stm32f1xx_hal_timebase_tim.o
    0x08001140   0x08001140   0x00000048   Code   RO         1001    i.HAL_MspInit       stm32f1xx_hal_msp.o
    0x08001188   0x08001188   0x0000001a   Code   RO         2550    i.HAL_NVIC_EnableIRQ  stm32f1xx_hal_cortex.o
    0x080011a2   0x080011a2   0x00000002   PAD
    0x080011a4   0x080011a4   0x00000040   Code   RO         2556    i.HAL_NVIC_SetPriority  stm32f1xx_hal_cortex.o
    0x080011e4   0x080011e4   0x00000024   Code   RO         2557    i.HAL_NVIC_SetPriorityGrouping  stm32f1xx_hal_cortex.o
    0x08001208   0x08001208   0x0000012c   Code   RO         2248    i.HAL_RCC_ClockConfig  stm32f1xx_hal_rcc.o
    0x08001334   0x08001334   0x00000040   Code   RO         2252    i.HAL_RCC_GetClockConfig  stm32f1xx_hal_rcc.o
    0x08001374   0x08001374   0x0000000c   Code   RO         2253    i.HAL_RCC_GetHCLKFreq  stm32f1xx_hal_rcc.o
    0x08001380   0x08001380   0x00000020   Code   RO         2255    i.HAL_RCC_GetPCLK1Freq  stm32f1xx_hal_rcc.o
    0x080013a0   0x080013a0   0x00000020   Code   RO         2256    i.HAL_RCC_GetPCLK2Freq  stm32f1xx_hal_rcc.o
    0x080013c0   0x080013c0   0x0000004c   Code   RO         2257    i.HAL_RCC_GetSysClockFreq  stm32f1xx_hal_rcc.o
    0x0800140c   0x0800140c   0x00000320   Code   RO         2260    i.HAL_RCC_OscConfig  stm32f1xx_hal_rcc.o
    0x0800172c   0x0800172c   0x00000002   Code   RO         1806    i.HAL_TIMEx_BreakCallback  stm32f1xx_hal_tim_ex.o
    0x0800172e   0x0800172e   0x00000002   Code   RO         1807    i.HAL_TIMEx_CommutCallback  stm32f1xx_hal_tim_ex.o
    0x08001730   0x08001730   0x00000054   Code   RO         1809    i.HAL_TIMEx_ConfigBreakDeadTime  stm32f1xx_hal_tim_ex.o
    0x08001784   0x08001784   0x00000068   Code   RO         1825    i.HAL_TIMEx_MasterConfigSynchronization  stm32f1xx_hal_tim_ex.o
    0x080017ec   0x080017ec   0x0000005a   Code   RO         1102    i.HAL_TIM_Base_Init  stm32f1xx_hal_tim.o
    0x08001846   0x08001846   0x00000002   PAD
    0x08001848   0x08001848   0x00000028   Code   RO          319    i.HAL_TIM_Base_MspInit  tim.o
    0x08001870   0x08001870   0x00000058   Code   RO         1107    i.HAL_TIM_Base_Start_IT  stm32f1xx_hal_tim.o
    0x080018c8   0x080018c8   0x000000dc   Code   RO         1111    i.HAL_TIM_ConfigClockSource  stm32f1xx_hal_tim.o
    0x080019a4   0x080019a4   0x000000a4   Code   RO         1123    i.HAL_TIM_Encoder_Init  stm32f1xx_hal_tim.o
    0x08001a48   0x08001a48   0x0000008c   Code   RO          321    i.HAL_TIM_Encoder_MspInit  tim.o
    0x08001ad4   0x08001ad4   0x0000008e   Code   RO         1126    i.HAL_TIM_Encoder_Start  stm32f1xx_hal_tim.o
    0x08001b62   0x08001b62   0x00000002   Code   RO         1136    i.HAL_TIM_IC_CaptureCallback  stm32f1xx_hal_tim.o
    0x08001b64   0x08001b64   0x00000130   Code   RO         1150    i.HAL_TIM_IRQHandler  stm32f1xx_hal_tim.o
    0x08001c94   0x08001c94   0x00000050   Code   RO          322    i.HAL_TIM_MspPostInit  tim.o
    0x08001ce4   0x08001ce4   0x00000002   Code   RO         1153    i.HAL_TIM_OC_DelayElapsedCallback  stm32f1xx_hal_tim.o
    0x08001ce6   0x08001ce6   0x000000cc   Code   RO         1174    i.HAL_TIM_PWM_ConfigChannel  stm32f1xx_hal_tim.o
    0x08001db2   0x08001db2   0x0000005a   Code   RO         1177    i.HAL_TIM_PWM_Init  stm32f1xx_hal_tim.o
    0x08001e0c   0x08001e0c   0x00000002   Code   RO         1179    i.HAL_TIM_PWM_MspInit  stm32f1xx_hal_tim.o
    0x08001e0e   0x08001e0e   0x00000002   Code   RO         1180    i.HAL_TIM_PWM_PulseFinishedCallback  stm32f1xx_hal_tim.o
    0x08001e10   0x08001e10   0x0000009c   Code   RO         1182    i.HAL_TIM_PWM_Start  stm32f1xx_hal_tim.o
    0x08001eac   0x08001eac   0x00000014   Code   RO           14    i.HAL_TIM_PeriodElapsedCallback  main.o
    0x08001ec0   0x08001ec0   0x00000002   Code   RO         1193    i.HAL_TIM_TriggerCallback  stm32f1xx_hal_tim.o
    0x08001ec2   0x08001ec2   0x00000002   Code   RO         3499    i.HAL_UARTEx_RxEventCallback  stm32f1xx_hal_uart.o
    0x08001ec4   0x08001ec4   0x00000020   Code   RO          602    i.HAL_UART_ErrorCallback  robot_comm.o
    0x08001ee4   0x08001ee4   0x0000026c   Code   RO         3516    i.HAL_UART_IRQHandler  stm32f1xx_hal_uart.o
    0x08002150   0x08002150   0x00000064   Code   RO         3517    i.HAL_UART_Init     stm32f1xx_hal_uart.o
    0x080021b4   0x080021b4   0x000000d8   Code   RO          391    i.HAL_UART_MspInit  usart.o
    0x0800228c   0x0800228c   0x0000001c   Code   RO         3522    i.HAL_UART_Receive_IT  stm32f1xx_hal_uart.o
    0x080022a8   0x080022a8   0x00000050   Code   RO          603    i.HAL_UART_RxCpltCallback  robot_comm.o
    0x080022f8   0x080022f8   0x000000a0   Code   RO         3525    i.HAL_UART_Transmit  stm32f1xx_hal_uart.o
    0x08002398   0x08002398   0x00000002   Code   RO         3528    i.HAL_UART_TxCpltCallback  stm32f1xx_hal_uart.o
    0x0800239a   0x0800239a   0x00000002   Code   RO          927    i.HardFault_Handler  stm32f1xx_it.o
    0x0800239c   0x0800239c   0x0000002e   Code   RO         3104    i.I2C_IsAcknowledgeFailed  stm32f1xx_hal_i2c.o
    0x080023ca   0x080023ca   0x00000002   PAD
    0x080023cc   0x080023cc   0x000000ec   Code   RO         3107    i.I2C_MasterRequestRead  stm32f1xx_hal_i2c.o
    0x080024b8   0x080024b8   0x0000009c   Code   RO         3108    i.I2C_MasterRequestWrite  stm32f1xx_hal_i2c.o
    0x08002554   0x08002554   0x000000fc   Code   RO         3114    i.I2C_RequestMemoryRead  stm32f1xx_hal_i2c.o
    0x08002650   0x08002650   0x000000a8   Code   RO         3115    i.I2C_RequestMemoryWrite  stm32f1xx_hal_i2c.o
    0x080026f8   0x080026f8   0x00000056   Code   RO         3119    i.I2C_WaitOnBTFFlagUntilTimeout  stm32f1xx_hal_i2c.o
    0x0800274e   0x0800274e   0x00000002   PAD
    0x08002750   0x08002750   0x00000090   Code   RO         3120    i.I2C_WaitOnFlagUntilTimeout  stm32f1xx_hal_i2c.o
    0x080027e0   0x080027e0   0x000000bc   Code   RO         3121    i.I2C_WaitOnMasterAddressFlagUntilTimeout  stm32f1xx_hal_i2c.o
    0x0800289c   0x0800289c   0x00000070   Code   RO         3122    i.I2C_WaitOnRXNEFlagUntilTimeout  stm32f1xx_hal_i2c.o
    0x0800290c   0x0800290c   0x00000056   Code   RO         3123    i.I2C_WaitOnTXEFlagUntilTimeout  stm32f1xx_hal_i2c.o
    0x08002962   0x08002962   0x00000002   PAD
    0x08002964   0x08002964   0x00000038   Code   RO          227    i.MX_FREERTOS_Init  freertos.o
    0x0800299c   0x0800299c   0x000000e0   Code   RO          203    i.MX_GPIO_Init      gpio.o
    0x08002a7c   0x08002a7c   0x00000040   Code   RO          278    i.MX_I2C2_Init      i2c.o
    0x08002abc   0x08002abc   0x000000d8   Code   RO          323    i.MX_TIM1_Init      tim.o
    0x08002b94   0x08002b94   0x0000006c   Code   RO          324    i.MX_TIM2_Init      tim.o
    0x08002c00   0x08002c00   0x0000006c   Code   RO          325    i.MX_TIM4_Init      tim.o
    0x08002c6c   0x08002c6c   0x00000038   Code   RO          392    i.MX_USART1_UART_Init  usart.o
    0x08002ca4   0x08002ca4   0x00000038   Code   RO          393    i.MX_USART2_UART_Init  usart.o
    0x08002cdc   0x08002cdc   0x00000002   Code   RO          928    i.MemManage_Handler  stm32f1xx_it.o
    0x08002cde   0x08002cde   0x00000002   Code   RO          929    i.NMI_Handler       stm32f1xx_it.o
    0x08002ce0   0x08002ce0   0x00000030   Code   RO          438    i.RobotApp_BoardInit  robot_app.o
    0x08002d10   0x08002d10   0x00000022   Code   RO          439    i.RobotApp_ControlTask  robot_app.o
    0x08002d32   0x08002d32   0x00000002   PAD
    0x08002d34   0x08002d34   0x00000054   Code   RO          440    i.RobotApp_CreateTasks  robot_app.o
    0x08002d88   0x08002d88   0x0000000c   Code   RO          441    i.RobotApp_DefaultTask  robot_app.o
    0x08002d94   0x08002d94   0x00000068   Code   RO          442    i.RobotApp_GetStatus  robot_app.o
    0x08002dfc   0x08002dfc   0x00000070   Code   RO          443    i.RobotApp_OnFrame  robot_app.o
    0x08002e6c   0x08002e6c   0x0000000c   Code   RO          445    i.RobotApp_SensorTask  robot_app.o
    0x08002e78   0x08002e78   0x00000044   Code   RO          446    i.RobotApp_StatusLedTask  robot_app.o
    0x08002ebc   0x08002ebc   0x00000028   Code   RO          447    i.RobotApp_TelemetryTask  robot_app.o
    0x08002ee4   0x08002ee4   0x0000003a   Code   RO          604    i.RobotComm_Crc16   robot_comm.o
    0x08002f1e   0x08002f1e   0x00000002   PAD
    0x08002f20   0x08002f20   0x0000000c   Code   RO          605    i.RobotComm_GetRxOverflowCount  robot_comm.o
    0x08002f2c   0x08002f2c   0x00000028   Code   RO          606    i.RobotComm_Init    robot_comm.o
    0x08002f54   0x08002f54   0x0000002c   Code   RO          607    i.RobotComm_ProcessRx  robot_comm.o
    0x08002f80   0x08002f80   0x00000094   Code   RO          608    i.RobotComm_SendFrame  robot_comm.o
    0x08003014   0x08003014   0x0000000c   Code   RO          609    i.RobotComm_SetFrameHandler  robot_comm.o
    0x08003020   0x08003020   0x00000024   Code   RO          681    i.RobotDelay_Init   robot_delay.o
    0x08003044   0x08003044   0x00000028   Code   RO          682    i.RobotDelay_Us     robot_delay.o
    0x0800306c   0x0800306c   0x00000040   Code   RO          712    i.RobotEncoder_Init  robot_encoder.o
    0x080030ac   0x080030ac   0x0000006c   Code   RO          713    i.RobotEncoder_Sample  robot_encoder.o
    0x08003118   0x08003118   0x00000014   Code   RO          755    i.RobotMotor_Enable  robot_motor.o
    0x0800312c   0x0800312c   0x00000030   Code   RO          757    i.RobotMotor_Init   robot_motor.o
    0x0800315c   0x0800315c   0x0000006c   Code   RO          758    i.RobotMotor_SetPercent  robot_motor.o
    0x080031c8   0x080031c8   0x00000044   Code   RO          759    i.RobotMotor_Stop   robot_motor.o
    0x0800320c   0x0800320c   0x00000014   Code   RO          820    i.RobotSensors_Get  robot_sensors.o
    0x08003220   0x08003220   0x00000064   Code   RO          821    i.RobotSensors_Init  robot_sensors.o
    0x08003284   0x08003284   0x00000074   Code   RO          823    i.RobotSensors_Update  robot_sensors.o
    0x080032f8   0x080032f8   0x00000004   Code   RO          228    i.StartDefaultTask  freertos.o
    0x080032fc   0x080032fc   0x00000004   Code   RO          229    i.StartTask_Led     freertos.o
    0x08003300   0x08003300   0x0000001a   Code   RO         4998    i.SysTick_Handler   cmsis_os2.o
    0x0800331a   0x0800331a   0x0000005e   Code   RO           15    i.SystemClock_Config  main.o
    0x08003378   0x08003378   0x00000002   Code   RO         3851    i.SystemInit        system_stm32f1xx.o
    0x0800337a   0x0800337a   0x00000002   PAD
    0x0800337c   0x0800337c   0x0000000c   Code   RO          930    i.TIM3_IRQHandler   stm32f1xx_it.o
    0x08003388   0x08003388   0x00000078   Code   RO         1195    i.TIM_Base_SetConfig  stm32f1xx_hal_tim.o
    0x08003400   0x08003400   0x0000001a   Code   RO         1196    i.TIM_CCxChannelCmd  stm32f1xx_hal_tim.o
    0x0800341a   0x0800341a   0x00000014   Code   RO         1206    i.TIM_ETR_SetConfig  stm32f1xx_hal_tim.o
    0x0800342e   0x0800342e   0x00000010   Code   RO         1207    i.TIM_ITRx_SetConfig  stm32f1xx_hal_tim.o
    0x0800343e   0x0800343e   0x00000002   PAD
    0x08003440   0x08003440   0x00000050   Code   RO         1208    i.TIM_OC1_SetConfig  stm32f1xx_hal_tim.o
    0x08003490   0x08003490   0x00000058   Code   RO         1209    i.TIM_OC2_SetConfig  stm32f1xx_hal_tim.o
    0x080034e8   0x080034e8   0x00000058   Code   RO         1210    i.TIM_OC3_SetConfig  stm32f1xx_hal_tim.o
    0x08003540   0x08003540   0x00000044   Code   RO         1211    i.TIM_OC4_SetConfig  stm32f1xx_hal_tim.o
    0x08003584   0x08003584   0x00000022   Code   RO         1213    i.TIM_TI1_ConfigInputStage  stm32f1xx_hal_tim.o
    0x080035a6   0x080035a6   0x00000024   Code   RO         1215    i.TIM_TI2_ConfigInputStage  stm32f1xx_hal_tim.o
    0x080035ca   0x080035ca   0x00000010   Code   RO         3530    i.UART_DMAAbortOnError  stm32f1xx_hal_uart.o
    0x080035da   0x080035da   0x0000004e   Code   RO         3540    i.UART_EndRxTransfer  stm32f1xx_hal_uart.o
    0x08003628   0x08003628   0x000000c2   Code   RO         3542    i.UART_Receive_IT   stm32f1xx_hal_uart.o
    0x080036ea   0x080036ea   0x00000002   PAD
    0x080036ec   0x080036ec   0x000000b8   Code   RO         3543    i.UART_SetConfig    stm32f1xx_hal_uart.o
    0x080037a4   0x080037a4   0x00000036   Code   RO         3545    i.UART_Start_Receive_IT  stm32f1xx_hal_uart.o
    0x080037da   0x080037da   0x00000072   Code   RO         3546    i.UART_WaitOnFlagUntilTimeout  stm32f1xx_hal_uart.o
    0x0800384c   0x0800384c   0x0000000c   Code   RO          931    i.USART1_IRQHandler  stm32f1xx_it.o
    0x08003858   0x08003858   0x0000000c   Code   RO          932    i.USART2_IRQHandler  stm32f1xx_it.o
    0x08003864   0x08003864   0x00000002   Code   RO          933    i.UsageFault_Handler  stm32f1xx_it.o
    0x08003866   0x08003866   0x00000020   Code   RO         2563    i.__NVIC_SetPriority  stm32f1xx_hal_cortex.o
    0x08003886   0x08003886   0x00000002   PAD
    0x08003888   0x08003888   0x00000094   Code   RO          448    i.apply_outputs     robot_app.o
    0x0800391c   0x0800391c   0x00000008   Code   RO          824    i.be_i16            robot_sensors.o
    0x08003924   0x08003924   0x00000012   Code   RO          760    i.clamp_pwm         robot_motor.o
    0x08003936   0x08003936   0x00000016   Code   RO          449    i.clamp_pwm_i32     robot_app.o
    0x0800394c   0x0800394c   0x0000009c   Code   RO          450    i.control_step      robot_app.o
    0x080039e8   0x080039e8   0x00000038   Code   RO          714    i.counts_to_mm_s    robot_encoder.o
    0x08003a20   0x08003a20   0x00000024   Code   RO          451    i.ctx_lock          robot_app.o
    0x08003a44   0x08003a44   0x00000024   Code   RO          452    i.ctx_unlock        robot_app.o
    0x08003a68   0x08003a68   0x000000b0   Code   RO          825    i.dht30_update      robot_sensors.o
    0x08003b18   0x08003b18   0x0000002c   Code   RO          826    i.ds18b20_output_low  robot_sensors.o
    0x08003b44   0x08003b44   0x000000c0   Code   RO          827    i.ds18b20_read_temperature  robot_sensors.o
    0x08003c04   0x08003c04   0x00000028   Code   RO          828    i.ds18b20_release   robot_sensors.o
    0x08003c2c   0x08003c2c   0x00000038   Code   RO          829    i.ds18b20_reset     robot_sensors.o
    0x08003c64   0x08003c64   0x0000006c   Code   RO          830    i.ds18b20_update    robot_sensors.o
    0x08003cd0   0x08003cd0   0x0000003c   Code   RO          831    i.ds18b20_write_byte  robot_sensors.o
    0x08003d0c   0x08003d0c   0x00000020   Code   RO          761    i.duty_from_pwm     robot_motor.o
    0x08003d2c   0x08003d2c   0x00000044   Code   RO          453    i.handle_set_motion  robot_app.o
    0x08003d70   0x08003d70   0x0000003c   Code   RO          454    i.handle_set_state  robot_app.o
    0x08003dac   0x08003dac   0x0000002c   Code   RO          832    i.i2c_write_reg8    robot_sensors.o
    0x08003dd8   0x08003dd8   0x00000036   Code   RO           16    i.main              main.o
    0x08003e0e   0x08003e0e   0x00000002   PAD
    0x08003e10   0x08003e10   0x00000084   Code   RO          833    i.mpu6050_update    robot_sensors.o
    0x08003e94   0x08003e94   0x0000001a   Code   RO         5000    i.osDelay           cmsis_os2.o
    0x08003eae   0x08003eae   0x0000002e   Code   RO         5001    i.osDelayUntil      cmsis_os2.o
    0x08003edc   0x08003edc   0x00000020   Code   RO         5009    i.osKernelGetState  cmsis_os2.o
    0x08003efc   0x08003efc   0x0000000e   Code   RO         5012    i.osKernelGetTickCount  cmsis_os2.o
    0x08003f0a   0x08003f0a   0x00000002   PAD
    0x08003f0c   0x08003f0c   0x00000024   Code   RO         5014    i.osKernelInitialize  cmsis_os2.o
    0x08003f30   0x08003f30   0x00000038   Code   RO         5017    i.osKernelStart     cmsis_os2.o
    0x08003f68   0x08003f68   0x00000052   Code   RO         5037    i.osMutexAcquire    cmsis_os2.o
    0x08003fba   0x08003fba   0x00000068   Code   RO         5040    i.osMutexNew        cmsis_os2.o
    0x08004022   0x08004022   0x00000042   Code   RO         5041    i.osMutexRelease    cmsis_os2.o
    0x08004064   0x08004064   0x0000008a   Code   RO         5059    i.osThreadNew       cmsis_os2.o
    0x080040ee   0x080040ee   0x00000002   PAD
    0x080040f0   0x080040f0   0x000000b4   Code   RO          610    i.parser_accept     robot_comm.o
    0x080041a4   0x080041a4   0x00000010   Code   RO          611    i.parser_reset      robot_comm.o
    0x080041b4   0x080041b4   0x0000005c   Code   RO         4459    i.prvAddCurrentTaskToDelayedList  tasks.o
    0x08004210   0x08004210   0x000000d0   Code   RO         4460    i.prvAddNewTaskToReadyList  tasks.o
    0x080042e0   0x080042e0   0x00000058   Code   RO         4824    i.prvCheckForValidListAndQueue  timers.o
    0x08004338   0x08004338   0x00000026   Code   RO         4056    i.prvCopyDataFromQueue  queue.o
    0x0800435e   0x0800435e   0x0000006c   Code   RO         4057    i.prvCopyDataToQueue  queue.o
    0x080043ca   0x080043ca   0x00000034   Code   RO         4461    i.prvDeleteTCB      tasks.o
    0x080043fe   0x080043fe   0x00000002   PAD
    0x08004400   0x08004400   0x0000004c   Code   RO         5511    i.prvHeapInit       heap_4.o
    0x0800444c   0x0800444c   0x00000060   Code   RO         4462    i.prvIdleTask       tasks.o
    0x080044ac   0x080044ac   0x00000016   Code   RO         4058    i.prvInitialiseMutex  queue.o
    0x080044c2   0x080044c2   0x00000002   PAD
    0x080044c4   0x080044c4   0x00000022   Code   RO         4059    i.prvInitialiseNewQueue  queue.o
    0x080044e6   0x080044e6   0x00000002   PAD
    0x080044e8   0x080044e8   0x000000b0   Code   RO         4463    i.prvInitialiseNewTask  tasks.o
    0x08004598   0x08004598   0x0000004c   Code   RO         5512    i.prvInsertBlockIntoFreeList  heap_4.o
    0x080045e4   0x080045e4   0x00000038   Code   RO         4826    i.prvInsertTimerInActiveList  timers.o
    0x0800461c   0x0800461c   0x0000001c   Code   RO         4060    i.prvIsQueueEmpty   queue.o
    0x08004638   0x08004638   0x000000fc   Code   RO         4827    i.prvProcessReceivedCommands  timers.o
    0x08004734   0x08004734   0x000000c0   Code   RO         4828    i.prvProcessTimerOrBlockTask  timers.o
    0x080047f4   0x080047f4   0x00000020   Code   RO         4465    i.prvResetNextTaskUnblockTime  tasks.o
    0x08004814   0x08004814   0x00000028   Code   RO         4829    i.prvSampleTimeNow  timers.o
    0x0800483c   0x0800483c   0x0000006c   Code   RO         4830    i.prvSwitchTimerLists  timers.o
    0x080048a8   0x080048a8   0x00000028   Code   RO         5567    i.prvTaskExitError  port.o
    0x080048d0   0x080048d0   0x00000024   Code   RO         4831    i.prvTimerTask      timers.o
    0x080048f4   0x080048f4   0x0000006a   Code   RO         4061    i.prvUnlockQueue    queue.o
    0x0800495e   0x0800495e   0x00000006   Code   RO          455    i.put_i16           robot_app.o
    0x08004964   0x08004964   0x0000002a   Code   RO          456    i.put_i32           robot_app.o
    0x0800498e   0x0800498e   0x00000016   Code   RO          457    i.put_u16           robot_app.o
    0x080049a4   0x080049a4   0x0000000c   Code   RO          458    i.put_u8            robot_app.o
    0x080049b0   0x080049b0   0x000000dc   Code   RO         5513    i.pvPortMalloc      heap_4.o
    0x08004a8c   0x08004a8c   0x00000018   Code   RO         4468    i.pvTaskIncrementMutexHeldCount  tasks.o
    0x08004aa4   0x08004aa4   0x00000024   Code   RO         5568    i.pxPortInitialiseStack  port.o
    0x08004ac8   0x08004ac8   0x00000158   Code   RO          459    i.send_status       robot_app.o
    0x08004c20   0x08004c20   0x00000030   Code   RO          762    i.set_dir           robot_motor.o
    0x08004c50   0x08004c50   0x00000014   Code   RO          834    i.set_valid         robot_sensors.o
    0x08004c64   0x08004c64   0x00000032   Code   RO          835    i.sht_crc8          robot_sensors.o
    0x08004c96   0x08004c96   0x00000002   PAD
    0x08004c98   0x08004c98   0x00000048   Code   RO          460    i.speed_pid         robot_app.o
    0x08004ce0   0x08004ce0   0x00000078   Code   RO          461    i.update_faults     robot_app.o
    0x08004d58   0x08004d58   0x00000026   Code   RO         4016    i.uxListRemove      list.o
    0x08004d7e   0x08004d7e   0x00000002   PAD
    0x08004d80   0x08004d80   0x00000014   Code   RO         5071    i.vApplicationGetIdleTaskMemory  cmsis_os2.o
    0x08004d94   0x08004d94   0x00000018   Code   RO         5072    i.vApplicationGetTimerTaskMemory  cmsis_os2.o
    0x08004dac   0x08004dac   0x00000016   Code   RO         4017    i.vListInitialise   list.o
    0x08004dc2   0x08004dc2   0x00000006   Code   RO         4018    i.vListInitialiseItem  list.o
    0x08004dc8   0x08004dc8   0x00000030   Code   RO         4019    i.vListInsert       list.o
    0x08004df8   0x08004df8   0x00000018   Code   RO         4020    i.vListInsertEnd    list.o
    0x08004e10   0x08004e10   0x00000040   Code   RO         5570    i.vPortEnterCritical  port.o
    0x08004e50   0x08004e50   0x00000028   Code   RO         5571    i.vPortExitCritical  port.o
    0x08004e78   0x08004e78   0x00000064   Code   RO         5514    i.vPortFree         heap_4.o
    0x08004edc   0x08004edc   0x00000024   Code   RO         5572    i.vPortSetupTimerInterrupt  port.o
    0x08004f00   0x08004f00   0x00000054   Code   RO         5573    i.vPortValidateInterruptPriority  port.o
    0x08004f54   0x08004f54   0x00000028   Code   RO         4067    i.vQueueAddToRegistry  queue.o
    0x08004f7c   0x08004f7c   0x00000044   Code   RO         4071    i.vQueueWaitForMessageRestricted  queue.o
    0x08004fc0   0x08004fc0   0x0000004c   Code   RO         4478    i.vTaskDelay        tasks.o
    0x0800500c   0x0800500c   0x0000008c   Code   RO         4479    i.vTaskDelayUntil   tasks.o
    0x08005098   0x08005098   0x00000010   Code   RO         4483    i.vTaskInternalSetTimeOutState  tasks.o
    0x080050a8   0x080050a8   0x0000000c   Code   RO         4484    i.vTaskMissedYield  tasks.o
    0x080050b4   0x080050b4   0x00000030   Code   RO         4486    i.vTaskPlaceOnEventList  tasks.o
    0x080050e4   0x080050e4   0x00000038   Code   RO         4487    i.vTaskPlaceOnEventListRestricted  tasks.o
    0x0800511c   0x0800511c   0x00000090   Code   RO         4489    i.vTaskPriorityDisinheritAfterTimeout  tasks.o
    0x080051ac   0x080051ac   0x00000088   Code   RO         4495    i.vTaskStartScheduler  tasks.o
    0x08005234   0x08005234   0x00000010   Code   RO         4497    i.vTaskSuspendAll   tasks.o
    0x08005244   0x08005244   0x00000064   Code   RO         4498    i.vTaskSwitchContext  tasks.o
    0x080052a8   0x080052a8   0x000000a8   Code   RO         5574    i.xPortStartScheduler  port.o
    0x08005350   0x08005350   0x0000002c   Code   RO         5575    i.xPortSysTickHandler  port.o
    0x0800537c   0x0800537c   0x00000016   Code   RO         4074    i.xQueueCreateMutex  queue.o
    0x08005392   0x08005392   0x0000001a   Code   RO         4075    i.xQueueCreateMutexStatic  queue.o
    0x080053ac   0x080053ac   0x00000042   Code   RO         4076    i.xQueueGenericCreate  queue.o
    0x080053ee   0x080053ee   0x00000066   Code   RO         4077    i.xQueueGenericCreateStatic  queue.o
    0x08005454   0x08005454   0x00000088   Code   RO         4078    i.xQueueGenericReset  queue.o
    0x080054dc   0x080054dc   0x00000160   Code   RO         4079    i.xQueueGenericSend  queue.o
    0x0800563c   0x0800563c   0x000000be   Code   RO         4080    i.xQueueGenericSendFromISR  queue.o
    0x080056fa   0x080056fa   0x0000003e   Code   RO         4084    i.xQueueGiveMutexRecursive  queue.o
    0x08005738   0x08005738   0x00000138   Code   RO         4089    i.xQueueReceive     queue.o
    0x08005870   0x08005870   0x00000178   Code   RO         4091    i.xQueueSemaphoreTake  queue.o
    0x080059e8   0x080059e8   0x00000040   Code   RO         4092    i.xQueueTakeMutexRecursive  queue.o
    0x08005a28   0x08005a28   0x00000074   Code   RO         4500    i.xTaskCheckForTimeOut  tasks.o
    0x08005a9c   0x08005a9c   0x0000005a   Code   RO         4501    i.xTaskCreate       tasks.o
    0x08005af6   0x08005af6   0x00000056   Code   RO         4502    i.xTaskCreateStatic  tasks.o
    0x08005b4c   0x08005b4c   0x0000000c   Code   RO         4505    i.xTaskGetCurrentTaskHandle  tasks.o
    0x08005b58   0x08005b58   0x0000001c   Code   RO         4506    i.xTaskGetSchedulerState  tasks.o
    0x08005b74   0x08005b74   0x0000000c   Code   RO         4507    i.xTaskGetTickCount  tasks.o
    0x08005b80   0x08005b80   0x00000010   Code   RO         4508    i.xTaskGetTickCountFromISR  tasks.o
    0x08005b90   0x08005b90   0x000000c8   Code   RO         4509    i.xTaskIncrementTick  tasks.o
    0x08005c58   0x08005c58   0x00000080   Code   RO         4512    i.xTaskPriorityDisinherit  tasks.o
    0x08005cd8   0x08005cd8   0x00000078   Code   RO         4513    i.xTaskPriorityInherit  tasks.o
    0x08005d50   0x08005d50   0x00000070   Code   RO         4514    i.xTaskRemoveFromEventList  tasks.o
    0x08005dc0   0x08005dc0   0x000000c4   Code   RO         4515    i.xTaskResumeAll    tasks.o
    0x08005e84   0x08005e84   0x00000060   Code   RO         4840    i.xTimerCreateTimerTask  timers.o
    0x08005ee4   0x08005ee4   0x00000068   Code   RO         4841    i.xTimerGenericCommand  timers.o
    0x08005f4c   0x08005f4c   0x00000048   Data   RO          230    .constdata          freertos.o
    0x08005f94   0x08005f94   0x0000007c   Data   RO          463    .constdata          robot_app.o
    0x08006010   0x08006010   0x00000012   Data   RO         2261    .constdata          stm32f1xx_hal_rcc.o
    0x08006022   0x08006022   0x00000010   Data   RO         3852    .constdata          system_stm32f1xx.o
    0x08006032   0x08006032   0x00000008   Data   RO         3853    .constdata          system_stm32f1xx.o
    0x0800603a   0x0800603a   0x00000002   PAD
    0x0800603c   0x0800603c   0x00000018   Data   RO          231    .conststring        freertos.o
    0x08006054   0x08006054   0x00000031   Data   RO          464    .conststring        robot_app.o
    0x08006085   0x08006085   0x00000003   PAD
    0x08006088   0x08006088   0x00000020   Data   RO         5818    Region$$Table       anon$$obj.o


    Execution Region RW_IRAM1 (Exec base: 0x20000000, Load base: 0x080060a8, Size: 0x00003740, Max: 0x00005000, ABSOLUTE)

    Exec Addr    Load Addr    Size         Type   Attr      Idx    E Section Name        Object

    0x20000000   0x080060a8   0x00000008   Data   RW          232    .data               freertos.o
    0x20000008   0x080060b0   0x00000004   Data   RW          465    .data               robot_app.o
    0x2000000c   0x080060b4   0x00000010   Data   RW          613    .data               robot_comm.o
    0x2000001c   0x080060c4   0x00000004   Data   RW          716    .data               robot_encoder.o
    0x20000020   0x080060c8   0x00000004   Data   RW          763    .data               robot_motor.o
    0x20000024   0x080060cc   0x00000010   Data   RW          837    .data               robot_sensors.o
    0x20000034   0x080060dc   0x0000000c   Data   RW         2098    .data               stm32f1xx_hal.o
    0x20000040   0x080060e8   0x00000004   Data   RW         3854    .data               system_stm32f1xx.o
    0x20000044   0x080060ec   0x0000003c   Data   RW         4518    .data               tasks.o
    0x20000080   0x08006128   0x00000014   Data   RW         4849    .data               timers.o
    0x20000094   0x0800613c   0x00000004   Data   RW         5074    .data               cmsis_os2.o
    0x20000098   0x08006140   0x00000020   Data   RW         5520    .data               heap_4.o
    0x200000b8   0x08006160   0x0000000c   Data   RW         5576    .data               port.o
    0x200000c4        -       0x00000054   Zero   RW          279    .bss                i2c.o
    0x20000118        -       0x000000d8   Zero   RW          326    .bss                tim.o
    0x200001f0        -       0x00000090   Zero   RW          394    .bss                usart.o
    0x20000280        -       0x00000054   Zero   RW          462    .bss                robot_app.o
    0x200002d4        -       0x000000c3   Zero   RW          612    .bss                robot_comm.o
    0x20000397   0x0800616c   0x00000001   PAD
    0x20000398        -       0x00000010   Zero   RW          715    .bss                robot_encoder.o
    0x200003a8        -       0x00000018   Zero   RW          836    .bss                robot_sensors.o
    0x200003c0        -       0x00000048   Zero   RW         1028    .bss                stm32f1xx_hal_timebase_tim.o
    0x20000408        -       0x00000040   Zero   RW         4093    .bss                queue.o
    0x20000448        -       0x000004c4   Zero   RW         4517    .bss                tasks.o
    0x2000090c        -       0x00000118   Zero   RW         4848    .bss                timers.o
    0x20000a24        -       0x000006b8   Zero   RW         5073    .bss                cmsis_os2.o
    0x200010dc        -       0x00002000   Zero   RW         5519    .bss                heap_4.o
    0x200030dc        -       0x00000060   Zero   RW         5690    .bss                c_w.l(libspace.o)
    0x2000313c   0x0800616c   0x00000004   PAD
    0x20003140        -       0x00000200   Zero   RW            2    HEAP                startup_stm32f103xb.o
    0x20003340        -       0x00000400   Zero   RW            1    STACK               startup_stm32f103xb.o


==============================================================================

Image component sizes


      Code (inc. data)   RO Data    RW Data    ZI Data      Debug   Object Name

       670         26          0          4       1720      63003   cmsis_os2.o
         0          0          0          0          0      19512   event_groups.o
        64         18         96          8          0       2156   freertos.o
       224         18          0          0          0        931   gpio.o
       472         24          0         32       8192       4599   heap_4.o
       160         28          0          0         84       1513   i2c.o
       138          0          0          0          0       3234   list.o
       172          6          0          0          0     448348   main.o
       662         70          0         12          0      10381   port.o
      2152         24          0          0         64      22788   queue.o
      1658         98        173          4         84      14233   robot_app.o
       622         86          0         16        195       6733   robot_comm.o
        76         20          0          0          0        930   robot_delay.o
       228         40          0          4         16       2426   robot_encoder.o
       342         38          0          4          0       4040   robot_motor.o
      1166         90          0         16         24      10085   robot_sensors.o
        64         26        236          0       1536        780   startup_stm32f103xb.o
       100         18          0         12          0       5038   stm32f1xx_hal.o
       158         14          0          0          0      28054   stm32f1xx_hal_cortex.o
       222          4          0          0          0       1683   stm32f1xx_hal_dma.o
       516         34          0          0          0       3980   stm32f1xx_hal_gpio.o
      3666         94          0          0          0      17193   stm32f1xx_hal_i2c.o
        72         10          0          0          0        810   stm32f1xx_hal_msp.o
      1316        100         18          0          0       5961   stm32f1xx_hal_rcc.o
      2044         56          0          0          0      17317   stm32f1xx_hal_tim.o
       192         12          0          0          0       3049   stm32f1xx_hal_tim_ex.o
       152         20          0          0         72       1391   stm32f1xx_hal_timebase_tim.o
      1552         10          0          0          0      10055   stm32f1xx_hal_uart.o
        48         18          0          0          0       3627   stm32f1xx_it.o
         0          0          0          0          0        416   stream_buffer.o
         2          0         24          4          0       1031   system_stm32f1xx.o
      2540        210          0         60       1220      29990   tasks.o
       692         66          0          0        216       4128   tim.o
       972         80          0         20        280      31575   timers.o
       328         34          0          0        144       2223   usart.o

    ----------------------------------------------------------------------
     23482       1392        584        196      13848     783213   Object Totals
         0          0         32          0          0          0   (incl. Generated)
        40          0          5          0          1          0   (incl. Padding)

    ----------------------------------------------------------------------

      Code (inc. data)   RO Data    RW Data    ZI Data      Debug   Library Member Name

         8          0          0          0          0         68   __main.o
         0          0          0          0          0          0   __rtentry.o
        12          0          0          0          0          0   __rtentry2.o
         6          0          0          0          0          0   __rtentry4.o
        52          8          0          0          0          0   __scatter.o
        26          0          0          0          0          0   __scatter_copy.o
        28          0          0          0          0          0   __scatter_zi.o
        16          0          0          0          0         68   aeabi_memset.o
        18          0          0          0          0         80   exit.o
         6          0          0          0          0        152   heapauxi.o
         0          0          0          0          0          0   indicate_semi.o
         2          0          0          0          0          0   libinit.o
         2          0          0          0          0          0   libinit2.o
         2          0          0          0          0          0   libshutdown.o
         2          0          0          0          0          0   libshutdown2.o
         8          4          0          0         96         68   libspace.o
        68          0          0          0          0         68   rt_memclr.o
        78          0          0          0          0         80   rt_memclr_w.o
       138          0          0          0          0         68   rt_memcpy_v6.o
       100          0          0          0          0         80   rt_memcpy_w.o
         2          0          0          0          0          0   rtexit.o
        10          0          0          0          0          0   rtexit2.o
        12          4          0          0          0         68   sys_exit.o
        74          0          0          0          0         80   sys_stackheap_outer.o
         2          0          0          0          0         68   use_no_semi.o

    ----------------------------------------------------------------------
       678         16          0          0        100        948   Library Totals
         6          0          0          0          4          0   (incl. Padding)

    ----------------------------------------------------------------------

      Code (inc. data)   RO Data    RW Data    ZI Data      Debug   Library Name

       672         16          0          0         96        948   c_w.l

    ----------------------------------------------------------------------
       678         16          0          0        100        948   Library Totals

    ----------------------------------------------------------------------

==============================================================================


      Code (inc. data)   RO Data    RW Data    ZI Data      Debug   

     24160       1408        584        196      13948     770793   Grand Totals
     24160       1408        584        196      13948     770793   ELF Image Totals
     24160       1408        584        196          0          0   ROM Totals

==============================================================================

    Total RO  Size (Code + RO Data)                24744 (  24.16kB)
    Total RW  Size (RW Data + ZI Data)             14144 (  13.81kB)
    Total ROM Size (Code + RO Data + RW Data)      24940 (  24.36kB)

==============================================================================

