Component: ARM Compiler 5.06 update 7 (build 960) Tool: armlink [4d3601]

==============================================================================

Section Cross References

    startup_stm32f103xb.o(STACK) refers (Special) to heapauxi.o(.text) for __use_two_region_memory
    startup_stm32f103xb.o(HEAP) refers (Special) to heapauxi.o(.text) for __use_two_region_memory
    startup_stm32f103xb.o(RESET) refers (Special) to heapauxi.o(.text) for __use_two_region_memory
    startup_stm32f103xb.o(RESET) refers to startup_stm32f103xb.o(STACK) for __initial_sp
    startup_stm32f103xb.o(RESET) refers to startup_stm32f103xb.o(.text) for Reset_Handler
    startup_stm32f103xb.o(RESET) refers to stm32f1xx_it.o(i.NMI_Handler) for NMI_Handler
    startup_stm32f103xb.o(RESET) refers to stm32f1xx_it.o(i.HardFault_Handler) for HardFault_Handler
    startup_stm32f103xb.o(RESET) refers to stm32f1xx_it.o(i.MemManage_Handler) for MemManage_Handler
    startup_stm32f103xb.o(RESET) refers to stm32f1xx_it.o(i.BusFault_Handler) for BusFault_Handler
    startup_stm32f103xb.o(RESET) refers to stm32f1xx_it.o(i.UsageFault_Handler) for UsageFault_Handler
    startup_stm32f103xb.o(RESET) refers to port.o(.emb_text) for SVC_Handler
    startup_stm32f103xb.o(RESET) refers to stm32f1xx_it.o(i.DebugMon_Handler) for DebugMon_Handler
    startup_stm32f103xb.o(RESET) refers to cmsis_os2.o(i.SysTick_Handler) for SysTick_Handler
    startup_stm32f103xb.o(RESET) refers to stm32f1xx_it.o(i.TIM3_IRQHandler) for TIM3_IRQHandler
    startup_stm32f103xb.o(RESET) refers to stm32f1xx_it.o(i.USART1_IRQHandler) for USART1_IRQHandler
    startup_stm32f103xb.o(RESET) refers to stm32f1xx_it.o(i.USART2_IRQHandler) for USART2_IRQHandler
    startup_stm32f103xb.o(.text) refers (Special) to heapauxi.o(.text) for __use_two_region_memory
    startup_stm32f103xb.o(.text) refers to system_stm32f1xx.o(i.SystemInit) for SystemInit
    startup_stm32f103xb.o(.text) refers to __main.o(!!!main) for __main
    startup_stm32f103xb.o(.text) refers to startup_stm32f103xb.o(HEAP) for Heap_Mem
    startup_stm32f103xb.o(.text) refers to startup_stm32f103xb.o(STACK) for Stack_Mem
    robot_app.o(i.RobotApp_BoardInit) refers to rt_memclr_w.o(.text) for __aeabi_memclr4
    robot_app.o(i.RobotApp_BoardInit) refers to robot_delay.o(i.RobotDelay_Init) for RobotDelay_Init
    robot_app.o(i.RobotApp_BoardInit) refers to robot_motor.o(i.RobotMotor_Init) for RobotMotor_Init
    robot_app.o(i.RobotApp_BoardInit) refers to robot_encoder.o(i.RobotEncoder_Init) for RobotEncoder_Init
    robot_app.o(i.RobotApp_BoardInit) refers to robot_sensors.o(i.RobotSensors_Init) for RobotSensors_Init
    robot_app.o(i.RobotApp_BoardInit) refers to robot_comm.o(i.RobotComm_Init) for RobotComm_Init
    robot_app.o(i.RobotApp_BoardInit) refers to robot_app.o(i.debug_print_help) for debug_print_help
    robot_app.o(i.RobotApp_BoardInit) refers to robot_app.o(.bss) for .bss
    robot_app.o(i.RobotApp_ControlTask) refers to cmsis_os2.o(i.osKernelGetTickCount) for osKernelGetTickCount
    robot_app.o(i.RobotApp_ControlTask) refers to robot_comm.o(i.RobotComm_ProcessRx) for RobotComm_ProcessRx
    robot_app.o(i.RobotApp_ControlTask) refers to robot_app.o(i.ctx_lock) for ctx_lock
    robot_app.o(i.RobotApp_ControlTask) refers to robot_app.o(i.control_step) for control_step
    robot_app.o(i.RobotApp_ControlTask) refers to robot_app.o(i.ctx_unlock) for ctx_unlock
    robot_app.o(i.RobotApp_ControlTask) refers to cmsis_os2.o(i.osDelayUntil) for osDelayUntil
    robot_app.o(i.RobotApp_CreateTasks) refers to cmsis_os2.o(i.osMutexNew) for osMutexNew
    robot_app.o(i.RobotApp_CreateTasks) refers to robot_comm.o(i.RobotComm_SetDebugLineHandler) for RobotComm_SetDebugLineHandler
    robot_app.o(i.RobotApp_CreateTasks) refers to cmsis_os2.o(i.osThreadNew) for osThreadNew
    robot_app.o(i.RobotApp_CreateTasks) refers to robot_app.o(.constdata) for .constdata
    robot_app.o(i.RobotApp_CreateTasks) refers to robot_app.o(.data) for .data
    robot_app.o(i.RobotApp_CreateTasks) refers to robot_app.o(i.RobotApp_OnDebugLine) for RobotApp_OnDebugLine
    robot_app.o(i.RobotApp_CreateTasks) refers to robot_app.o(i.RobotApp_ControlTask) for RobotApp_ControlTask
    robot_app.o(i.RobotApp_CreateTasks) refers to robot_app.o(i.RobotApp_SensorTask) for RobotApp_SensorTask
    robot_app.o(i.RobotApp_CreateTasks) refers to robot_app.o(i.RobotApp_TelemetryTask) for RobotApp_TelemetryTask
    robot_app.o(i.RobotApp_DefaultTask) refers to cmsis_os2.o(i.osDelay) for osDelay
    robot_app.o(i.RobotApp_GetStatus) refers to robot_app.o(i.ctx_lock) for ctx_lock
    robot_app.o(i.RobotApp_GetStatus) refers to rt_memcpy_w.o(.text) for __aeabi_memcpy4
    robot_app.o(i.RobotApp_GetStatus) refers to robot_app.o(i.ctx_unlock) for ctx_unlock
    robot_app.o(i.RobotApp_GetStatus) refers to robot_app.o(.bss) for .bss
    robot_app.o(i.RobotApp_OnDebugLine) refers to _scanf_int.o(.text) for _scanf_int
[...]
    EXTI3_IRQHandler                         0x080002e7   Thumb Code     0  startup_stm32f103xb.o(.text)
    EXTI4_IRQHandler                         0x080002e7   Thumb Code     0  startup_stm32f103xb.o(.text)
    EXTI9_5_IRQHandler                       0x080002e7   Thumb Code     0  startup_stm32f103xb.o(.text)
    FLASH_IRQHandler                         0x080002e7   Thumb Code     0  startup_stm32f103xb.o(.text)
    I2C1_ER_IRQHandler                       0x080002e7   Thumb Code     0  startup_stm32f103xb.o(.text)
    I2C1_EV_IRQHandler                       0x080002e7   Thumb Code     0  startup_stm32f103xb.o(.text)
    I2C2_ER_IRQHandler                       0x080002e7   Thumb Code     0  startup_stm32f103xb.o(.text)
    I2C2_EV_IRQHandler                       0x080002e7   Thumb Code     0  startup_stm32f103xb.o(.text)
    PVD_IRQHandler                           0x080002e7   Thumb Code     0  startup_stm32f103xb.o(.text)
    RCC_IRQHandler                           0x080002e7   Thumb Code     0  startup_stm32f103xb.o(.text)
    RTC_Alarm_IRQHandler                     0x080002e7   Thumb Code     0  startup_stm32f103xb.o(.text)
    RTC_IRQHandler                           0x080002e7   Thumb Code     0  startup_stm32f103xb.o(.text)
    SPI1_IRQHandler                          0x080002e7   Thumb Code     0  startup_stm32f103xb.o(.text)
    SPI2_IRQHandler                          0x080002e7   Thumb Code     0  startup_stm32f103xb.o(.text)
    TAMPER_IRQHandler                        0x080002e7   Thumb Code     0  startup_stm32f103xb.o(.text)
    TIM1_BRK_IRQHandler                      0x080002e7   Thumb Code     0  startup_stm32f103xb.o(.text)
    TIM1_CC_IRQHandler                       0x080002e7   Thumb Code     0  startup_stm32f103xb.o(.text)
    TIM1_TRG_COM_IRQHandler                  0x080002e7   Thumb Code     0  startup_stm32f103xb.o(.text)
    TIM1_UP_IRQHandler                       0x080002e7   Thumb Code     0  startup_stm32f103xb.o(.text)
    TIM2_IRQHandler                          0x080002e7   Thumb Code     0  startup_stm32f103xb.o(.text)
    TIM4_IRQHandler                          0x080002e7   Thumb Code     0  startup_stm32f103xb.o(.text)
    USART3_IRQHandler                        0x080002e7   Thumb Code     0  startup_stm32f103xb.o(.text)
    USBWakeUp_IRQHandler                     0x080002e7   Thumb Code     0  startup_stm32f103xb.o(.text)
    USB_HP_CAN1_TX_IRQHandler                0x080002e7   Thumb Code     0  startup_stm32f103xb.o(.text)
    USB_LP_CAN1_RX0_IRQHandler               0x080002e7   Thumb Code     0  startup_stm32f103xb.o(.text)
    WWDG_IRQHandler                          0x080002e7   Thumb Code     0  startup_stm32f103xb.o(.text)
    __user_initial_stackheap                 0x080002e9   Thumb Code     0  startup_stm32f103xb.o(.text)
    vsnprintf                                0x0800030d   Thumb Code    48  vsnprintf.o(.text)
    __0sscanf                                0x08000341   Thumb Code    52  __0sscanf.o(.text)
    _scanf_int                               0x0800037d   Thumb Code   332  _scanf_int.o(.text)
    __aeabi_memcpy                           0x080004c9   Thumb Code     0  rt_memcpy_v6.o(.text)
    __rt_memcpy                              0x080004c9   Thumb Code   138  rt_memcpy_v6.o(.text)
    _memcpy_lastbytes                        0x0800052f   Thumb Code     0  rt_memcpy_v6.o(.text)
    __aeabi_memcpy4                          0x08000553   Thumb Code     0  rt_memcpy_w.o(.text)
    __aeabi_memcpy8                          0x08000553   Thumb Code     0  rt_memcpy_w.o(.text)
    __rt_memcpy_w                            0x08000553   Thumb Code   100  rt_memcpy_w.o(.text)
    _memcpy_lastbytes_aligned                0x0800059b   Thumb Code     0  rt_memcpy_w.o(.text)
    __aeabi_memset                           0x080005b7   Thumb Code    16  aeabi_memset.o(.text)
    __aeabi_memclr                           0x080005c7   Thumb Code     0  rt_memclr.o(.text)
    __rt_memclr                              0x080005c7   Thumb Code    68  rt_memclr.o(.text)
    _memset                                  0x080005cb   Thumb Code     0  rt_memclr.o(.text)
    __aeabi_memclr4                          0x0800060b   Thumb Code     0  rt_memclr_w.o(.text)
    __aeabi_memclr8                          0x0800060b   Thumb Code     0  rt_memclr_w.o(.text)
    __rt_memclr_w                            0x0800060b   Thumb Code    78  rt_memclr_w.o(.text)
    _memset_w                                0x0800060f   Thumb Code     0  rt_memclr_w.o(.text)
    strcmp                                   0x08000659   Thumb Code   128  strcmpv7m.o(.text)
    __use_two_region_memory                  0x080006d9   Thumb Code     2  heapauxi.o(.text)
    __rt_heap_escrow$2region                 0x080006db   Thumb Code     2  heapauxi.o(.text)
    __rt_heap_expand$2region                 0x080006dd   Thumb Code     2  heapauxi.o(.text)
    _printf_pre_padding                      0x080006df   Thumb Code    44  _printf_pad.o(.text)
    _printf_post_padding                     0x0800070b   Thumb Code    34  _printf_pad.o(.text)
    _printf_truncate_signed                  0x0800072d   Thumb Code    18  _printf_truncate.o(.text)
    _printf_truncate_unsigned                0x0800073f   Thumb Code    18  _printf_truncate.o(.text)
    _printf_str                              0x08000751   Thumb Code    82  _printf_str.o(.text)
    _printf_int_dec                          0x080007a5   Thumb Code   104  _printf_dec.o(.text)
    _printf_charcount                        0x0800081d   Thumb Code    40  _printf_charcount.o(.text)
    _printf_char_common                      0x0800084f   Thumb Code    32  _printf_char_common.o(.text)
    _sputc                                   0x08000875   Thumb Code    10  _sputc.o(.text)
    _snputc                                  0x0800087f   Thumb Code    16  _snputc.o(.text)
    _printf_wctomb                           0x08000891   Thumb Code   182  _printf_wctomb.o(.text)
    _printf_longlong_dec                     0x0800094d   Thumb Code   108  _printf_longlong_dec.o(.text)
    _printf_longlong_oct                     0x080009c9   Thumb Code    66  _printf_oct_int_ll.o(.text)
    _printf_int_oct                          0x08000a0b   Thumb Code    24  _printf_oct_int_ll.o(.text)
    _printf_ll_oct                           0x08000a23   Thumb Code    12  _printf_oct_int_ll.o(.text)
    _printf_longlong_hex                     0x08000a39   Thumb Code    86  _printf_hex_int_ll_ptr.o(.text)
    _printf_int_hex                          0x08000a8f   Thumb Code    28  _printf_hex_int_ll_ptr.o(.text)
    _printf_ll_hex                           0x08000aab   Thumb Code    12  _printf_hex_int_ll_ptr.o(.text)
    _printf_hex_ptr                          0x08000ab7   Thumb Code    18  _printf_hex_int_ll_ptr.o(.text)
    __printf                                 0x08000acd   Thumb Code   388  __printf_flags_ss_wp.o(.text)
    _chval                                   0x08000c55   Thumb Code    28  _chval.o(.text)
    __vfscanf_char                           0x08000c7d   Thumb Code    24  scanf_char.o(.text)
    _sgetc                                   0x08000c9d   Thumb Code    30  _sgetc.o(.text)
    _sbackspace                              0x08000cbb   Thumb Code    34  _sgetc.o(.text)
    _ll_udiv10                               0x08000cdd   Thumb Code   138  lludiv10.o(.text)
    isspace                                  0x08000d67   Thumb Code    18  isspace.o(.text)
    _printf_int_common                       0x08000d79   Thumb Code   178  _printf_intcommon.o(.text)
    __lib_sel_fp_printf                      0x08000e2b   Thumb Code     2  _printf_fp_dec.o(.text)
    _printf_fp_dec_real                      0x08000fdd   Thumb Code   620  _printf_fp_dec.o(.text)
    _printf_fp_hex_real                      0x08001249   Thumb Code   756  _printf_fp_hex.o(.text)
    _printf_cs_common                        0x08001545   Thumb Code    20  _printf_char.o(.text)
    _printf_char                             0x08001559   Thumb Code    16  _printf_char.o(.text)
    _printf_string                           0x08001569   Thumb Code     8  _printf_char.o(.text)
    _printf_lcs_common                       0x08001571   Thumb Code    20  _printf_wchar.o(.text)
    _printf_wchar                            0x08001585   Thumb Code    16  _printf_wchar.o(.text)
    _printf_wstring                          0x08001595   Thumb Code     8  _printf_wchar.o(.text)
    __vfscanf                                0x0800159d   Thumb Code   880  _scanf.o(.text)
    _wcrtomb                                 0x08001911   Thumb Code    64  _wcrtomb.o(.text)
    __user_setup_stackheap                   0x08001951   Thumb Code    74  sys_stackheap_outer.o(.text)
    __rt_ctype_table                         0x0800199d   Thumb Code    16  rt_ctype_table.o(.text)
    __rt_locale                              0x080019ad   Thumb Code     8  rt_locale_intlibspace.o(.text)
    _printf_fp_infnan                        0x080019b5   Thumb Code   112  _printf_fp_infnan.o(.text)
    _btod_etento                             0x08001a35   Thumb Code   224  bigflt0.o(.text)
    exit                                     0x08001b19   Thumb Code    18  exit.o(.text)
    __user_libspace                          0x08001b2d   Thumb Code     8  libspace.o(.text)
    __user_perproc_libspace                  0x08001b2d   Thumb Code     0  libspace.o(.text)
    __user_perthread_libspace                0x08001b2d   Thumb Code     0  libspace.o(.text)
    _sys_exit                                0x08001b35   Thumb Code     8  sys_exit.o(.text)
    __I$use$semihosting                      0x08001b41   Thumb Code     0  use_no_semi.o(.text)
    __use_no_semihosting_swi                 0x08001b41   Thumb Code     2  use_no_semi.o(.text)
    __semihosting_library_function           0x08001b43   Thumb Code     0  indicate_semi.o(.text)
    _btod_d2e                                0x08001b43   Thumb Code    62  btod.o(CL$$btod_d2e)
    _d2e_denorm_low                          0x08001b81   Thumb Code    70  btod.o(CL$$btod_d2e_denorm_low)
    _d2e_norm_op1                            0x08001bc7   Thumb Code    96  btod.o(CL$$btod_d2e_norm_op1)
    __btod_div_common                        0x08001c27   Thumb Code   696  btod.o(CL$$btod_div_common)
    _e2e                                     0x08001f5f   Thumb Code   220  btod.o(CL$$btod_e2e)
    _btod_ediv                               0x0800203b   Thumb Code    42  btod.o(CL$$btod_ediv)
    _btod_emul                               0x08002065   Thumb Code    42  btod.o(CL$$btod_emul)
    __btod_mult_common                       0x0800208f   Thumb Code   580  btod.o(CL$$btod_mult_common)
    BusFault_Handler                         0x080022d3   Thumb Code     2  stm32f1xx_it.o(i.BusFault_Handler)
    DebugMon_Handler                         0x080022d5   Thumb Code     2  stm32f1xx_it.o(i.DebugMon_Handler)
    Error_Handler                            0x080022d7   Thumb Code     4  main.o(i.Error_Handler)
    HAL_DMA_Abort                            0x080022db   Thumb Code    70  stm32f1xx_hal_dma.o(i.HAL_DMA_Abort)
    HAL_DMA_Abort_IT                         0x08002321   Thumb Code   148  stm32f1xx_hal_dma.o(i.HAL_DMA_Abort_IT)
    HAL_Delay                                0x080023b9   Thumb Code    32  stm32f1xx_hal.o(i.HAL_Delay)
    HAL_GPIO_Init                            0x080023dd   Thumb Code   446  stm32f1xx_hal_gpio.o(i.HAL_GPIO_Init)
    HAL_GPIO_ReadPin                         0x080025bd   Thumb Code    10  stm32f1xx_hal_gpio.o(i.HAL_GPIO_ReadPin)
    HAL_GPIO_TogglePin                       0x080025c7   Thumb Code    16  stm32f1xx_hal_gpio.o(i.HAL_GPIO_TogglePin)
    HAL_GPIO_WritePin                        0x080025d7   Thumb Code    10  stm32f1xx_hal_gpio.o(i.HAL_GPIO_WritePin)
    HAL_GetTick                              0x080025e1   Thumb Code     6  stm32f1xx_hal.o(i.HAL_GetTick)
    HAL_I2C_Init                             0x080025ed   Thumb Code   376  stm32f1xx_hal_i2c.o(i.HAL_I2C_Init)
    HAL_I2C_Master_Receive                   0x08002775   Thumb Code   576  stm32f1xx_hal_i2c.o(i.HAL_I2C_Master_Receive)
    HAL_I2C_Master_Transmit                  0x080029c5   Thumb Code   290  stm32f1xx_hal_i2c.o(i.HAL_I2C_Master_Transmit)
    HAL_I2C_Mem_Read                         0x08002af1   Thumb Code   586  stm32f1xx_hal_i2c.o(i.HAL_I2C_Mem_Read)
    HAL_I2C_Mem_Write                        0x08002d4d   Thumb Code   294  stm32f1xx_hal_i2c.o(i.HAL_I2C_Mem_Write)
    HAL_I2C_MspInit                          0x08002e7d   Thumb Code    82  i2c.o(i.HAL_I2C_MspInit)
    HAL_IncTick                              0x08002edd   Thumb Code    12  stm32f1xx_hal.o(i.HAL_IncTick)
    HAL_Init                                 0x08002eed   Thumb Code    32  stm32f1xx_hal.o(i.HAL_Init)
    HAL_InitTick                             0x08002f11   Thumb Code   132  stm32f1xx_hal_timebase_tim.o(i.HAL_InitTick)
    HAL_MspInit                              0x08002fa9   Thumb Code    62  stm32f1xx_hal_msp.o(i.HAL_MspInit)
    HAL_NVIC_EnableIRQ                       0x08002ff1   Thumb Code    26  stm32f1xx_hal_cortex.o(i.HAL_NVIC_EnableIRQ)
    HAL_NVIC_SetPriority                     0x0800300d   Thumb Code    60  stm32f1xx_hal_cortex.o(i.HAL_NVIC_SetPriority)
    HAL_NVIC_SetPriorityGrouping             0x0800304d   Thumb Code    26  stm32f1xx_hal_cortex.o(i.HAL_NVIC_SetPriorityGrouping)
    HAL_RCC_ClockConfig                      0x08003071   Thumb Code   280  stm32f1xx_hal_rcc.o(i.HAL_RCC_ClockConfig)
    HAL_RCC_GetClockConfig                   0x0800319d   Thumb Code    54  stm32f1xx_hal_rcc.o(i.HAL_RCC_GetClockConfig)
    HAL_RCC_GetHCLKFreq                      0x080031dd   Thumb Code     6  stm32f1xx_hal_rcc.o(i.HAL_RCC_GetHCLKFreq)
    HAL_RCC_GetPCLK1Freq                     0x080031e9   Thumb Code    20  stm32f1xx_hal_rcc.o(i.HAL_RCC_GetPCLK1Freq)
    HAL_RCC_GetPCLK2Freq                     0x08003209   Thumb Code    20  stm32f1xx_hal_rcc.o(i.HAL_RCC_GetPCLK2Freq)
    HAL_RCC_GetSysClockFreq                  0x08003229   Thumb Code    58  stm32f1xx_hal_rcc.o(i.HAL_RCC_GetSysClockFreq)
    HAL_RCC_OscConfig                        0x08003275   Thumb Code   778  stm32f1xx_hal_rcc.o(i.HAL_RCC_OscConfig)
    HAL_TIMEx_BreakCallback                  0x08003595   Thumb Code     2  stm32f1xx_hal_tim_ex.o(i.HAL_TIMEx_BreakCallback)
    HAL_TIMEx_CommutCallback                 0x08003597   Thumb Code     2  stm32f1xx_hal_tim_ex.o(i.HAL_TIMEx_CommutCallback)
    HAL_TIMEx_ConfigBreakDeadTime            0x08003599   Thumb Code    84  stm32f1xx_hal_tim_ex.o(i.HAL_TIMEx_ConfigBreakDeadTime)
    HAL_TIMEx_MasterConfigSynchronization    0x080035ed   Thumb Code    92  stm32f1xx_hal_tim_ex.o(i.HAL_TIMEx_MasterConfigSynchronization)
    HAL_TIM_Base_Init                        0x08003655   Thumb Code    90  stm32f1xx_hal_tim.o(i.HAL_TIM_Base_Init)
    HAL_TIM_Base_MspInit                     0x080036b1   Thumb Code    30  tim.o(i.HAL_TIM_Base_MspInit)
    HAL_TIM_Base_Start_IT                    0x080036d9   Thumb Code    76  stm32f1xx_hal_tim.o(i.HAL_TIM_Base_Start_IT)
    HAL_TIM_ConfigClockSource                0x08003731   Thumb Code   220  stm32f1xx_hal_tim.o(i.HAL_TIM_ConfigClockSource)
    HAL_TIM_Encoder_Init                     0x0800380d   Thumb Code   164  stm32f1xx_hal_tim.o(i.HAL_TIM_Encoder_Init)
    HAL_TIM_Encoder_MspInit                  0x080038b1   Thumb Code   122  tim.o(i.HAL_TIM_Encoder_MspInit)
    HAL_TIM_Encoder_Start                    0x0800393d   Thumb Code   142  stm32f1xx_hal_tim.o(i.HAL_TIM_Encoder_Start)
    HAL_TIM_IC_CaptureCallback               0x080039cb   Thumb Code     2  stm32f1xx_hal_tim.o(i.HAL_TIM_IC_CaptureCallback)
    HAL_TIM_IRQHandler                       0x080039cd   Thumb Code   304  stm32f1xx_hal_tim.o(i.HAL_TIM_IRQHandler)
    HAL_TIM_MspPostInit                      0x08003afd   Thumb Code    64  tim.o(i.HAL_TIM_MspPostInit)
    HAL_TIM_OC_DelayElapsedCallback          0x08003b49   Thumb Code     2  stm32f1xx_hal_tim.o(i.HAL_TIM_OC_DelayElapsedCallback)
    HAL_TIM_PWM_ConfigChannel                0x08003b4b   Thumb Code   204  stm32f1xx_hal_tim.o(i.HAL_TIM_PWM_ConfigChannel)
    HAL_TIM_PWM_Init                         0x08003c17   Thumb Code    90  stm32f1xx_hal_tim.o(i.HAL_TIM_PWM_Init)
    HAL_TIM_PWM_MspInit                      0x08003c71   Thumb Code     2  stm32f1xx_hal_tim.o(i.HAL_TIM_PWM_MspInit)
    HAL_TIM_PWM_PulseFinishedCallback        0x08003c73   Thumb Code     2  stm32f1xx_hal_tim.o(i.HAL_TIM_PWM_PulseFinishedCallback)
    HAL_TIM_PWM_Start                        0x08003c75   Thumb Code   144  stm32f1xx_hal_tim.o(i.HAL_TIM_PWM_Start)
    HAL_TIM_PeriodElapsedCallback            0x08003d11   Thumb Code    14  main.o(i.HAL_TIM_PeriodElapsedCallback)
    HAL_TIM_TriggerCallback                  0x08003d25   Thumb Code     2  stm32f1xx_hal_tim.o(i.HAL_TIM_TriggerCallback)
    HAL_UARTEx_RxEventCallback               0x08003d27   Thumb Code     2  stm32f1xx_hal_uart.o(i.HAL_UARTEx_RxEventCallback)
    HAL_UART_ErrorCallback                   0x08003d29   Thumb Code    20  robot_comm.o(i.HAL_UART_ErrorCallback)
    HAL_UART_IRQHandler                      0x08003d49   Thumb Code   616  stm32f1xx_hal_uart.o(i.HAL_UART_IRQHandler)
    HAL_UART_Init                            0x08003fb5   Thumb Code   100  stm32f1xx_hal_uart.o(i.HAL_UART_Init)
    HAL_UART_MspInit                         0x08004019   Thumb Code   198  usart.o(i.HAL_UART_MspInit)
    HAL_UART_Receive_IT                      0x080040f1   Thumb Code    28  stm32f1xx_hal_uart.o(i.HAL_UART_Receive_IT)
    HAL_UART_RxCpltCallback                  0x0800410d   Thumb Code    60  robot_comm.o(i.HAL_UART_RxCpltCallback)
    HAL_UART_Transmit                        0x08004159   Thumb Code   160  stm32f1xx_hal_uart.o(i.HAL_UART_Transmit)
    HAL_UART_TxCpltCallback                  0x080041f9   Thumb Code     2  stm32f1xx_hal_uart.o(i.HAL_UART_TxCpltCallback)
    HardFault_Handler                        0x080041fb   Thumb Code     2  stm32f1xx_it.o(i.HardFault_Handler)
    MX_FREERTOS_Init                         0x080047c5   Thumb Code    38  freertos.o(i.MX_FREERTOS_Init)
    MX_GPIO_Init                             0x080047fd   Thumb Code   206  gpio.o(i.MX_GPIO_Init)
    MX_I2C2_Init                             0x080048dd   Thumb Code    50  i2c.o(i.MX_I2C2_Init)
    MX_TIM1_Init                             0x0800491d   Thumb Code   206  tim.o(i.MX_TIM1_Init)
    MX_TIM2_Init                             0x080049f5   Thumb Code   102  tim.o(i.MX_TIM2_Init)
    MX_TIM4_Init                             0x08004a61   Thumb Code   100  tim.o(i.MX_TIM4_Init)
    MX_USART1_UART_Init                      0x08004acd   Thumb Code    48  usart.o(i.MX_USART1_UART_Init)
    MX_USART2_UART_Init                      0x08004b05   Thumb Code    48  usart.o(i.MX_USART2_UART_Init)
    MemManage_Handler                        0x08004b3d   Thumb Code     2  stm32f1xx_it.o(i.MemManage_Handler)
    NMI_Handler                              0x08004b3f   Thumb Code     2  stm32f1xx_it.o(i.NMI_Handler)
    RobotApp_BoardInit                       0x08004b41   Thumb Code    46  robot_app.o(i.RobotApp_BoardInit)
    RobotApp_CreateTasks                     0x08004b99   Thumb Code    58  robot_app.o(i.RobotApp_CreateTasks)
    RobotApp_DefaultTask                     0x08004bed   Thumb Code    12  robot_app.o(i.RobotApp_DefaultTask)
    RobotApp_GetStatus                       0x08004bf9   Thumb Code   114  robot_app.o(i.RobotApp_GetStatus)
    RobotApp_StatusLedTask                   0x08004eb5   Thumb Code    60  robot_app.o(i.RobotApp_StatusLedTask)
    RobotComm_DebugPrintf                    0x08004f09   Thumb Code    58  robot_comm.o(i.RobotComm_DebugPrintf)
    RobotComm_GetRxOverflowCount             0x08004f49   Thumb Code     6  robot_comm.o(i.RobotComm_GetRxOverflowCount)
    RobotComm_Init                           0x08004f55   Thumb Code    26  robot_comm.o(i.RobotComm_Init)
    RobotComm_ProcessRx                      0x08004f7d   Thumb Code    36  robot_comm.o(i.RobotComm_ProcessRx)
    RobotComm_SetDebugLineHandler            0x08004fa9   Thumb Code     6  robot_comm.o(i.RobotComm_SetDebugLineHandler)
    RobotDelay_Init                          0x08004fb5   Thumb Code    26  robot_delay.o(i.RobotDelay_Init)
    RobotDelay_Us                            0x08004fd9   Thumb Code    30  robot_delay.o(i.RobotDelay_Us)
    RobotEncoder_Init                        0x08005001   Thumb Code    46  robot_encoder.o(i.RobotEncoder_Init)
    RobotEncoder_Sample                      0x08005041   Thumb Code    90  robot_encoder.o(i.RobotEncoder_Sample)
    RobotMotor_Enable                        0x080050ad   Thumb Code    16  robot_motor.o(i.RobotMotor_Enable)
    RobotMotor_Init                          0x080050c1   Thumb Code    44  robot_motor.o(i.RobotMotor_Init)
    RobotMotor_SetPercent                    0x080050f1   Thumb Code    94  robot_motor.o(i.RobotMotor_SetPercent)
    RobotMotor_Stop                          0x0800515d   Thumb Code    56  robot_motor.o(i.RobotMotor_Stop)
    RobotSensors_Get                         0x080051a1   Thumb Code    14  robot_sensors.o(i.RobotSensors_Get)
    RobotSensors_Init                        0x080051b5   Thumb Code    88  robot_sensors.o(i.RobotSensors_Init)
    RobotSensors_Update                      0x08005219   Thumb Code   102  robot_sensors.o(i.RobotSensors_Update)
    StartDefaultTask                         0x0800528d   Thumb Code     4  freertos.o(i.StartDefaultTask)
    StartTask_Led                            0x08005291   Thumb Code     4  freertos.o(i.StartTask_Led)
    SysTick_Handler                          0x08005295   Thumb Code    26  cmsis_os2.o(i.SysTick_Handler)
    SystemClock_Config                       0x080052af   Thumb Code    94  main.o(i.SystemClock_Config)
    SystemInit                               0x0800530d   Thumb Code     2  system_stm32f1xx.o(i.SystemInit)
    TIM3_IRQHandler                          0x08005311   Thumb Code     6  stm32f1xx_it.o(i.TIM3_IRQHandler)
    TIM_Base_SetConfig                       0x0800531d   Thumb Code   108  stm32f1xx_hal_tim.o(i.TIM_Base_SetConfig)
    TIM_CCxChannelCmd                        0x08005395   Thumb Code    26  stm32f1xx_hal_tim.o(i.TIM_CCxChannelCmd)
    TIM_ETR_SetConfig                        0x080053af   Thumb Code    20  stm32f1xx_hal_tim.o(i.TIM_ETR_SetConfig)
    TIM_OC2_SetConfig                        0x08005425   Thumb Code    84  stm32f1xx_hal_tim.o(i.TIM_OC2_SetConfig)
    UART_Start_Receive_IT                    0x08005739   Thumb Code    54  stm32f1xx_hal_uart.o(i.UART_Start_Receive_IT)
    USART1_IRQHandler                        0x080057e1   Thumb Code     6  stm32f1xx_it.o(i.USART1_IRQHandler)
    USART2_IRQHandler                        0x080057ed   Thumb Code     6  stm32f1xx_it.o(i.USART2_IRQHandler)
    UsageFault_Handler                       0x080057f9   Thumb Code     2  stm32f1xx_it.o(i.UsageFault_Handler)
    __ARM_fpclassify                         0x080057fb   Thumb Code    40  fpclassify.o(i.__ARM_fpclassify)
    _is_digit                                0x08005843   Thumb Code    14  __printf_wp.o(i._is_digit)
    main                                     0x08005fb5   Thumb Code    54  main.o(i.main)
    osDelay                                  0x08006089   Thumb Code    26  cmsis_os2.o(i.osDelay)
    osDelayUntil                             0x080060a3   Thumb Code    46  cmsis_os2.o(i.osDelayUntil)
    osKernelGetState                         0x080060d1   Thumb Code    28  cmsis_os2.o(i.osKernelGetState)
    osKernelGetTickCount                     0x080060f1   Thumb Code    14  cmsis_os2.o(i.osKernelGetTickCount)
    osKernelInitialize                       0x08006101   Thumb Code    32  cmsis_os2.o(i.osKernelInitialize)
    osKernelStart                            0x08006125   Thumb Code    48  cmsis_os2.o(i.osKernelStart)
    osMutexAcquire                           0x0800615d   Thumb Code    82  cmsis_os2.o(i.osMutexAcquire)
    osMutexNew                               0x080061af   Thumb Code   104  cmsis_os2.o(i.osMutexNew)
    osMutexRelease                           0x08006217   Thumb Code    66  cmsis_os2.o(i.osMutexRelease)
    osThreadNew                              0x08006259   Thumb Code   138  cmsis_os2.o(i.osThreadNew)
    pvPortMalloc                             0x08006a91   Thumb Code   216  heap_4.o(i.pvPortMalloc)
    pvTaskIncrementMutexHeldCount            0x08006b6d   Thumb Code    18  tasks.o(i.pvTaskIncrementMutexHeldCount)
    pxPortInitialiseStack                    0x08006b85   Thumb Code    32  port.o(i.pxPortInitialiseStack)
    uxListRemove                             0x08006df9   Thumb Code    38  list.o(i.uxListRemove)
    vApplicationGetIdleTaskMemory            0x08006e21   Thumb Code    16  cmsis_os2.o(i.vApplicationGetIdleTaskMemory)
    vApplicationGetTimerTaskMemory           0x08006e35   Thumb Code    18  cmsis_os2.o(i.vApplicationGetTimerTaskMemory)
    vListInitialise                          0x08006e4d   Thumb Code    22  list.o(i.vListInitialise)
    vListInitialiseItem                      0x08006e63   Thumb Code     6  list.o(i.vListInitialiseItem)
    vListInsert                              0x08006e69   Thumb Code    48  list.o(i.vListInsert)
    vListInsertEnd                           0x08006e99   Thumb Code    24  list.o(i.vListInsertEnd)
    vPortEnterCritical                       0x08006eb1   Thumb Code    54  port.o(i.vPortEnterCritical)
    vPortExitCritical                        0x08006ef1   Thumb Code    34  port.o(i.vPortExitCritical)
    vPortFree                                0x08006f19   Thumb Code    94  heap_4.o(i.vPortFree)
    vPortSetupTimerInterrupt                 0x08006f7d   Thumb Code    32  port.o(i.vPortSetupTimerInterrupt)
    vPortValidateInterruptPriority           0x08006fa1   Thumb Code    74  port.o(i.vPortValidateInterruptPriority)
    vQueueAddToRegistry                      0x08006ff5   Thumb Code    34  queue.o(i.vQueueAddToRegistry)
    vQueueWaitForMessageRestricted           0x0800701d   Thumb Code    68  queue.o(i.vQueueWaitForMessageRestricted)
    vTaskDelay                               0x08007061   Thumb Code    66  tasks.o(i.vTaskDelay)
    vTaskDelayUntil                          0x080070ad   Thumb Code   132  tasks.o(i.vTaskDelayUntil)
    vTaskInternalSetTimeOutState             0x08007139   Thumb Code    12  tasks.o(i.vTaskInternalSetTimeOutState)
    vTaskMissedYield                         0x08007149   Thumb Code     8  tasks.o(i.vTaskMissedYield)
    vTaskPlaceOnEventList                    0x08007155   Thumb Code    44  tasks.o(i.vTaskPlaceOnEventList)
    vTaskPlaceOnEventListRestricted          0x08007185   Thumb Code    52  tasks.o(i.vTaskPlaceOnEventListRestricted)
    vTaskPriorityDisinheritAfterTimeout      0x080071bd   Thumb Code   134  tasks.o(i.vTaskPriorityDisinheritAfterTimeout)
    vTaskStartScheduler                      0x0800724d   Thumb Code   118  tasks.o(i.vTaskStartScheduler)
    vTaskSuspendAll                          0x080072d5   Thumb Code    10  tasks.o(i.vTaskSuspendAll)
    vTaskSwitchContext                       0x080072e5   Thumb Code    90  tasks.o(i.vTaskSwitchContext)
    xPortStartScheduler                      0x08007379   Thumb Code   154  port.o(i.xPortStartScheduler)
    xPortSysTickHandler                      0x08007421   Thumb Code    38  port.o(i.xPortSysTickHandler)
    xQueueCreateMutex                        0x0800744d   Thumb Code    22  queue.o(i.xQueueCreateMutex)
    xQueueCreateMutexStatic                  0x08007463   Thumb Code    26  queue.o(i.xQueueCreateMutexStatic)
    xQueueGenericCreate                      0x0800747d   Thumb Code    66  queue.o(i.xQueueGenericCreate)
    xQueueGenericCreateStatic                0x080074bf   Thumb Code   102  queue.o(i.xQueueGenericCreateStatic)
    xQueueGenericReset                       0x08007525   Thumb Code   132  queue.o(i.xQueueGenericReset)
    xQueueGenericSend                        0x080075ad   Thumb Code   346  queue.o(i.xQueueGenericSend)
    xQueueGenericSendFromISR                 0x0800770d   Thumb Code   190  queue.o(i.xQueueGenericSendFromISR)
    xQueueGiveMutexRecursive                 0x080077cb   Thumb Code    62  queue.o(i.xQueueGiveMutexRecursive)
    xQueueReceive                            0x08007809   Thumb Code   308  queue.o(i.xQueueReceive)
    xQueueSemaphoreTake                      0x08007941   Thumb Code   372  queue.o(i.xQueueSemaphoreTake)
    xQueueTakeMutexRecursive                 0x08007ab9   Thumb Code    64  queue.o(i.xQueueTakeMutexRecursive)
    xTaskCheckForTimeOut                     0x08007af9   Thumb Code   112  tasks.o(i.xTaskCheckForTimeOut)
    xTaskCreate                              0x08007b6d   Thumb Code    90  tasks.o(i.xTaskCreate)
    xTaskCreateStatic                        0x08007bc7   Thumb Code    86  tasks.o(i.xTaskCreateStatic)
    xTaskGetCurrentTaskHandle                0x08007c1d   Thumb Code     6  tasks.o(i.xTaskGetCurrentTaskHandle)
    xTaskGetSchedulerState                   0x08007c29   Thumb Code    22  tasks.o(i.xTaskGetSchedulerState)
    xTaskGetTickCount                        0x08007c45   Thumb Code     6  tasks.o(i.xTaskGetTickCount)
    xTaskGetTickCountFromISR                 0x08007c51   Thumb Code    12  tasks.o(i.xTaskGetTickCountFromISR)
    xTaskIncrementTick                       0x08007c61   Thumb Code   192  tasks.o(i.xTaskIncrementTick)
    xTaskPriorityDisinherit                  0x08007d29   Thumb Code   118  tasks.o(i.xTaskPriorityDisinherit)
    xTaskPriorityInherit                     0x08007da9   Thumb Code   112  tasks.o(i.xTaskPriorityInherit)
    xTaskRemoveFromEventList                 0x08007e21   Thumb Code    98  tasks.o(i.xTaskRemoveFromEventList)
    xTaskResumeAll                           0x08007e91   Thumb Code   182  tasks.o(i.xTaskResumeAll)
    xTimerCreateTimerTask                    0x08007f55   Thumb Code    78  timers.o(i.xTimerCreateTimerTask)
    xTimerGenericCommand                     0x08007fb5   Thumb Code    98  timers.o(i.xTimerGenericCommand)
    _get_lc_numeric                          0x0800801d   Thumb Code    44  lc_numeric_c.o(locale$$code)
    _get_lc_ctype                            0x08008049   Thumb Code    44  lc_ctype_c.o(locale$$code)
    _printf_fp_dec                           0x08008075   Thumb Code     4  printf1.o(x$fpl$printf1)
    _printf_fp_hex                           0x08008079   Thumb Code     4  printf2.o(x$fpl$printf2)
    __I$use$fp                               0x0800807c   Number         0  usenofp.o(x$fpl$usenofp)
    defaultTask_attributes                   0x080080f8   Data          36  freertos.o(.constdata)
    myTask_Led_attributes                    0x0800811c   Data          36  freertos.o(.constdata)
    AHBPrescTable                            0x08008152   Data          16  system_stm32f1xx.o(.constdata)
    APBPrescTable                            0x08008162   Data           8  system_stm32f1xx.o(.constdata)
    Region$$Table$$Base                      0x080083c4   Number         0  anon$$obj.o(Region$$Table)
    Region$$Table$$Limit                     0x080083e4   Number         0  anon$$obj.o(Region$$Table)
    __ctype                                  0x0800840d   Data           0  lc_ctype_c.o(locale$$data)
    defaultTaskHandle                        0x2000002c   Data           4  freertos.o(.data)
    myTask_LedHandle                         0x20000030   Data           4  freertos.o(.data)
    uwTickFreq                               0x20000034   Data           1  stm32f1xx_hal.o(.data)
    uwTickPrio                               0x20000038   Data           4  stm32f1xx_hal.o(.data)
    uwTick                                   0x2000003c   Data           4  stm32f1xx_hal.o(.data)
    SystemCoreClock                          0x20000040   Data           4  system_stm32f1xx.o(.data)
    pxCurrentTCB                             0x20000044   Data           4  tasks.o(.data)
    hi2c2                                    0x20000228   Data          84  i2c.o(.bss)
    htim1                                    0x2000027c   Data          72  tim.o(.bss)
    htim2                                    0x200002c4   Data          72  tim.o(.bss)
    htim4                                    0x2000030c   Data          72  tim.o(.bss)
    huart1                                   0x20000354   Data          72  usart.o(.bss)
    huart2                                   0x2000039c   Data          72  usart.o(.bss)
    htim3                                    0x200003e4   Data          72  stm32f1xx_hal_timebase_tim.o(.bss)
    xQueueRegistry                           0x2000042c   Data          64  queue.o(.bss)
    __libspace_start                         0x20003100   Data          96  libspace.o(.bss)
    __temporary_stack_top$libspace           0x20003160   Data           0  libspace.o(.bss)



==============================================================================

Memory Map of the image

  Image Entry point : 0x080000ed

  Load Region LR_IROM1 (Base: 0x08000000, Size: 0x000085d4, Max: 0x00010000, ABSOLUTE)

    Execution Region ER_IROM1 (Exec base: 0x08000000, Load base: 0x08000000, Size: 0x00008510, Max: 0x00010000, ABSOLUTE)

    Exec Addr    Load Addr    Size         Type   Attr      Idx    E Section Name        Object

    0x08000000   0x08000000   0x000000ec   Data   RO            3    RESET               startup_stm32f103xb.o
    0x080000ec   0x080000ec   0x00000008   Code   RO         5687  * !!!main             c_w.l(__main.o)
    0x080000f4   0x080000f4   0x00000034   Code   RO         6020    !!!scatter          c_w.l(__scatter.o)
    0x08000128   0x08000128   0x0000001a   Code   RO         6022    !!handler_copy      c_w.l(__scatter_copy.o)
    0x08000142   0x08000142   0x00000002   PAD
    0x08000144   0x08000144   0x0000001c   Code   RO         6024    !!handler_zi        c_w.l(__scatter_zi.o)
    0x08000160   0x08000160   0x00000000   Code   RO         5773    .ARM.Collect$$_printf_percent$$00000000  c_w.l(_printf_percent.o)
    0x08000160   0x08000160   0x00000006   Code   RO         5762    .ARM.Collect$$_printf_percent$$00000001  c_w.l(_printf_n.o)
    0x08000166   0x08000166   0x00000006   Code   RO         5764    .ARM.Collect$$_printf_percent$$00000002  c_w.l(_printf_p.o)
    0x0800016c   0x0800016c   0x00000006   Code   RO         5769    .ARM.Collect$$_printf_percent$$00000003  c_w.l(_printf_f.o)
    0x08000172   0x08000172   0x00000006   Code   RO         5770    .ARM.Collect$$_printf_percent$$00000004  c_w.l(_printf_e.o)
    0x08000178   0x08000178   0x00000006   Code   RO         5771    .ARM.Collect$$_printf_percent$$00000005  c_w.l(_printf_g.o)
    0x0800017e   0x0800017e   0x00000006   Code   RO         5772    .ARM.Collect$$_printf_percent$$00000006  c_w.l(_printf_a.o)
    0x08000184   0x08000184   0x0000000a   Code   RO         5777    .ARM.Collect$$_printf_percent$$00000007  c_w.l(_printf_ll.o)
    0x0800018e   0x0800018e   0x00000006   Code   RO         5766    .ARM.Collect$$_printf_percent$$00000008  c_w.l(_printf_i.o)
    0x08000194   0x08000194   0x00000006   Code   RO         5767    .ARM.Collect$$_printf_percent$$00000009  c_w.l(_printf_d.o)
    0x0800019a   0x0800019a   0x00000006   Code   RO         5768    .ARM.Collect$$_printf_percent$$0000000A  c_w.l(_printf_u.o)
    0x080001a0   0x080001a0   0x00000006   Code   RO         5765    .ARM.Collect$$_printf_percent$$0000000B  c_w.l(_printf_o.o)
    0x080001a6   0x080001a6   0x00000006   Code   RO         5763    .ARM.Collect$$_printf_percent$$0000000C  c_w.l(_printf_x.o)
    0x080001ac   0x080001ac   0x00000006   Code   RO         5774    .ARM.Collect$$_printf_percent$$0000000D  c_w.l(_printf_lli.o)
    0x080001b2   0x080001b2   0x00000006   Code   RO         5775    .ARM.Collect$$_printf_percent$$0000000E  c_w.l(_printf_lld.o)
    0x080001b8   0x080001b8   0x00000006   Code   RO         5776    .ARM.Collect$$_printf_percent$$0000000F  c_w.l(_printf_llu.o)
    0x080001be   0x080001be   0x00000006   Code   RO         5781    .ARM.Collect$$_printf_percent$$00000010  c_w.l(_printf_llo.o)
    0x080001c4   0x080001c4   0x00000006   Code   RO         5782    .ARM.Collect$$_printf_percent$$00000011  c_w.l(_printf_llx.o)
    0x080001ca   0x080001ca   0x0000000a   Code   RO         5778    .ARM.Collect$$_printf_percent$$00000012  c_w.l(_printf_l.o)
    0x080001d4   0x080001d4   0x00000006   Code   RO         5760    .ARM.Collect$$_printf_percent$$00000013  c_w.l(_printf_c.o)
    0x080001da   0x080001da   0x00000006   Code   RO         5761    .ARM.Collect$$_printf_percent$$00000014  c_w.l(_printf_s.o)
    0x080001e0   0x080001e0   0x00000006   Code   RO         5779    .ARM.Collect$$_printf_percent$$00000015  c_w.l(_printf_lc.o)
    0x080001e6   0x080001e6   0x00000006   Code   RO         5780    .ARM.Collect$$_printf_percent$$00000016  c_w.l(_printf_ls.o)
    0x080001ec   0x080001ec   0x00000004   Code   RO         5829    .ARM.Collect$$_printf_percent$$00000017  c_w.l(_printf_percent_end.o)
    0x080001f0   0x080001f0   0x00000002   Code   RO         5880    .ARM.Collect$$libinit$$00000000  c_w.l(libinit.o)
    0x080001f2   0x080001f2   0x00000000   Code   RO         5895    .ARM.Collect$$libinit$$00000002  c_w.l(libinit2.o)
    0x080001f2   0x080001f2   0x00000000   Code   RO         5897    .ARM.Collect$$libinit$$00000004  c_w.l(libinit2.o)
    0x080001f2   0x080001f2   0x00000000   Code   RO         5900    .ARM.Collect$$libinit$$0000000A  c_w.l(libinit2.o)
    0x080001f2   0x080001f2   0x00000000   Code   RO         5902    .ARM.Collect$$libinit$$0000000C  c_w.l(libinit2.o)
    0x080001f2   0x080001f2   0x00000000   Code   RO         5904    .ARM.Collect$$libinit$$0000000E  c_w.l(libinit2.o)
    0x080001f2   0x080001f2   0x00000006   Code   RO         5905    .ARM.Collect$$libinit$$0000000F  c_w.l(libinit2.o)
    0x080001f8   0x080001f8   0x00000000   Code   RO         5907    .ARM.Collect$$libinit$$00000011  c_w.l(libinit2.o)
    0x080001f8   0x080001f8   0x0000000c   Code   RO         5908    .ARM.Collect$$libinit$$00000012  c_w.l(libinit2.o)
    0x08000204   0x08000204   0x00000000   Code   RO         5909    .ARM.Collect$$libinit$$00000013  c_w.l(libinit2.o)
    0x08000204   0x08000204   0x00000000   Code   RO         5911    .ARM.Collect$$libinit$$00000015  c_w.l(libinit2.o)
    0x08000204   0x08000204   0x0000000a   Code   RO         5912    .ARM.Collect$$libinit$$00000016  c_w.l(libinit2.o)
    0x0800020e   0x0800020e   0x00000000   Code   RO         5913    .ARM.Collect$$libinit$$00000017  c_w.l(libinit2.o)
    0x0800020e   0x0800020e   0x00000000   Code   RO         5915    .ARM.Collect$$libinit$$00000019  c_w.l(libinit2.o)
    0x0800020e   0x0800020e   0x00000000   Code   RO         5917    .ARM.Collect$$libinit$$0000001B  c_w.l(libinit2.o)
    0x0800020e   0x0800020e   0x00000000   Code   RO         5919    .ARM.Collect$$libinit$$0000001D  c_w.l(libinit2.o)
    0x0800020e   0x0800020e   0x00000000   Code   RO         5921    .ARM.Collect$$libinit$$0000001F  c_w.l(libinit2.o)
    0x0800020e   0x0800020e   0x00000000   Code   RO         5923    .ARM.Collect$$libinit$$00000021  c_w.l(libinit2.o)
    0x0800020e   0x0800020e   0x00000000   Code   RO         5925    .ARM.Collect$$libinit$$00000023  c_w.l(libinit2.o)
    0x0800020e   0x0800020e   0x00000000   Code   RO         5927    .ARM.Collect$$libinit$$00000025  c_w.l(libinit2.o)
    0x0800020e   0x0800020e   0x00000000   Code   RO         5931    .ARM.Collect$$libinit$$0000002C  c_w.l(libinit2.o)
    0x0800020e   0x0800020e   0x00000000   Code   RO         5933    .ARM.Collect$$libinit$$0000002E  c_w.l(libinit2.o)
    0x0800020e   0x0800020e   0x00000000   Code   RO         5935    .ARM.Collect$$libinit$$00000030  c_w.l(libinit2.o)
    0x0800020e   0x0800020e   0x00000000   Code   RO         5937    .ARM.Collect$$libinit$$00000032  c_w.l(libinit2.o)
    0x0800020e   0x0800020e   0x00000002   Code   RO         5938    .ARM.Collect$$libinit$$00000033  c_w.l(libinit2.o)
    0x08000210   0x08000210   0x00000002   Code   RO         5958    .ARM.Collect$$libshutdown$$00000000  c_w.l(libshutdown.o)
    0x08000212   0x08000212   0x00000000   Code   RO         5971    .ARM.Collect$$libshutdown$$00000002  c_w.l(libshutdown2.o)
    0x08000212   0x08000212   0x00000000   Code   RO         5973    .ARM.Collect$$libshutdown$$00000004  c_w.l(libshutdown2.o)
    0x08000212   0x08000212   0x00000000   Code   RO         5975    .ARM.Collect$$libshutdown$$00000006  c_w.l(libshutdown2.o)
    0x08000212   0x08000212   0x00000000   Code   RO         5978    .ARM.Collect$$libshutdown$$00000009  c_w.l(libshutdown2.o)
    0x08000212   0x08000212   0x00000000   Code   RO         5981    .ARM.Collect$$libshutdown$$0000000C  c_w.l(libshutdown2.o)
    0x08000212   0x08000212   0x00000000   Code   RO         5983    .ARM.Collect$$libshutdown$$0000000E  c_w.l(libshutdown2.o)
    0x08000212   0x08000212   0x00000000   Code   RO         5986    .ARM.Collect$$libshutdown$$00000011  c_w.l(libshutdown2.o)
    0x08000212   0x08000212   0x00000002   Code   RO         5987    .ARM.Collect$$libshutdown$$00000012  c_w.l(libshutdown2.o)
    0x08000214   0x08000214   0x00000000   Code   RO         5689    .ARM.Collect$$rtentry$$00000000  c_w.l(__rtentry.o)
    0x08000214   0x08000214   0x00000000   Code   RO         5798    .ARM.Collect$$rtentry$$00000002  c_w.l(__rtentry2.o)
    0x08000214   0x08000214   0x00000006   Code   RO         5810    .ARM.Collect$$rtentry$$00000004  c_w.l(__rtentry4.o)
    0x0800021a   0x0800021a   0x00000000   Code   RO         5800    .ARM.Collect$$rtentry$$00000009  c_w.l(__rtentry2.o)
    0x0800021a   0x0800021a   0x00000004   Code   RO         5801    .ARM.Collect$$rtentry$$0000000A  c_w.l(__rtentry2.o)
    0x0800021e   0x0800021e   0x00000000   Code   RO         5803    .ARM.Collect$$rtentry$$0000000C  c_w.l(__rtentry2.o)
    0x0800021e   0x0800021e   0x00000008   Code   RO         5804    .ARM.Collect$$rtentry$$0000000D  c_w.l(__rtentry2.o)
    0x08000226   0x08000226   0x00000002   Code   RO         5889    .ARM.Collect$$rtexit$$00000000  c_w.l(rtexit.o)
    0x08000228   0x08000228   0x00000000   Code   RO         5940    .ARM.Collect$$rtexit$$00000002  c_w.l(rtexit2.o)
    0x08000228   0x08000228   0x00000004   Code   RO         5941    .ARM.Collect$$rtexit$$00000003  c_w.l(rtexit2.o)
    0x0800022c   0x0800022c   0x00000006   Code   RO         5942    .ARM.Collect$$rtexit$$00000004  c_w.l(rtexit2.o)
    0x08000232   0x08000232   0x00000002   PAD
    0x08000234   0x08000234   0x00000096   Code   RO         5584    .emb_text           port.o
    0x080002ca   0x080002ca   0x00000002   PAD
    0x080002cc   0x080002cc   0x00000040   Code   RO            4    .text               startup_stm32f103xb.o
    0x0800030c   0x0800030c   0x00000034   Code   RO         5665    .text               c_w.l(vsnprintf.o)
    0x08000340   0x08000340   0x0000003c   Code   RO         5667    .text               c_w.l(__0sscanf.o)
    0x0800037c   0x0800037c   0x0000014c   Code   RO         5669    .text               c_w.l(_scanf_int.o)
    0x080004c8   0x080004c8   0x0000008a   Code   RO         5671    .text               c_w.l(rt_memcpy_v6.o)
    0x08000552   0x08000552   0x00000064   Code   RO         5673    .text               c_w.l(rt_memcpy_w.o)
    0x080005b6   0x080005b6   0x00000010   Code   RO         5677    .text               c_w.l(aeabi_memset.o)
    0x080005c6   0x080005c6   0x00000044   Code   RO         5679    .text               c_w.l(rt_memclr.o)
    0x0800060a   0x0800060a   0x0000004e   Code   RO         5681    .text               c_w.l(rt_memclr_w.o)
    0x08000658   0x08000658   0x00000080   Code   RO         5683    .text               c_w.l(strcmpv7m.o)
    0x080006d8   0x080006d8   0x00000006   Code   RO         5685    .text               c_w.l(heapauxi.o)
    0x080006de   0x080006de   0x0000004e   Code   RO         5692    .text               c_w.l(_printf_pad.o)
    0x0800072c   0x0800072c   0x00000024   Code   RO         5694    .text               c_w.l(_printf_truncate.o)
    0x08000750   0x08000750   0x00000052   Code   RO         5696    .text               c_w.l(_printf_str.o)
    0x080007a2   0x080007a2   0x00000002   PAD
    0x080007a4   0x080007a4   0x00000078   Code   RO         5698    .text               c_w.l(_printf_dec.o)
    0x0800081c   0x0800081c   0x00000028   Code   RO         5700    .text               c_w.l(_printf_charcount.o)
    0x08000844   0x08000844   0x00000030   Code   RO         5702    .text               c_w.l(_printf_char_common.o)
    0x08000874   0x08000874   0x0000000a   Code   RO         5704    .text               c_w.l(_sputc.o)
    0x0800087e   0x0800087e   0x00000010   Code   RO         5706    .text               c_w.l(_snputc.o)
    0x0800088e   0x0800088e   0x00000002   PAD
    0x08000890   0x08000890   0x000000bc   Code   RO         5708    .text               c_w.l(_printf_wctomb.o)
    0x0800094c   0x0800094c   0x0000007c   Code   RO         5711    .text               c_w.l(_printf_longlong_dec.o)
    0x080009c8   0x080009c8   0x00000070   Code   RO         5717    .text               c_w.l(_printf_oct_int_ll.o)
    0x08000a38   0x08000a38   0x00000094   Code   RO         5737    .text               c_w.l(_printf_hex_int_ll_ptr.o)
    0x08000acc   0x08000acc   0x00000188   Code   RO         5757    .text               c_w.l(__printf_flags_ss_wp.o)
    0x08000c54   0x08000c54   0x0000001c   Code   RO         5783    .text               c_w.l(_chval.o)
    0x08000c70   0x08000c70   0x0000002c   Code   RO         5785    .text               c_w.l(scanf_char.o)
    0x08000c9c   0x08000c9c   0x00000040   Code   RO         5787    .text               c_w.l(_sgetc.o)
    0x08000cdc   0x08000cdc   0x0000008a   Code   RO         5812    .text               c_w.l(lludiv10.o)
    0x08000d66   0x08000d66   0x00000012   Code   RO         5814    .text               c_w.l(isspace.o)
    0x08000d78   0x08000d78   0x000000b2   Code   RO         5816    .text               c_w.l(_printf_intcommon.o)
    0x08000e2a   0x08000e2a   0x0000041e   Code   RO         5818    .text               c_w.l(_printf_fp_dec.o)
    0x08001248   0x08001248   0x000002fc   Code   RO         5820    .text               c_w.l(_printf_fp_hex.o)
    0x08001544   0x08001544   0x0000002c   Code   RO         5825    .text               c_w.l(_printf_char.o)
    0x08001570   0x08001570   0x0000002c   Code   RO         5827    .text               c_w.l(_printf_wchar.o)
    0x0800159c   0x0800159c   0x00000374   Code   RO         5830    .text               c_w.l(_scanf.o)
    0x08001910   0x08001910   0x00000040   Code   RO         5832    .text               c_w.l(_wcrtomb.o)
    0x08001950   0x08001950   0x0000004a   Code   RO         5834    .text               c_w.l(sys_stackheap_outer.o)
    0x0800199a   0x0800199a   0x00000002   PAD
    0x0800199c   0x0800199c   0x00000010   Code   RO         5836    .text               c_w.l(rt_ctype_table.o)
    0x080019ac   0x080019ac   0x00000008   Code   RO         5841    .text               c_w.l(rt_locale_intlibspace.o)
    0x080019b4   0x080019b4   0x00000080   Code   RO         5843    .text               c_w.l(_printf_fp_infnan.o)
    0x08001a34   0x08001a34   0x000000e4   Code   RO         5845    .text               c_w.l(bigflt0.o)
    0x08001b18   0x08001b18   0x00000012   Code   RO         5873    .text               c_w.l(exit.o)
    0x08001b2a   0x08001b2a   0x00000002   PAD
    0x08001b2c   0x08001b2c   0x00000008   Code   RO         5886    .text               c_w.l(libspace.o)
    0x08001b34   0x08001b34   0x0000000c   Code   RO         5950    .text               c_w.l(sys_exit.o)
    0x08001b40   0x08001b40   0x00000002   Code   RO         5961    .text               c_w.l(use_no_semi.o)
    0x08001b42   0x08001b42   0x00000000   Code   RO         5963    .text               c_w.l(indicate_semi.o)
    0x08001b42   0x08001b42   0x0000003e   Code   RO         5848    CL$$btod_d2e        c_w.l(btod.o)
    0x08001b80   0x08001b80   0x00000046   Code   RO         5850    CL$$btod_d2e_denorm_low  c_w.l(btod.o)
    0x08001bc6   0x08001bc6   0x00000060   Code   RO         5849    CL$$btod_d2e_norm_op1  c_w.l(btod.o)
    0x08001c26   0x08001c26   0x00000338   Code   RO         5858    CL$$btod_div_common  c_w.l(btod.o)
    0x08001f5e   0x08001f5e   0x000000dc   Code   RO         5855    CL$$btod_e2e        c_w.l(btod.o)
    0x0800203a   0x0800203a   0x0000002a   Code   RO         5852    CL$$btod_ediv       c_w.l(btod.o)
    0x08002064   0x08002064   0x0000002a   Code   RO         5851    CL$$btod_emul       c_w.l(btod.o)
    0x0800208e   0x0800208e   0x00000244   Code   RO         5857    CL$$btod_mult_common  c_w.l(btod.o)
    0x080022d2   0x080022d2   0x00000002   Code   RO          943    i.BusFault_Handler  stm32f1xx_it.o
    0x080022d4   0x080022d4   0x00000002   Code   RO          944    i.DebugMon_Handler  stm32f1xx_it.o
    0x080022d6   0x080022d6   0x00000004   Code   RO          663    i.Error_Handler     main.o
    0x080022da   0x080022da   0x00000046   Code   RO         2472    i.HAL_DMA_Abort     stm32f1xx_hal_dma.o
    0x08002320   0x08002320   0x00000098   Code   RO         2473    i.HAL_DMA_Abort_IT  stm32f1xx_hal_dma.o
    0x080023b8   0x080023b8   0x00000024   Code   RO         2098    i.HAL_Delay         stm32f1xx_hal.o
    0x080023dc   0x080023dc   0x000001e0   Code   RO         2408    i.HAL_GPIO_Init     stm32f1xx_hal_gpio.o
    0x080025bc   0x080025bc   0x0000000a   Code   RO         2410    i.HAL_GPIO_ReadPin  stm32f1xx_hal_gpio.o
    0x080025c6   0x080025c6   0x00000010   Code   RO         2411    i.HAL_GPIO_TogglePin  stm32f1xx_hal_gpio.o
    0x080025d6   0x080025d6   0x0000000a   Code   RO         2412    i.HAL_GPIO_WritePin  stm32f1xx_hal_gpio.o
    0x080025e0   0x080025e0   0x0000000c   Code   RO         2102    i.HAL_GetTick       stm32f1xx_hal.o
    0x080025ec   0x080025ec   0x00000188   Code   RO         3079    i.HAL_I2C_Init      stm32f1xx_hal_i2c.o
    0x08002774   0x08002774   0x00000250   Code   RO         3085    i.HAL_I2C_Master_Receive  stm32f1xx_hal_i2c.o
    0x080029c4   0x080029c4   0x0000012c   Code   RO         3092    i.HAL_I2C_Master_Transmit  stm32f1xx_hal_i2c.o
    0x08002af0   0x08002af0   0x0000025c   Code   RO         3097    i.HAL_I2C_Mem_Read  stm32f1xx_hal_i2c.o
    0x08002d4c   0x08002d4c   0x00000130   Code   RO         3100    i.HAL_I2C_Mem_Write  stm32f1xx_hal_i2c.o
    0x08002e7c   0x08002e7c   0x00000060   Code   RO          782    i.HAL_I2C_MspInit   i2c.o
    0x08002edc   0x08002edc   0x00000010   Code   RO         2108    i.HAL_IncTick       stm32f1xx_hal.o
    0x08002eec   0x08002eec   0x00000024   Code   RO         2109    i.HAL_Init          stm32f1xx_hal.o
    0x08002f10   0x08002f10   0x00000098   Code   RO         1043    i.HAL_InitTick      stm32f1xx_hal_timebase_tim.o
    0x08002fa8   0x08002fa8   0x00000048   Code   RO         1019    i.HAL_MspInit       stm32f1xx_hal_msp.o
    0x08002ff0   0x08002ff0   0x0000001a   Code   RO         2568    i.HAL_NVIC_EnableIRQ  stm32f1xx_hal_cortex.o
    0x0800300a   0x0800300a   0x00000002   PAD
    0x0800300c   0x0800300c   0x00000040   Code   RO         2574    i.HAL_NVIC_SetPriority  stm32f1xx_hal_cortex.o
    0x0800304c   0x0800304c   0x00000024   Code   RO         2575    i.HAL_NVIC_SetPriorityGrouping  stm32f1xx_hal_cortex.o
    0x08003070   0x08003070   0x0000012c   Code   RO         2266    i.HAL_RCC_ClockConfig  stm32f1xx_hal_rcc.o
    0x0800319c   0x0800319c   0x00000040   Code   RO         2270    i.HAL_RCC_GetClockConfig  stm32f1xx_hal_rcc.o
    0x080031dc   0x080031dc   0x0000000c   Code   RO         2271    i.HAL_RCC_GetHCLKFreq  stm32f1xx_hal_rcc.o
    0x080031e8   0x080031e8   0x00000020   Code   RO         2273    i.HAL_RCC_GetPCLK1Freq  stm32f1xx_hal_rcc.o
    0x08003208   0x08003208   0x00000020   Code   RO         2274    i.HAL_RCC_GetPCLK2Freq  stm32f1xx_hal_rcc.o
    0x08003228   0x08003228   0x0000004c   Code   RO         2275    i.HAL_RCC_GetSysClockFreq  stm32f1xx_hal_rcc.o
    0x08003274   0x08003274   0x00000320   Code   RO         2278    i.HAL_RCC_OscConfig  stm32f1xx_hal_rcc.o
    0x08003594   0x08003594   0x00000002   Code   RO         1824    i.HAL_TIMEx_BreakCallback  stm32f1xx_hal_tim_ex.o
    0x08003596   0x08003596   0x00000002   Code   RO         1825    i.HAL_TIMEx_CommutCallback  stm32f1xx_hal_tim_ex.o
    0x08003598   0x08003598   0x00000054   Code   RO         1827    i.HAL_TIMEx_ConfigBreakDeadTime  stm32f1xx_hal_tim_ex.o
    0x080035ec   0x080035ec   0x00000068   Code   RO         1843    i.HAL_TIMEx_MasterConfigSynchronization  stm32f1xx_hal_tim_ex.o
    0x08003654   0x08003654   0x0000005a   Code   RO         1120    i.HAL_TIM_Base_Init  stm32f1xx_hal_tim.o
    0x080036ae   0x080036ae   0x00000002   PAD
    0x080036b0   0x080036b0   0x00000028   Code   RO          824    i.HAL_TIM_Base_MspInit  tim.o
    0x080036d8   0x080036d8   0x00000058   Code   RO         1125    i.HAL_TIM_Base_Start_IT  stm32f1xx_hal_tim.o
    0x08003730   0x08003730   0x000000dc   Code   RO         1129    i.HAL_TIM_ConfigClockSource  stm32f1xx_hal_tim.o
    0x0800380c   0x0800380c   0x000000a4   Code   RO         1141    i.HAL_TIM_Encoder_Init  stm32f1xx_hal_tim.o
    0x080038b0   0x080038b0   0x0000008c   Code   RO          826    i.HAL_TIM_Encoder_MspInit  tim.o
    0x0800393c   0x0800393c   0x0000008e   Code   RO         1144    i.HAL_TIM_Encoder_Start  stm32f1xx_hal_tim.o
    0x080039ca   0x080039ca   0x00000002   Code   RO         1154    i.HAL_TIM_IC_CaptureCallback  stm32f1xx_hal_tim.o
    0x080039cc   0x080039cc   0x00000130   Code   RO         1168    i.HAL_TIM_IRQHandler  stm32f1xx_hal_tim.o
    0x08003afc   0x08003afc   0x0000004c   Code   RO          827    i.HAL_TIM_MspPostInit  tim.o
    0x08003b48   0x08003b48   0x00000002   Code   RO         1171    i.HAL_TIM_OC_DelayElapsedCallback  stm32f1xx_hal_tim.o
    0x08003b4a   0x08003b4a   0x000000cc   Code   RO         1192    i.HAL_TIM_PWM_ConfigChannel  stm32f1xx_hal_tim.o
    0x08003c16   0x08003c16   0x0000005a   Code   RO         1195    i.HAL_TIM_PWM_Init  stm32f1xx_hal_tim.o
    0x08003c70   0x08003c70   0x00000002   Code   RO         1197    i.HAL_TIM_PWM_MspInit  stm32f1xx_hal_tim.o
    0x08003c72   0x08003c72   0x00000002   Code   RO         1198    i.HAL_TIM_PWM_PulseFinishedCallback  stm32f1xx_hal_tim.o
    0x08003c74   0x08003c74   0x0000009c   Code   RO         1200    i.HAL_TIM_PWM_Start  stm32f1xx_hal_tim.o
    0x08003d10   0x08003d10   0x00000014   Code   RO          664    i.HAL_TIM_PeriodElapsedCallback  main.o
    0x08003d24   0x08003d24   0x00000002   Code   RO         1211    i.HAL_TIM_TriggerCallback  stm32f1xx_hal_tim.o
    0x08003d26   0x08003d26   0x00000002   Code   RO         3517    i.HAL_UARTEx_RxEventCallback  stm32f1xx_hal_uart.o
    0x08003d28   0x08003d28   0x00000020   Code   RO          319    i.HAL_UART_ErrorCallback  robot_comm.o
    0x08003d48   0x08003d48   0x0000026c   Code   RO         3534    i.HAL_UART_IRQHandler  stm32f1xx_hal_uart.o
    0x08003fb4   0x08003fb4   0x00000064   Code   RO         3535    i.HAL_UART_Init     stm32f1xx_hal_uart.o
    0x08004018   0x08004018   0x000000d8   Code   RO          896    i.HAL_UART_MspInit  usart.o
    0x080040f0   0x080040f0   0x0000001c   Code   RO         3540    i.HAL_UART_Receive_IT  stm32f1xx_hal_uart.o
    0x0800410c   0x0800410c   0x0000004c   Code   RO          320    i.HAL_UART_RxCpltCallback  robot_comm.o
    0x08004158   0x08004158   0x000000a0   Code   RO         3543    i.HAL_UART_Transmit  stm32f1xx_hal_uart.o
    0x080041f8   0x080041f8   0x00000002   Code   RO         3546    i.HAL_UART_TxCpltCallback  stm32f1xx_hal_uart.o
    0x080041fa   0x080041fa   0x00000002   Code   RO          945    i.HardFault_Handler  stm32f1xx_it.o
    0x080041fc   0x080041fc   0x0000002e   Code   RO         3122    i.I2C_IsAcknowledgeFailed  stm32f1xx_hal_i2c.o
    0x0800422a   0x0800422a   0x00000002   PAD
    0x0800422c   0x0800422c   0x000000ec   Code   RO         3125    i.I2C_MasterRequestRead  stm32f1xx_hal_i2c.o
    0x08004318   0x08004318   0x0000009c   Code   RO         3126    i.I2C_MasterRequestWrite  stm32f1xx_hal_i2c.o
    0x080043b4   0x080043b4   0x000000fc   Code   RO         3132    i.I2C_RequestMemoryRead  stm32f1xx_hal_i2c.o
    0x080044b0   0x080044b0   0x000000a8   Code   RO         3133    i.I2C_RequestMemoryWrite  stm32f1xx_hal_i2c.o
    0x08004558   0x08004558   0x00000056   Code   RO         3137    i.I2C_WaitOnBTFFlagUntilTimeout  stm32f1xx_hal_i2c.o
    0x080045ae   0x080045ae   0x00000002   PAD
    0x080045b0   0x080045b0   0x00000090   Code   RO         3138    i.I2C_WaitOnFlagUntilTimeout  stm32f1xx_hal_i2c.o
    0x08004640   0x08004640   0x000000bc   Code   RO         3139    i.I2C_WaitOnMasterAddressFlagUntilTimeout  stm32f1xx_hal_i2c.o
    0x080046fc   0x080046fc   0x00000070   Code   RO         3140    i.I2C_WaitOnRXNEFlagUntilTimeout  stm32f1xx_hal_i2c.o
    0x0800476c   0x0800476c   0x00000056   Code   RO         3141    i.I2C_WaitOnTXEFlagUntilTimeout  stm32f1xx_hal_i2c.o
    0x080047c2   0x080047c2   0x00000002   PAD
    0x080047c4   0x080047c4   0x00000038   Code   RO          732    i.MX_FREERTOS_Init  freertos.o
    0x080047fc   0x080047fc   0x000000e0   Code   RO          708    i.MX_GPIO_Init      gpio.o
    0x080048dc   0x080048dc   0x00000040   Code   RO          783    i.MX_I2C2_Init      i2c.o
    0x0800491c   0x0800491c   0x000000d8   Code   RO          828    i.MX_TIM1_Init      tim.o
    0x080049f4   0x080049f4   0x0000006c   Code   RO          829    i.MX_TIM2_Init      tim.o
    0x08004a60   0x08004a60   0x0000006c   Code   RO          830    i.MX_TIM4_Init      tim.o
    0x08004acc   0x08004acc   0x00000038   Code   RO          897    i.MX_USART1_UART_Init  usart.o
    0x08004b04   0x08004b04   0x00000038   Code   RO          898    i.MX_USART2_UART_Init  usart.o
    0x08004b3c   0x08004b3c   0x00000002   Code   RO          946    i.MemManage_Handler  stm32f1xx_it.o
    0x08004b3e   0x08004b3e   0x00000002   Code   RO          947    i.NMI_Handler       stm32f1xx_it.o
    0x08004b40   0x08004b40   0x00000034   Code   RO           13    i.RobotApp_BoardInit  robot_app.o
    0x08004b74   0x08004b74   0x00000022   Code   RO           14    i.RobotApp_ControlTask  robot_app.o
    0x08004b96   0x08004b96   0x00000002   PAD
    0x08004b98   0x08004b98   0x00000054   Code   RO           15    i.RobotApp_CreateTasks  robot_app.o
    0x08004bec   0x08004bec   0x0000000c   Code   RO           16    i.RobotApp_DefaultTask  robot_app.o
    0x08004bf8   0x08004bf8   0x00000078   Code   RO           17    i.RobotApp_GetStatus  robot_app.o
    0x08004c70   0x08004c70   0x00000238   Code   RO           18    i.RobotApp_OnDebugLine  robot_app.o
    0x08004ea8   0x08004ea8   0x0000000c   Code   RO           20    i.RobotApp_SensorTask  robot_app.o
    0x08004eb4   0x08004eb4   0x00000044   Code   RO           21    i.RobotApp_StatusLedTask  robot_app.o
    0x08004ef8   0x08004ef8   0x00000010   Code   RO           22    i.RobotApp_TelemetryTask  robot_app.o
    0x08004f08   0x08004f08   0x00000040   Code   RO          322    i.RobotComm_DebugPrintf  robot_comm.o
    0x08004f48   0x08004f48   0x0000000c   Code   RO          323    i.RobotComm_GetRxOverflowCount  robot_comm.o
    0x08004f54   0x08004f54   0x00000028   Code   RO          324    i.RobotComm_Init    robot_comm.o
    0x08004f7c   0x08004f7c   0x0000002c   Code   RO          325    i.RobotComm_ProcessRx  robot_comm.o
    0x08004fa8   0x08004fa8   0x0000000c   Code   RO          327    i.RobotComm_SetDebugLineHandler  robot_comm.o
    0x08004fb4   0x08004fb4   0x00000024   Code   RO          416    i.RobotDelay_Init   robot_delay.o
    0x08004fd8   0x08004fd8   0x00000028   Code   RO          417    i.RobotDelay_Us     robot_delay.o
    0x08005000   0x08005000   0x00000040   Code   RO          447    i.RobotEncoder_Init  robot_encoder.o
    0x08005040   0x08005040   0x0000006c   Code   RO          448    i.RobotEncoder_Sample  robot_encoder.o
    0x080050ac   0x080050ac   0x00000014   Code   RO          494    i.RobotMotor_Enable  robot_motor.o
    0x080050c0   0x080050c0   0x00000030   Code   RO          496    i.RobotMotor_Init   robot_motor.o
    0x080050f0   0x080050f0   0x0000006c   Code   RO          497    i.RobotMotor_SetPercent  robot_motor.o
    0x0800515c   0x0800515c   0x00000044   Code   RO          498    i.RobotMotor_Stop   robot_motor.o
    0x080051a0   0x080051a0   0x00000014   Code   RO          559    i.RobotSensors_Get  robot_sensors.o
    0x080051b4   0x080051b4   0x00000064   Code   RO          560    i.RobotSensors_Init  robot_sensors.o
    0x08005218   0x08005218   0x00000074   Code   RO          562    i.RobotSensors_Update  robot_sensors.o
    0x0800528c   0x0800528c   0x00000004   Code   RO          733    i.StartDefaultTask  freertos.o
    0x08005290   0x08005290   0x00000004   Code   RO          734    i.StartTask_Led     freertos.o
    0x08005294   0x08005294   0x0000001a   Code   RO         5016    i.SysTick_Handler   cmsis_os2.o
    0x080052ae   0x080052ae   0x0000005e   Code   RO          665    i.SystemClock_Config  main.o
    0x0800530c   0x0800530c   0x00000002   Code   RO         3869    i.SystemInit        system_stm32f1xx.o
    0x0800530e   0x0800530e   0x00000002   PAD
    0x08005310   0x08005310   0x0000000c   Code   RO          948    i.TIM3_IRQHandler   stm32f1xx_it.o
    0x0800531c   0x0800531c   0x00000078   Code   RO         1213    i.TIM_Base_SetConfig  stm32f1xx_hal_tim.o
    0x08005394   0x08005394   0x0000001a   Code   RO         1214    i.TIM_CCxChannelCmd  stm32f1xx_hal_tim.o
    0x080053ae   0x080053ae   0x00000014   Code   RO         1224    i.TIM_ETR_SetConfig  stm32f1xx_hal_tim.o
    0x080053c2   0x080053c2   0x00000010   Code   RO         1225    i.TIM_ITRx_SetConfig  stm32f1xx_hal_tim.o
    0x080053d2   0x080053d2   0x00000002   PAD
    0x080053d4   0x080053d4   0x00000050   Code   RO         1226    i.TIM_OC1_SetConfig  stm32f1xx_hal_tim.o
    0x08005424   0x08005424   0x00000058   Code   RO         1227    i.TIM_OC2_SetConfig  stm32f1xx_hal_tim.o
    0x0800547c   0x0800547c   0x00000058   Code   RO         1228    i.TIM_OC3_SetConfig  stm32f1xx_hal_tim.o
    0x080054d4   0x080054d4   0x00000044   Code   RO         1229    i.TIM_OC4_SetConfig  stm32f1xx_hal_tim.o
    0x08005518   0x08005518   0x00000022   Code   RO         1231    i.TIM_TI1_ConfigInputStage  stm32f1xx_hal_tim.o
    0x0800553a   0x0800553a   0x00000024   Code   RO         1233    i.TIM_TI2_ConfigInputStage  stm32f1xx_hal_tim.o
    0x0800555e   0x0800555e   0x00000010   Code   RO         3548    i.UART_DMAAbortOnError  stm32f1xx_hal_uart.o
    0x0800556e   0x0800556e   0x0000004e   Code   RO         3558    i.UART_EndRxTransfer  stm32f1xx_hal_uart.o
    0x080055bc   0x080055bc   0x000000c2   Code   RO         3560    i.UART_Receive_IT   stm32f1xx_hal_uart.o
    0x0800567e   0x0800567e   0x00000002   PAD
    0x08005680   0x08005680   0x000000b8   Code   RO         3561    i.UART_SetConfig    stm32f1xx_hal_uart.o
    0x08005738   0x08005738   0x00000036   Code   RO         3563    i.UART_Start_Receive_IT  stm32f1xx_hal_uart.o
    0x0800576e   0x0800576e   0x00000072   Code   RO         3564    i.UART_WaitOnFlagUntilTimeout  stm32f1xx_hal_uart.o
    0x080057e0   0x080057e0   0x0000000c   Code   RO          949    i.USART1_IRQHandler  stm32f1xx_it.o
    0x080057ec   0x080057ec   0x0000000c   Code   RO          950    i.USART2_IRQHandler  stm32f1xx_it.o
    0x080057f8   0x080057f8   0x00000002   Code   RO          951    i.UsageFault_Handler  stm32f1xx_it.o
    0x080057fa   0x080057fa   0x00000028   Code   RO         5884    i.__ARM_fpclassify  m_ws.l(fpclassify.o)
    0x08005822   0x08005822   0x00000020   Code   RO         2581    i.__NVIC_SetPriority  stm32f1xx_hal_cortex.o
    0x08005842   0x08005842   0x0000000e   Code   RO         5750    i._is_digit         c_w.l(__printf_wp.o)
    0x08005850   0x08005850   0x00000090   Code   RO           23    i.apply_outputs     robot_app.o
    0x080058e0   0x080058e0   0x00000008   Code   RO          563    i.be_i16            robot_sensors.o
    0x080058e8   0x080058e8   0x00000010   Code   RO           24    i.clamp_i32         robot_app.o
    0x080058f8   0x080058f8   0x00000012   Code   RO          499    i.clamp_pwm         robot_motor.o
    0x0800590a   0x0800590a   0x00000016   Code   RO           25    i.clamp_pwm_i32     robot_app.o
    0x08005920   0x08005920   0x0000009c   Code   RO           26    i.control_step      robot_app.o
    0x080059bc   0x080059bc   0x00000038   Code   RO          449    i.counts_to_mm_s    robot_encoder.o
    0x080059f4   0x080059f4   0x00000024   Code   RO           27    i.ctx_lock          robot_app.o
    0x08005a18   0x08005a18   0x00000024   Code   RO           28    i.ctx_unlock        robot_app.o
    0x08005a3c   0x08005a3c   0x0000004c   Code   RO          329    i.debug_accept      robot_comm.o
    0x08005a88   0x08005a88   0x00000154   Code   RO           29    i.debug_print_help  robot_app.o
    0x08005bdc   0x08005bdc   0x000000a8   Code   RO           30    i.debug_set_motion  robot_app.o
    0x08005c84   0x08005c84   0x000000f0   Code   RO          564    i.dht30_update      robot_sensors.o
    0x08005d74   0x08005d74   0x0000002c   Code   RO          565    i.ds18b20_output_low  robot_sensors.o
    0x08005da0   0x08005da0   0x000000c0   Code   RO          566    i.ds18b20_read_temperature  robot_sensors.o
    0x08005e60   0x08005e60   0x00000028   Code   RO          567    i.ds18b20_release   robot_sensors.o
    0x08005e88   0x08005e88   0x00000038   Code   RO          568    i.ds18b20_reset     robot_sensors.o
    0x08005ec0   0x08005ec0   0x0000006c   Code   RO          569    i.ds18b20_update    robot_sensors.o
    0x08005f2c   0x08005f2c   0x0000003c   Code   RO          570    i.ds18b20_write_byte  robot_sensors.o
    0x08005f68   0x08005f68   0x00000020   Code   RO          500    i.duty_from_pwm     robot_motor.o
    0x08005f88   0x08005f88   0x0000002c   Code   RO          571    i.i2c_write_reg8    robot_sensors.o
    0x08005fb4   0x08005fb4   0x00000036   Code   RO          666    i.main              main.o
    0x08005fea   0x08005fea   0x00000002   PAD
    0x08005fec   0x08005fec   0x00000018   Code   RO           31    i.mode_name         robot_app.o
    0x08006004   0x08006004   0x00000084   Code   RO          572    i.mpu6050_update    robot_sensors.o
    0x08006088   0x08006088   0x0000001a   Code   RO         5018    i.osDelay           cmsis_os2.o
    0x080060a2   0x080060a2   0x0000002e   Code   RO         5019    i.osDelayUntil      cmsis_os2.o
    0x080060d0   0x080060d0   0x00000020   Code   RO         5027    i.osKernelGetState  cmsis_os2.o
    0x080060f0   0x080060f0   0x0000000e   Code   RO         5030    i.osKernelGetTickCount  cmsis_os2.o
    0x080060fe   0x080060fe   0x00000002   PAD
    0x08006100   0x08006100   0x00000024   Code   RO         5032    i.osKernelInitialize  cmsis_os2.o
    0x08006124   0x08006124   0x00000038   Code   RO         5035    i.osKernelStart     cmsis_os2.o
    0x0800615c   0x0800615c   0x00000052   Code   RO         5055    i.osMutexAcquire    cmsis_os2.o
    0x080061ae   0x080061ae   0x00000068   Code   RO         5058    i.osMutexNew        cmsis_os2.o
    0x08006216   0x08006216   0x00000042   Code   RO         5059    i.osMutexRelease    cmsis_os2.o
    0x08006258   0x08006258   0x0000008a   Code   RO         5077    i.osThreadNew       cmsis_os2.o
    0x080062e2   0x080062e2   0x00000002   PAD
    0x080062e4   0x080062e4   0x0000005c   Code   RO         4477    i.prvAddCurrentTaskToDelayedList  tasks.o
    0x08006340   0x08006340   0x000000d0   Code   RO         4478    i.prvAddNewTaskToReadyList  tasks.o
    0x08006410   0x08006410   0x00000058   Code   RO         4842    i.prvCheckForValidListAndQueue  timers.o
    0x08006468   0x08006468   0x00000026   Code   RO         4074    i.prvCopyDataFromQueue  queue.o
    0x0800648e   0x0800648e   0x0000006c   Code   RO         4075    i.prvCopyDataToQueue  queue.o
    0x080064fa   0x080064fa   0x00000034   Code   RO         4479    i.prvDeleteTCB      tasks.o
    0x0800652e   0x0800652e   0x00000002   PAD
    0x08006530   0x08006530   0x0000004c   Code   RO         5529    i.prvHeapInit       heap_4.o
    0x0800657c   0x0800657c   0x00000060   Code   RO         4480    i.prvIdleTask       tasks.o
    0x080065dc   0x080065dc   0x00000016   Code   RO         4076    i.prvInitialiseMutex  queue.o
    0x080065f2   0x080065f2   0x00000002   PAD
    0x080065f4   0x080065f4   0x00000022   Code   RO         4077    i.prvInitialiseNewQueue  queue.o
    0x08006616   0x08006616   0x00000002   PAD
    0x08006618   0x08006618   0x000000b0   Code   RO         4481    i.prvInitialiseNewTask  tasks.o
    0x080066c8   0x080066c8   0x0000004c   Code   RO         5530    i.prvInsertBlockIntoFreeList  heap_4.o
    0x08006714   0x08006714   0x00000038   Code   RO         4844    i.prvInsertTimerInActiveList  timers.o
    0x0800674c   0x0800674c   0x0000001c   Code   RO         4078    i.prvIsQueueEmpty   queue.o
    0x08006768   0x08006768   0x000000fc   Code   RO         4845    i.prvProcessReceivedCommands  timers.o
    0x08006864   0x08006864   0x000000c0   Code   RO         4846    i.prvProcessTimerOrBlockTask  timers.o
    0x08006924   0x08006924   0x00000020   Code   RO         4483    i.prvResetNextTaskUnblockTime  tasks.o
    0x08006944   0x08006944   0x00000028   Code   RO         4847    i.prvSampleTimeNow  timers.o
    0x0800696c   0x0800696c   0x0000006c   Code   RO         4848    i.prvSwitchTimerLists  timers.o
    0x080069d8   0x080069d8   0x00000028   Code   RO         5585    i.prvTaskExitError  port.o
    0x08006a00   0x08006a00   0x00000024   Code   RO         4849    i.prvTimerTask      timers.o
    0x08006a24   0x08006a24   0x0000006a   Code   RO         4079    i.prvUnlockQueue    queue.o
    0x08006a8e   0x08006a8e   0x00000002   PAD
    0x08006a90   0x08006a90   0x000000dc   Code   RO         5531    i.pvPortMalloc      heap_4.o
    0x08006b6c   0x08006b6c   0x00000018   Code   RO         4486    i.pvTaskIncrementMutexHeldCount  tasks.o
    0x08006b84   0x08006b84   0x00000024   Code   RO         5586    i.pxPortInitialiseStack  port.o
    0x08006ba8   0x08006ba8   0x00000150   Code   RO           32    i.send_status       robot_app.o
    0x08006cf8   0x08006cf8   0x00000030   Code   RO          501    i.set_dir           robot_motor.o
    0x08006d28   0x08006d28   0x00000014   Code   RO          573    i.set_valid         robot_sensors.o
    0x08006d3c   0x08006d3c   0x00000040   Code   RO           33    i.speed_pid         robot_app.o
    0x08006d7c   0x08006d7c   0x0000007c   Code   RO           34    i.update_faults     robot_app.o
    0x08006df8   0x08006df8   0x00000026   Code   RO         4034    i.uxListRemove      list.o
    0x08006e1e   0x08006e1e   0x00000002   PAD
    0x08006e20   0x08006e20   0x00000014   Code   RO         5089    i.vApplicationGetIdleTaskMemory  cmsis_os2.o
    0x08006e34   0x08006e34   0x00000018   Code   RO         5090    i.vApplicationGetTimerTaskMemory  cmsis_os2.o
    0x08006e4c   0x08006e4c   0x00000016   Code   RO         4035    i.vListInitialise   list.o
    0x08006e62   0x08006e62   0x00000006   Code   RO         4036    i.vListInitialiseItem  list.o
    0x08006e68   0x08006e68   0x00000030   Code   RO         4037    i.vListInsert       list.o
    0x08006e98   0x08006e98   0x00000018   Code   RO         4038    i.vListInsertEnd    list.o
    0x08006eb0   0x08006eb0   0x00000040   Code   RO         5588    i.vPortEnterCritical  port.o
    0x08006ef0   0x08006ef0   0x00000028   Code   RO         5589    i.vPortExitCritical  port.o
    0x08006f18   0x08006f18   0x00000064   Code   RO         5532    i.vPortFree         heap_4.o
    0x08006f7c   0x08006f7c   0x00000024   Code   RO         5590    i.vPortSetupTimerInterrupt  port.o
    0x08006fa0   0x08006fa0   0x00000054   Code   RO         5591    i.vPortValidateInterruptPriority  port.o
    0x08006ff4   0x08006ff4   0x00000028   Code   RO         4085    i.vQueueAddToRegistry  queue.o
    0x0800701c   0x0800701c   0x00000044   Code   RO         4089    i.vQueueWaitForMessageRestricted  queue.o
    0x08007060   0x08007060   0x0000004c   Code   RO         4496    i.vTaskDelay        tasks.o
    0x080070ac   0x080070ac   0x0000008c   Code   RO         4497    i.vTaskDelayUntil   tasks.o
    0x08007138   0x08007138   0x00000010   Code   RO         4501    i.vTaskInternalSetTimeOutState  tasks.o
    0x08007148   0x08007148   0x0000000c   Code   RO         4502    i.vTaskMissedYield  tasks.o
    0x08007154   0x08007154   0x00000030   Code   RO         4504    i.vTaskPlaceOnEventList  tasks.o
    0x08007184   0x08007184   0x00000038   Code   RO         4505    i.vTaskPlaceOnEventListRestricted  tasks.o
    0x080071bc   0x080071bc   0x00000090   Code   RO         4507    i.vTaskPriorityDisinheritAfterTimeout  tasks.o
    0x0800724c   0x0800724c   0x00000088   Code   RO         4513    i.vTaskStartScheduler  tasks.o
    0x080072d4   0x080072d4   0x00000010   Code   RO         4515    i.vTaskSuspendAll   tasks.o
    0x080072e4   0x080072e4   0x00000064   Code   RO         4516    i.vTaskSwitchContext  tasks.o
    0x08007348   0x08007348   0x00000014   Code   RO           35    i.x100_abs_frac     robot_app.o
    0x0800735c   0x0800735c   0x00000010   Code   RO           36    i.x100_abs_whole    robot_app.o
    0x0800736c   0x0800736c   0x0000000c   Code   RO           37    i.x100_sign         robot_app.o
    0x08007378   0x08007378   0x000000a8   Code   RO         5592    i.xPortStartScheduler  port.o
    0x08007420   0x08007420   0x0000002c   Code   RO         5593    i.xPortSysTickHandler  port.o
    0x0800744c   0x0800744c   0x00000016   Code   RO         4092    i.xQueueCreateMutex  queue.o
    0x08007462   0x08007462   0x0000001a   Code   RO         4093    i.xQueueCreateMutexStatic  queue.o
    0x0800747c   0x0800747c   0x00000042   Code   RO         4094    i.xQueueGenericCreate  queue.o
    0x080074be   0x080074be   0x00000066   Code   RO         4095    i.xQueueGenericCreateStatic  queue.o
    0x08007524   0x08007524   0x00000088   Code   RO         4096    i.xQueueGenericReset  queue.o
    0x080075ac   0x080075ac   0x00000160   Code   RO         4097    i.xQueueGenericSend  queue.o
    0x0800770c   0x0800770c   0x000000be   Code   RO         4098    i.xQueueGenericSendFromISR  queue.o
    0x080077ca   0x080077ca   0x0000003e   Code   RO         4102    i.xQueueGiveMutexRecursive  queue.o
    0x08007808   0x08007808   0x00000138   Code   RO         4107    i.xQueueReceive     queue.o
    0x08007940   0x08007940   0x00000178   Code   RO         4109    i.xQueueSemaphoreTake  queue.o
    0x08007ab8   0x08007ab8   0x00000040   Code   RO         4110    i.xQueueTakeMutexRecursive  queue.o
    0x08007af8   0x08007af8   0x00000074   Code   RO         4518    i.xTaskCheckForTimeOut  tasks.o
    0x08007b6c   0x08007b6c   0x0000005a   Code   RO         4519    i.xTaskCreate       tasks.o
    0x08007bc6   0x08007bc6   0x00000056   Code   RO         4520    i.xTaskCreateStatic  tasks.o
    0x08007c1c   0x08007c1c   0x0000000c   Code   RO         4523    i.xTaskGetCurrentTaskHandle  tasks.o
    0x08007c28   0x08007c28   0x0000001c   Code   RO         4524    i.xTaskGetSchedulerState  tasks.o
    0x08007c44   0x08007c44   0x0000000c   Code   RO         4525    i.xTaskGetTickCount  tasks.o
    0x08007c50   0x08007c50   0x00000010   Code   RO         4526    i.xTaskGetTickCountFromISR  tasks.o
    0x08007c60   0x08007c60   0x000000c8   Code   RO         4527    i.xTaskIncrementTick  tasks.o
    0x08007d28   0x08007d28   0x00000080   Code   RO         4530    i.xTaskPriorityDisinherit  tasks.o
    0x08007da8   0x08007da8   0x00000078   Code   RO         4531    i.xTaskPriorityInherit  tasks.o
    0x08007e20   0x08007e20   0x00000070   Code   RO         4532    i.xTaskRemoveFromEventList  tasks.o
    0x08007e90   0x08007e90   0x000000c4   Code   RO         4533    i.xTaskResumeAll    tasks.o
    0x08007f54   0x08007f54   0x00000060   Code   RO         4858    i.xTimerCreateTimerTask  timers.o
    0x08007fb4   0x08007fb4   0x00000068   Code   RO         4859    i.xTimerGenericCommand  timers.o
    0x0800801c   0x0800801c   0x0000002c   Code   RO         5871    locale$$code        c_w.l(lc_numeric_c.o)
    0x08008048   0x08008048   0x0000002c   Code   RO         5892    locale$$code        c_w.l(lc_ctype_c.o)
    0x08008074   0x08008074   0x00000004   Code   RO         5789    x$fpl$printf1       fz_ws.l(printf1.o)
    0x08008078   0x08008078   0x00000004   Code   RO         5791    x$fpl$printf2       fz_ws.l(printf2.o)
    0x0800807c   0x0800807c   0x00000000   Code   RO         5883    x$fpl$usenofp       fz_ws.l(usenofp.o)
    0x0800807c   0x0800807c   0x0000007c   Data   RO           39    .constdata          robot_app.o
    0x080080f8   0x080080f8   0x00000048   Data   RO          735    .constdata          freertos.o
    0x08008140   0x08008140   0x00000012   Data   RO         2279    .constdata          stm32f1xx_hal_rcc.o
    0x08008152   0x08008152   0x00000010   Data   RO         3870    .constdata          system_stm32f1xx.o
    0x08008162   0x08008162   0x00000008   Data   RO         3871    .constdata          system_stm32f1xx.o
    0x0800816a   0x0800816a   0x00000002   PAD
    0x0800816c   0x0800816c   0x00000008   Data   RO         5709    .constdata          c_w.l(_printf_wctomb.o)
    0x08008174   0x08008174   0x00000028   Data   RO         5738    .constdata          c_w.l(_printf_hex_int_ll_ptr.o)
    0x0800819c   0x0800819c   0x00000011   Data   RO         5758    .constdata          c_w.l(__printf_flags_ss_wp.o)
    0x080081ad   0x080081ad   0x00000026   Data   RO         5821    .constdata          c_w.l(_printf_fp_hex.o)
    0x080081d3   0x080081d3   0x00000001   PAD
    0x080081d4   0x080081d4   0x00000094   Data   RO         5846    .constdata          c_w.l(bigflt0.o)
    0x08008268   0x08008268   0x00000141   Data   RO           40    .conststring        robot_app.o
    0x080083a9   0x080083a9   0x00000003   PAD
    0x080083ac   0x080083ac   0x00000018   Data   RO          736    .conststring        freertos.o
    0x080083c4   0x080083c4   0x00000020   Data   RO         6018    Region$$Table       anon$$obj.o
    0x080083e4   0x080083e4   0x0000001c   Data   RO         5870    locale$$data        c_w.l(lc_numeric_c.o)
    0x08008400   0x08008400   0x00000110   Data   RO         5891    locale$$data        c_w.l(lc_ctype_c.o)


    Execution Region RW_IRAM1 (Exec base: 0x20000000, Load base: 0x08008510, Size: 0x00003760, Max: 0x00005000, ABSOLUTE)

    Exec Addr    Load Addr    Size         Type   Attr      Idx    E Section Name        Object

    0x20000000   0x08008510   0x00000004   Data   RW           41    .data               robot_app.o
    0x20000004   0x08008514   0x00000010   Data   RW          331    .data               robot_comm.o
    0x20000014   0x08008524   0x00000004   Data   RW          451    .data               robot_encoder.o
    0x20000018   0x08008528   0x00000004   Data   RW          502    .data               robot_motor.o
    0x2000001c   0x0800852c   0x00000010   Data   RW          575    .data               robot_sensors.o
    0x2000002c   0x0800853c   0x00000008   Data   RW          737    .data               freertos.o
    0x20000034   0x08008544   0x0000000c   Data   RW         2116    .data               stm32f1xx_hal.o
    0x20000040   0x08008550   0x00000004   Data   RW         3872    .data               system_stm32f1xx.o
    0x20000044   0x08008554   0x0000003c   Data   RW         4536    .data               tasks.o
    0x20000080   0x08008590   0x00000014   Data   RW         4867    .data               timers.o
    0x20000094   0x080085a4   0x00000004   Data   RW         5092    .data               cmsis_os2.o
    0x20000098   0x080085a8   0x00000020   Data   RW         5538    .data               heap_4.o
    0x200000b8   0x080085c8   0x0000000c   Data   RW         5594    .data               port.o
    0x200000c4        -       0x0000005c   Zero   RW           38    .bss                robot_app.o
    0x20000120        -       0x000000e0   Zero   RW          330    .bss                robot_comm.o
    0x20000200        -       0x00000010   Zero   RW          450    .bss                robot_encoder.o
    0x20000210        -       0x00000018   Zero   RW          574    .bss                robot_sensors.o
    0x20000228        -       0x00000054   Zero   RW          784    .bss                i2c.o
    0x2000027c        -       0x000000d8   Zero   RW          831    .bss                tim.o
    0x20000354        -       0x00000090   Zero   RW          899    .bss                usart.o
    0x200003e4        -       0x00000048   Zero   RW         1046    .bss                stm32f1xx_hal_timebase_tim.o
    0x2000042c        -       0x00000040   Zero   RW         4111    .bss                queue.o
    0x2000046c        -       0x000004c4   Zero   RW         4535    .bss                tasks.o
    0x20000930        -       0x00000118   Zero   RW         4866    .bss                timers.o
    0x20000a48        -       0x000006b8   Zero   RW         5091    .bss                cmsis_os2.o
    0x20001100        -       0x00002000   Zero   RW         5537    .bss                heap_4.o
    0x20003100        -       0x00000060   Zero   RW         5887    .bss                c_w.l(libspace.o)
    0x20003160        -       0x00000200   Zero   RW            2    HEAP                startup_stm32f103xb.o
    0x20003360        -       0x00000400   Zero   RW            1    STACK               startup_stm32f103xb.o


==============================================================================

Image component sizes


      Code (inc. data)   RO Data    RW Data    ZI Data      Debug   Object Name

       670         26          0          4       1720      63003   cmsis_os2.o
         0          0          0          0          0      19512   event_groups.o
        64         18         96          8          0       2156   freertos.o
       224         18          0          0          0        931   gpio.o
       472         24          0         32       8192       4599   heap_4.o
       160         28          0          0         84       1513   i2c.o
       138          0          0          0          0       3234   list.o
       172          6          0          0          0       2324   main.o
       662         70          0         12          0      10381   port.o
      2152         24          0          0         64      22788   queue.o
      2480        704        445          4         92     461053   robot_app.o
       356         76          0         16        224       5813   robot_comm.o
        76         20          0          0          0        930   robot_delay.o
       228         40          0          4         16       2426   robot_encoder.o
       342         38          0          4          0       4048   robot_motor.o
      1180         94          0         16         24       9809   robot_sensors.o
        64         26        236          0       1536        780   startup_stm32f103xb.o
       100         18          0         12          0       5038   stm32f1xx_hal.o
       158         14          0          0          0      28054   stm32f1xx_hal_cortex.o
       222          4          0          0          0       1683   stm32f1xx_hal_dma.o
       516         34          0          0          0       3980   stm32f1xx_hal_gpio.o
      3666         94          0          0          0      17193   stm32f1xx_hal_i2c.o
        72         10          0          0          0        810   stm32f1xx_hal_msp.o
      1316        100         18          0          0       5961   stm32f1xx_hal_rcc.o
      2044         56          0          0          0      17317   stm32f1xx_hal_tim.o
       192         12          0          0          0       3049   stm32f1xx_hal_tim_ex.o
       152         20          0          0         72       1391   stm32f1xx_hal_timebase_tim.o
      1552         10          0          0          0      10055   stm32f1xx_hal_uart.o
        48         18          0          0          0       3627   stm32f1xx_it.o
         0          0          0          0          0        416   stream_buffer.o
         2          0         24          4          0       1031   system_stm32f1xx.o
      2540        210          0         60       1220      29990   tasks.o
       688         64          0          0        216       4128   tim.o
       972         80          0         20        280      31575   timers.o
       328         34          0          0        144       2223   usart.o

    ----------------------------------------------------------------------
     24044       1990        856        196      13884     782821   Object Totals
         0          0         32          0          0          0   (incl. Generated)
        36          0          5          0          0          0   (incl. Padding)

    ----------------------------------------------------------------------

      Code (inc. data)   RO Data    RW Data    ZI Data      Debug   Library Member Name

        60          8          0          0          0         84   __0sscanf.o
         8          0          0          0          0         68   __main.o
       392          4         17          0          0         92   __printf_flags_ss_wp.o
        14          0          0          0          0         68   __printf_wp.o
         0          0          0          0          0          0   __rtentry.o
        12          0          0          0          0          0   __rtentry2.o
         6          0          0          0          0          0   __rtentry4.o
        52          8          0          0          0          0   __scatter.o
        26          0          0          0          0          0   __scatter_copy.o
        28          0          0          0          0          0   __scatter_zi.o
        28          0          0          0          0         68   _chval.o
         6          0          0          0          0          0   _printf_a.o
         6          0          0          0          0          0   _printf_c.o
        44          0          0          0          0        108   _printf_char.o
        48          6          0          0          0         96   _printf_char_common.o
        40          0          0          0          0         68   _printf_charcount.o
         6          0          0          0          0          0   _printf_d.o
       120         16          0          0          0         92   _printf_dec.o
         6          0          0          0          0          0   _printf_e.o
         6          0          0          0          0          0   _printf_f.o
      1054          0          0          0          0        216   _printf_fp_dec.o
       764          8         38          0          0        100   _printf_fp_hex.o
       128         16          0          0          0         84   _printf_fp_infnan.o
         6          0          0          0          0          0   _printf_g.o
       148          4         40          0          0        160   _printf_hex_int_ll_ptr.o
         6          0          0          0          0          0   _printf_i.o
       178          0          0          0          0         88   _printf_intcommon.o
        10          0          0          0          0          0   _printf_l.o
         6          0          0          0          0          0   _printf_lc.o
        10          0          0          0          0          0   _printf_ll.o
         6          0          0          0          0          0   _printf_lld.o
         6          0          0          0          0          0   _printf_lli.o
         6          0          0          0          0          0   _printf_llo.o
         6          0          0          0          0          0   _printf_llu.o
         6          0          0          0          0          0   _printf_llx.o
       124         16          0          0          0         92   _printf_longlong_dec.o
         6          0          0          0          0          0   _printf_ls.o
         6          0          0          0          0          0   _printf_n.o
         6          0          0          0          0          0   _printf_o.o
       112         10          0          0          0        124   _printf_oct_int_ll.o
         6          0          0          0          0          0   _printf_p.o
        78          0          0          0          0        108   _printf_pad.o
         0          0          0          0          0          0   _printf_percent.o
         4          0          0          0          0          0   _printf_percent_end.o
         6          0          0          0          0          0   _printf_s.o
        82          0          0          0          0         80   _printf_str.o
        36          0          0          0          0         84   _printf_truncate.o
         6          0          0          0          0          0   _printf_u.o
        44          0          0          0          0        108   _printf_wchar.o
       188          6          8          0          0         92   _printf_wctomb.o
         6          0          0          0          0          0   _printf_x.o
       884          4          0          0          0        100   _scanf.o
       332          0          0          0          0         96   _scanf_int.o
        64          0          0          0          0         84   _sgetc.o
        16          0          0          0          0         68   _snputc.o
        10          0          0          0          0         68   _sputc.o
        64          0          0          0          0         92   _wcrtomb.o
        16          0          0          0          0         68   aeabi_memset.o
       228          4        148          0          0         96   bigflt0.o
      1936        128          0          0          0        672   btod.o
        18          0          0          0          0         80   exit.o
         6          0          0          0          0        152   heapauxi.o
         0          0          0          0          0          0   indicate_semi.o
        18          0          0          0          0         76   isspace.o
        44         10        272          0          0         76   lc_ctype_c.o
        44         10         28          0          0         76   lc_numeric_c.o
         2          0          0          0          0          0   libinit.o
        30          0          0          0          0          0   libinit2.o
         2          0          0          0          0          0   libshutdown.o
         2          0          0          0          0          0   libshutdown2.o
         8          4          0          0         96         68   libspace.o
       138          0          0          0          0         80   lludiv10.o
        16          4          0          0          0         76   rt_ctype_table.o
         8          4          0          0          0         68   rt_locale_intlibspace.o
        68          0          0          0          0         68   rt_memclr.o
        78          0          0          0          0         80   rt_memclr_w.o
       138          0          0          0          0         68   rt_memcpy_v6.o
       100          0          0          0          0         80   rt_memcpy_w.o
         2          0          0          0          0          0   rtexit.o
        10          0          0          0          0          0   rtexit2.o
        44          8          0          0          0         84   scanf_char.o
       128          0          0          0          0         68   strcmpv7m.o
        12          4          0          0          0         68   sys_exit.o
        74          0          0          0          0         80   sys_stackheap_outer.o
         2          0          0          0          0         68   use_no_semi.o
        52          4          0          0          0         80   vsnprintf.o
         4          0          0          0          0         68   printf1.o
         4          0          0          0          0         68   printf2.o
         0          0          0          0          0          0   usenofp.o
        40          0          0          0          0         68   fpclassify.o

    ----------------------------------------------------------------------
      8612        286        552          0         96       5124   Library Totals
        12          0          1          0          0          0   (incl. Padding)

    ----------------------------------------------------------------------

      Code (inc. data)   RO Data    RW Data    ZI Data      Debug   Library Name

      8552        286        551          0         96       4920   c_w.l
         8          0          0          0          0        136   fz_ws.l
        40          0          0          0          0         68   m_ws.l

    ----------------------------------------------------------------------
      8612        286        552          0         96       5124   Library Totals

    ----------------------------------------------------------------------

==============================================================================


      Code (inc. data)   RO Data    RW Data    ZI Data      Debug   

     32656       2276       1408        196      13980     772185   Grand Totals
     32656       2276       1408        196      13980     772185   ELF Image Totals
     32656       2276       1408        196          0          0   ROM Totals

==============================================================================

    Total RO  Size (Code + RO Data)                34064 (  33.27kB)
    Total RW  Size (RW Data + ZI Data)             14176 (  13.84kB)
    Total ROM Size (Code + RO Data + RW Data)      34260 (  33.46kB)

==============================================================================

